[4pdvGPU Msg(487548:140513121919744:libvgpu.c:871)]: Initializing...
WARNING:torch.distributed.run:
*****************************************
Setting OMP_NUM_THREADS environment variable for each process to be 1 in default, to avoid your system being overloaded, please further tune the variable for optimal performance in your application as needed. 
*****************************************
[4pdvGPU Msg(487637:139934570296064:libvgpu.c:871)]: Initializing...
[4pdvGPU Msg(487635:139667727340288:libvgpu.c:871)]: Initializing...
[4pdvGPU Msg(487634:140579897971456:libvgpu.c:871)]: Initializing...
[4pdvGPU Msg(487636:140473737745152:libvgpu.c:871)]: Initializing...
[4pdvGPU Msg(487634:140579897971456:device.c:248)]: driver version=11040
[4pdvGPU Msg(487634:140579897971456:hook.c:400)]: loaded nvml libraries
[4pdvGPU Msg(487634:140579897971456:hook.c:408)]: initial_virtual_map
[4pdvGPU Msg(487637:139934570296064:device.c:248)]: driver version=11040
[4pdvGPU Msg(487637:139934570296064:hook.c:400)]: loaded nvml libraries
[4pdvGPU Msg(487637:139934570296064:hook.c:408)]: initial_virtual_map
[4pdvGPU Warn(487634:140579897971456:multiprocess_memory_limit.c:545)]: Kick dead proc 480853
[4pdvGPU Warn(487634:140579897971456:multiprocess_memory_limit.c:545)]: Kick dead proc 480850
[4pdvGPU Warn(487634:140579897971456:multiprocess_memory_limit.c:545)]: Kick dead proc 480852
[4pdvGPU Msg(487636:140473737745152:device.c:248)]: driver version=11040
[4pdvGPU Warn(487634:140579897971456:multiprocess_memory_limit.c:545)]: Kick dead proc 480851
[4pdvGPU Msg(487636:140473737745152:hook.c:400)]: loaded nvml libraries
[4pdvGPU Msg(487636:140473737745152:hook.c:408)]: initial_virtual_map
[4pdvGPU Msg(487635:139667727340288:device.c:248)]: driver version=11040
[4pdvGPU Msg(487635:139667727340288:hook.c:400)]: loaded nvml libraries
[4pdvGPU Msg(487635:139667727340288:hook.c:408)]: initial_virtual_map
[4pdvGPU Warn(487634:140579897971456:export_table.c:158)]: Internal function call: 6b initiated=0 exportTable=0x7fdb4d929420
[4pdvGPU Msg(487634:140579897971456:utils.c:189)]: detected virtual_deivces=4:0
[4pdvGPU Warn(487637:139934570296064:export_table.c:158)]: Internal function call: 6b initiated=0 exportTable=0x7f450d0bb420
[4pdvGPU Msg(487637:139934570296064:utils.c:34)]: unified_lock locked, waiting 1 second...
[4pdvGPU Warn(487636:140473737745152:export_table.c:158)]: Internal function call: 6b initiated=0 exportTable=0x7fc295ee1420
[4pdvGPU Msg(487636:140473737745152:utils.c:34)]: unified_lock locked, waiting 1 second...
[4pdvGPU Warn(487635:139667727340288:export_table.c:158)]: Internal function call: 6b initiated=0 exportTable=0x7f06ebf75420
[4pdvGPU Msg(487635:139667727340288:utils.c:34)]: unified_lock locked, waiting 1 second...
[4pdvGPU Msg(487634:140579897971456:utils.c:232)]: current processes num = 0 1
[4pdvGPU Msg(487634:140579897971456:utils.c:159)]: current pids[0]=3432351
[4pdvGPU Warn(487634:140579897971456:utils.c:242)]: hostPid=3432351
[4pdvGPU Warn(487634:140579897971456:utils.c:247)]: Primary Context Size==269484032
[4pdvGPU Warn(487634:140579897971456:context.c:105)]: into cuDevicePrimaryCtxRelease dev=0 ret=0
[4pdvGPU Msg(487634:140579897971456:libvgpu.c:901)]: Initialized
[4pdvGPU Msg(487634:140579897971456:multiprocess_utilization_watcher.c:210)]: set core utilization limit to  25
[4pdvGPU Warn(487634:140579897971456:export_table.c:158)]: Internal function call: 6b initiated=1 exportTable=0x7fdb4d929420
[4pdvGPU Msg(487637:139934570296064:utils.c:189)]: detected virtual_deivces=4:0
[4pdvGPU Msg(487636:140473737745152:utils.c:34)]: unified_lock locked, waiting 1 second...
[4pdvGPU Msg(487635:139667727340288:utils.c:34)]: unified_lock locked, waiting 1 second...
[4pdvGPU Msg(487637:139934570296064:utils.c:232)]: current processes num = 0 1
[4pdvGPU Msg(487637:139934570296064:utils.c:159)]: current pids[0]=3432354
[4pdvGPU Warn(487637:139934570296064:utils.c:242)]: hostPid=3432354
[4pdvGPU Warn(487637:139934570296064:utils.c:247)]: Primary Context Size==269484032
[4pdvGPU Warn(487637:139934570296064:context.c:105)]: into cuDevicePrimaryCtxRelease dev=0 ret=0
[4pdvGPU Msg(487637:139934570296064:libvgpu.c:901)]: Initialized
[4pdvGPU Msg(487637:139934570296064:multiprocess_utilization_watcher.c:210)]: set core utilization limit to  25
[4pdvGPU Warn(487637:139934570296064:export_table.c:158)]: Internal function call: 6b initiated=1 exportTable=0x7f450d0bb420
[4pdvGPU Msg(487636:140473737745152:utils.c:189)]: detected virtual_deivces=4:0
[4pdvGPU Msg(487635:139667727340288:utils.c:34)]: unified_lock locked, waiting 1 second...
[4pdvGPU Msg(487636:140473737745152:utils.c:232)]: current processes num = 0 1
[4pdvGPU Msg(487636:140473737745152:utils.c:159)]: current pids[0]=3432353
[4pdvGPU Warn(487636:140473737745152:utils.c:242)]: hostPid=3432353
[4pdvGPU Warn(487636:140473737745152:utils.c:247)]: Primary Context Size==269484032
[4pdvGPU Warn(487636:140473737745152:context.c:105)]: into cuDevicePrimaryCtxRelease dev=0 ret=0
[4pdvGPU Msg(487636:140473737745152:libvgpu.c:901)]: Initialized
[4pdvGPU Msg(487636:140473737745152:multiprocess_utilization_watcher.c:210)]: set core utilization limit to  25
[4pdvGPU Warn(487636:140473737745152:export_table.c:158)]: Internal function call: 6b initiated=1 exportTable=0x7fc295ee1420
[4pdvGPU Msg(487635:139667727340288:utils.c:189)]: detected virtual_deivces=4:0
[4pdvGPU Msg(487635:139667727340288:utils.c:232)]: current processes num = 0 1
[4pdvGPU Msg(487635:139667727340288:utils.c:159)]: current pids[0]=3432352
[4pdvGPU Warn(487635:139667727340288:utils.c:242)]: hostPid=3432352
[4pdvGPU Warn(487635:139667727340288:utils.c:247)]: Primary Context Size==269484032
[4pdvGPU Warn(487635:139667727340288:context.c:105)]: into cuDevicePrimaryCtxRelease dev=0 ret=0
[4pdvGPU Msg(487635:139667727340288:libvgpu.c:901)]: Initialized
[4pdvGPU Msg(487635:139667727340288:multiprocess_utilization_watcher.c:210)]: set core utilization limit to  25
[4pdvGPU Warn(487635:139667727340288:export_table.c:158)]: Internal function call: 6b initiated=1 exportTable=0x7f06ebf75420
Files already downloaded and verified
Files already downloaded and verified
Files already downloaded and verified
Files already downloaded and verified
ai:487634:487634 [0] NCCL INFO Bootstrap : Using eth0:162.30.2.40<0>
ai:487634:487634 [0] NCCL INFO NET/Plugin : No plugin found (libnccl-net.so), using internal implementation

ai:487634:487634 [0] misc/ibvwrap.cc:63 NCCL WARN Failed to open libibverbs.so[.1]
ai:487634:487634 [0] NCCL INFO NET/Socket : Using [0]eth0:162.30.2.40<0>
ai:487634:487634 [0] NCCL INFO Using network Socket
NCCL version 2.10.3+cuda11.3
ai:487635:487635 [1] NCCL INFO Bootstrap : Using eth0:162.30.2.40<0>
ai:487635:487635 [1] NCCL INFO NET/Plugin : No plugin found (libnccl-net.so), using internal implementation

ai:487635:487635 [1] misc/ibvwrap.cc:63 NCCL WARN Failed to open libibverbs.so[.1]
ai:487635:487635 [1] NCCL INFO NET/Socket : Using [0]eth0:162.30.2.40<0>
ai:487635:487635 [1] NCCL INFO Using network Socket
ai:487637:487637 [3] NCCL INFO Bootstrap : Using eth0:162.30.2.40<0>
ai:487637:487637 [3] NCCL INFO NET/Plugin : No plugin found (libnccl-net.so), using internal implementation

ai:487637:487637 [3] misc/ibvwrap.cc:63 NCCL WARN Failed to open libibverbs.so[.1]
ai:487637:487637 [3] NCCL INFO NET/Socket : Using [0]eth0:162.30.2.40<0>
ai:487637:487637 [3] NCCL INFO Using network Socket
ai:487636:487636 [2] NCCL INFO Bootstrap : Using eth0:162.30.2.40<0>
ai:487636:487636 [2] NCCL INFO NET/Plugin : No plugin found (libnccl-net.so), using internal implementation

ai:487636:487636 [2] misc/ibvwrap.cc:63 NCCL WARN Failed to open libibverbs.so[.1]
ai:487636:487636 [2] NCCL INFO NET/Socket : Using [0]eth0:162.30.2.40<0>
ai:487636:487636 [2] NCCL INFO Using network Socket
ai:487635:487738 [1] NCCL INFO NCCL_P2P_LEVEL set by environment to LOC
ai:487637:487739 [3] NCCL INFO NCCL_P2P_LEVEL set by environment to LOC
ai:487634:487737 [0] NCCL INFO NCCL_P2P_LEVEL set by environment to LOC
ai:487636:487740 [2] NCCL INFO NCCL_P2P_LEVEL set by environment to LOC
ai:487634:487737 [0] NCCL INFO Channel 00/02 :    0   1   2   3
ai:487637:487739 [3] NCCL INFO Trees [0] -1/-1/-1->3->2 [1] -1/-1/-1->3->2
ai:487636:487740 [2] NCCL INFO Trees [0] 3/-1/-1->2->1 [1] 3/-1/-1->2->1
ai:487635:487738 [1] NCCL INFO Trees [0] 2/-1/-1->1->0 [1] 2/-1/-1->1->0
ai:487634:487737 [0] NCCL INFO Channel 01/02 :    0   1   2   3
ai:487637:487739 [3] NCCL INFO Setting affinity for GPU 3 to ffff,f00000ff,fff00000
ai:487636:487740 [2] NCCL INFO Setting affinity for GPU 2 to ffff,f00000ff,fff00000
ai:487635:487738 [1] NCCL INFO Setting affinity for GPU 1 to 0fffff00,000fffff
ai:487634:487737 [0] NCCL INFO Trees [0] 1/-1/-1->0->-1 [1] 1/-1/-1->0->-1
ai:487634:487737 [0] NCCL INFO Setting affinity for GPU 0 to 0fffff00,000fffff
ai:487637:487739 [3] NCCL INFO Channel 00 : 3[b2000] -> 0[1a000] via direct shared memory
ai:487637:487739 [3] NCCL INFO Channel 01 : 3[b2000] -> 0[1a000] via direct shared memory
ai:487636:487740 [2] NCCL INFO Channel 00 : 2[89000] -> 3[b2000] via direct shared memory
ai:487634:487737 [0] NCCL INFO Channel 00 : 0[1a000] -> 1[3e000] via direct shared memory
ai:487636:487740 [2] NCCL INFO Channel 01 : 2[89000] -> 3[b2000] via direct shared memory
ai:487634:487737 [0] NCCL INFO Channel 01 : 0[1a000] -> 1[3e000] via direct shared memory
ai:487637:487739 [3] NCCL INFO Connected all rings
ai:487637:487739 [3] NCCL INFO Channel 00 : 3[b2000] -> 2[89000] via direct shared memory
ai:487637:487739 [3] NCCL INFO Channel 01 : 3[b2000] -> 2[89000] via direct shared memory
ai:487635:487738 [1] NCCL INFO Channel 00 : 1[3e000] -> 2[89000] via direct shared memory
ai:487635:487738 [1] NCCL INFO Channel 01 : 1[3e000] -> 2[89000] via direct shared memory
ai:487634:487737 [0] NCCL INFO Connected all rings
ai:487635:487738 [1] NCCL INFO Connected all rings
ai:487636:487740 [2] NCCL INFO Connected all rings
ai:487635:487738 [1] NCCL INFO Channel 00 : 1[3e000] -> 0[1a000] via direct shared memory
ai:487635:487738 [1] NCCL INFO Channel 01 : 1[3e000] -> 0[1a000] via direct shared memory
ai:487636:487740 [2] NCCL INFO Channel 00 : 2[89000] -> 1[3e000] via direct shared memory
ai:487634:487737 [0] NCCL INFO Connected all trees
ai:487634:487737 [0] NCCL INFO threadThresholds 8/8/64 | 32/8/64 | 8/8/512
ai:487636:487740 [2] NCCL INFO Channel 01 : 2[89000] -> 1[3e000] via direct shared memory
ai:487634:487737 [0] NCCL INFO 2 coll channels, 2 p2p channels, 2 p2p channels per peer
ai:487636:487740 [2] NCCL INFO Connected all trees
ai:487636:487740 [2] NCCL INFO threadThresholds 8/8/64 | 32/8/64 | 8/8/512
ai:487636:487740 [2] NCCL INFO 2 coll channels, 2 p2p channels, 2 p2p channels per peer
ai:487635:487738 [1] NCCL INFO Connected all trees
ai:487635:487738 [1] NCCL INFO threadThresholds 8/8/64 | 32/8/64 | 8/8/512
ai:487635:487738 [1] NCCL INFO 2 coll channels, 2 p2p channels, 2 p2p channels per peer
ai:487637:487739 [3] NCCL INFO Connected all trees
ai:487637:487739 [3] NCCL INFO threadThresholds 8/8/64 | 32/8/64 | 8/8/512
ai:487637:487739 [3] NCCL INFO 2 coll channels, 2 p2p channels, 2 p2p channels per peer
ai:487636:487740 [2] NCCL INFO comm 0x7fc0c8002f70 rank 2 nranks 4 cudaDev 2 busId 89000 - Init COMPLETE
ai:487635:487738 [1] NCCL INFO comm 0x7f0528002f70 rank 1 nranks 4 cudaDev 1 busId 3e000 - Init COMPLETE
ai:487634:487737 [0] NCCL INFO comm 0x7fd988002f70 rank 0 nranks 4 cudaDev 0 busId 1a000 - Init COMPLETE
ai:487635:487635 [1] NCCL INFO Broadcast: opCount 0 sendbuff 0x7f053bfe9600 recvbuff 0x7f053bfe9600 count 5152 datatype 0 op 0 root 0 comm 0x7f0528002f70 [nranks=4] stream 0xc9e1f80
ai:487637:487739 [3] NCCL INFO comm 0x7f4344002f70 rank 3 nranks 4 cudaDev 3 busId b2000 - Init COMPLETE
ai:487636:487636 [2] NCCL INFO Broadcast: opCount 0 sendbuff 0x7fc0dbfe9600 recvbuff 0x7fc0dbfe9600 count 5152 datatype 0 op 0 root 0 comm 0x7fc0c8002f70 [nranks=4] stream 0x6b591b0
ai:487634:487634 [0] NCCL INFO Broadcast: opCount 0 sendbuff 0x7fd997fe9600 recvbuff 0x7fd997fe9600 count 5152 datatype 0 op 0 root 0 comm 0x7fd988002f70 [nranks=4] stream 0xc62dd60
ai:487637:487637 [3] NCCL INFO Broadcast: opCount 0 sendbuff 0x7f43e2fe9600 recvbuff 0x7f43e2fe9600 count 5152 datatype 0 op 0 root 0 comm 0x7f4344002f70 [nranks=4] stream 0xcad1e40
ai:487634:487634 [0] NCCL INFO Launch mode Parallel
ai:487637:487637 [3] NCCL INFO Broadcast: opCount 0 sendbuff 0x7f4334000000 recvbuff 0x7f4334000000 count 112070400 datatype 0 op 0 root 0 comm 0x7f4344002f70 [nranks=4] stream 0xcad1e40
ai:487636:487636 [2] NCCL INFO Broadcast: opCount 0 sendbuff 0x7fc0c0000000 recvbuff 0x7fc0c0000000 count 112070400 datatype 0 op 0 root 0 comm 0x7fc0c8002f70 [nranks=4] stream 0x6b591b0
ai:487635:487635 [1] NCCL INFO Broadcast: opCount 0 sendbuff 0x7f0520000000 recvbuff 0x7f0520000000 count 112070400 datatype 0 op 0 root 0 comm 0x7f0528002f70 [nranks=4] stream 0xc9e1f80
ai:487634:487634 [0] NCCL INFO Broadcast: opCount 0 sendbuff 0x7fd97c000000 recvbuff 0x7fd97c000000 count 112070400 datatype 0 op 0 root 0 comm 0x7fd988002f70 [nranks=4] stream 0xc62dd60
ai:487637:487637 [3] NCCL INFO Broadcast: opCount 0 sendbuff 0x7f43e2fe9600 recvbuff 0x7f43e2fe9600 count 424 datatype 0 op 0 root 0 comm 0x7f4344002f70 [nranks=4] stream 0xcad1e40
ai:487636:487636 [2] NCCL INFO Broadcast: opCount 0 sendbuff 0x7fc0dbfe9600 recvbuff 0x7fc0dbfe9600 count 424 datatype 0 op 0 root 0 comm 0x7fc0c8002f70 [nranks=4] stream 0x6b591b0
ai:487635:487635 [1] NCCL INFO Broadcast: opCount 0 sendbuff 0x7f053bfe9600 recvbuff 0x7f053bfe9600 count 424 datatype 0 op 0 root 0 comm 0x7f0528002f70 [nranks=4] stream 0xc9e1f80
ai:487634:487634 [0] NCCL INFO Broadcast: opCount 0 sendbuff 0x7fd997fe9600 recvbuff 0x7fd997fe9600 count 424 datatype 0 op 0 root 0 comm 0x7fd988002f70 [nranks=4] stream 0xc62dd60
[4pdvGPU Warn(487634:140575865030400:context.c:153)]: into cuCtxGetApiVersion ctx=0x5168cd0
ai:487636:487636 [2] NCCL INFO Broadcast: opCount 0 sendbuff 0x7fc0d9980000 recvbuff 0x7fc0d9980000 count 212480 datatype 0 op 0 root 0 comm 0x7fc0c8002f70 [nranks=4] stream 0x6b591b0
ai:487636:487636 [2] NCCL INFO Broadcast: opCount 0 sendbuff 0x7fc0dbfe9600 recvbuff 0x7fc0dbfe9600 count 424 datatype 0 op 0 root 0 comm 0x7fc0c8002f70 [nranks=4] stream 0x6b591b0
ai:487637:487637 [3] NCCL INFO Broadcast: opCount 0 sendbuff 0x7f43e4980000 recvbuff 0x7f43e4980000 count 212480 datatype 0 op 0 root 0 comm 0x7f4344002f70 [nranks=4] stream 0xcad1e40
ai:487637:487637 [3] NCCL INFO Broadcast: opCount 0 sendbuff 0x7f43e2fe9600 recvbuff 0x7f43e2fe9600 count 424 datatype 0 op 0 root 0 comm 0x7f4344002f70 [nranks=4] stream 0xcad1e40
ai:487636:487636 [2] NCCL INFO AllGather: opCount 0 sendbuff 0x7fc0dbfeea00 recvbuff 0x7fc0dbfeee00 count 516 datatype 0 op 0 root 0 comm 0x7fc0c8002f70 [nranks=4] stream 0x6b591b0
ai:487636:487636 [2] NCCL INFO AllGather: opCount 0 sendbuff 0x7fc0dbff2000 recvbuff 0x7fc0dbff2400 count 516 datatype 0 op 0 root 0 comm 0x7fc0c8002f70 [nranks=4] stream 0x6b591b0
ai:487636:487636 [2] NCCL INFO AllGather: opCount 0 sendbuff 0x7fc0dbff3600 recvbuff 0x7fc0dbff3a00 count 516 datatype 0 op 0 root 0 comm 0x7fc0c8002f70 [nranks=4] stream 0x6b591b0
ai:487636:487636 [2] NCCL INFO AllGather: opCount 0 sendbuff 0x7fc0dbffd000 recvbuff 0x7fc0dbffda00 count 2052 datatype 0 op 0 root 0 comm 0x7fc0c8002f70 [nranks=4] stream 0x6b591b0
ai:487636:487636 [2] NCCL INFO AllGather: opCount 0 sendbuff 0x7fc0d15da800 recvbuff 0x7fc0d15db200 count 2052 datatype 0 op 0 root 0 comm 0x7fc0c8002f70 [nranks=4] stream 0x6b591b0
ai:487636:487636 [2] NCCL INFO AllGather: opCount 0 sendbuff 0x7fc0d15e5c00 recvbuff 0x7fc0d15e6000 count 516 datatype 0 op 0 root 0 comm 0x7fc0c8002f70 [nranks=4] stream 0x6b591b0
ai:487636:487636 [2] NCCL INFO AllGather: opCount 0 sendbuff 0x7fc0d15f9200 recvbuff 0x7fc0d15f9600 count 516 datatype 0 op 0 root 0 comm 0x7fc0c8002f70 [nranks=4] stream 0x6b591b0
ai:487636:487636 [2] NCCL INFO AllGather: opCount 0 sendbuff 0x7fc0d15fac00 recvbuff 0x7fc0d15fb600 count 2052 datatype 0 op 0 root 0 comm 0x7fc0c8002f70 [nranks=4] stream 0x6b591b0
ai:487636:487636 [2] NCCL INFO AllGather: opCount 0 sendbuff 0x7fc0d15fe000 recvbuff 0x7fc0d15fe400 count 516 datatype 0 op 0 root 0 comm 0x7fc0c8002f70 [nranks=4] stream 0x6b591b0
ai:487636:487636 [2] NCCL INFO AllGather: opCount 0 sendbuff 0x7fc0d15ff600 recvbuff 0x7fc0d99d5e00 count 516 datatype 0 op 0 root 0 comm 0x7fc0c8002f70 [nranks=4] stream 0x6b591b0
ai:487636:487636 [2] NCCL INFO AllGather: opCount 0 sendbuff 0x7fc0d99dee00 recvbuff 0x7fc0d99df800 count 2052 datatype 0 op 0 root 0 comm 0x7fc0c8002f70 [nranks=4] stream 0x6b591b0
ai:487636:487636 [2] NCCL INFO AllGather: opCount 0 sendbuff 0x7fc0d99f2200 recvbuff 0x7fc0d99f2800 count 1028 datatype 0 op 0 root 0 comm 0x7fc0c8002f70 [nranks=4] stream 0x6b591b0
ai:487636:487636 [2] NCCL INFO AllGather: opCount 0 sendbuff 0x7fc0d99f4200 recvbuff 0x7fc0d99f4800 count 1028 datatype 0 op 0 root 0 comm 0x7fc0c8002f70 [nranks=4] stream 0x6b591b0
ai:487636:487636 [2] NCCL INFO AllGather: opCount 0 sendbuff 0x7fc0d99f6e00 recvbuff 0x7fc0d99f8000 count 4100 datatype 0 op 0 root 0 comm 0x7fc0c8002f70 [nranks=4] stream 0x6b591b0
ai:487636:487636 [2] NCCL INFO AllGather: opCount 0 sendbuff 0x7fc0d99fda00 recvbuff 0x7fc06bbe8000 count 4100 datatype 0 op 0 root 0 comm 0x7fc0c8002f70 [nranks=4] stream 0x6b591b0
ai:487636:487636 [2] NCCL INFO AllGather: opCount 0 sendbuff 0x7fc0d99fd400 recvbuff 0x7fc06bbec200 count 1028 datatype 0 op 0 root 0 comm 0x7fc0c8002f70 [nranks=4] stream 0x6b591b0
ai:487636:487636 [2] NCCL INFO AllGather: opCount 0 sendbuff 0x7fc06bbed400 recvbuff 0x7fc06bbeda00 count 1028 datatype 0 op 0 root 0 comm 0x7fc0c8002f70 [nranks=4] stream 0x6b591b0
ai:487636:487636 [2] NCCL INFO AllGather: opCount 0 sendbuff 0x7fc06bbefe00 recvbuff 0x7fc06bbf1000 count 4100 datatype 0 op 0 root 0 comm 0x7fc0c8002f70 [nranks=4] stream 0x6b591b0
ai:487636:487636 [2] NCCL INFO AllGather: opCount 0 sendbuff 0x7fc06bbef600 recvbuff 0x7fc06bbf6200 count 1028 datatype 0 op 0 root 0 comm 0x7fc0c8002f70 [nranks=4] stream 0x6b591b0
ai:487637:487637 [3] NCCL INFO AllGather: opCount 0 sendbuff 0x7f43e2feea00 recvbuff 0x7f43e2feee00 count 516 datatype 0 op 0 root 0 comm 0x7f4344002f70 [nranks=4] stream 0xcad1e40
ai:487636:487636 [2] NCCL INFO AllGather: opCount 0 sendbuff 0x7fc06bbf7a00 recvbuff 0x7fc06bbf8000 count 1028 datatype 0 op 0 root 0 comm 0x7fc0c8002f70 [nranks=4] stream 0x6b591b0
ai:487637:487637 [3] NCCL INFO AllGather: opCount 0 sendbuff 0x7f43e2ff2000 recvbuff 0x7f43e2ff2400 count 516 datatype 0 op 0 root 0 comm 0x7f4344002f70 [nranks=4] stream 0xcad1e40
ai:487636:487636 [2] NCCL INFO AllGather: opCount 0 sendbuff 0x7fc06bbfa600 recvbuff 0x7fc06bbfb800 count 4100 datatype 0 op 0 root 0 comm 0x7fc0c8002f70 [nranks=4] stream 0x6b591b0
ai:487637:487637 [3] NCCL INFO AllGather: opCount 0 sendbuff 0x7f43e2ff3600 recvbuff 0x7f43e2ff3a00 count 516 datatype 0 op 0 root 0 comm 0x7f4344002f70 [nranks=4] stream 0xcad1e40
ai:487636:487636 [2] NCCL INFO AllGather: opCount 0 sendbuff 0x7fc06bbf9800 recvbuff 0x7fc0697e9000 count 1028 datatype 0 op 0 root 0 comm 0x7fc0c8002f70 [nranks=4] stream 0x6b591b0
ai:487636:487636 [2] NCCL INFO AllGather: opCount 0 sendbuff 0x7fc0697ea200 recvbuff 0x7fc0697ea800 count 1028 datatype 0 op 0 root 0 comm 0x7fc0c8002f70 [nranks=4] stream 0x6b591b0
ai:487637:487637 [3] NCCL INFO AllGather: opCount 0 sendbuff 0x7f43e2ffd000 recvbuff 0x7f43e2ffda00 count 2052 datatype 0 op 0 root 0 comm 0x7f4344002f70 [nranks=4] stream 0xcad1e40
ai:487636:487636 [2] NCCL INFO AllGather: opCount 0 sendbuff 0x7fc0697ece00 recvbuff 0x7fc0697ee000 count 4100 datatype 0 op 0 root 0 comm 0x7fc0c8002f70 [nranks=4] stream 0x6b591b0
ai:487637:487637 [3] NCCL INFO AllGather: opCount 0 sendbuff 0x7f434b5da800 recvbuff 0x7f434b5db200 count 2052 datatype 0 op 0 root 0 comm 0x7f4344002f70 [nranks=4] stream 0xcad1e40
ai:487636:487636 [2] NCCL INFO AllGather: opCount 0 sendbuff 0x7fc0697f3200 recvbuff 0x7fc0697f3c00 count 2052 datatype 0 op 0 root 0 comm 0x7fc0c8002f70 [nranks=4] stream 0x6b591b0
ai:487637:487637 [3] NCCL INFO AllGather: opCount 0 sendbuff 0x7f434b5e5c00 recvbuff 0x7f434b5e6000 count 516 datatype 0 op 0 root 0 comm 0x7f4344002f70 [nranks=4] stream 0xcad1e40
ai:487636:487636 [2] NCCL INFO AllGather: opCount 0 sendbuff 0x7fc0697f6600 recvbuff 0x7fc0697f7000 count 2052 datatype 0 op 0 root 0 comm 0x7fc0c8002f70 [nranks=4] stream 0x6b591b0
ai:487637:487637 [3] NCCL INFO AllGather: opCount 0 sendbuff 0x7f434b5f9200 recvbuff 0x7f434b5f9600 count 516 datatype 0 op 0 root 0 comm 0x7f4344002f70 [nranks=4] stream 0xcad1e40
ai:487636:487636 [2] NCCL INFO AllGather: opCount 0 sendbuff 0x7fc0697fba00 recvbuff 0x7fc0699e8000 count 8196 datatype 0 op 0 root 0 comm 0x7fc0c8002f70 [nranks=4] stream 0x6b591b0
ai:487637:487637 [3] NCCL INFO AllGather: opCount 0 sendbuff 0x7f434b5fac00 recvbuff 0x7f434b5fb600 count 2052 datatype 0 op 0 root 0 comm 0x7f4344002f70 [nranks=4] stream 0xcad1e40
ai:487637:487637 [3] NCCL INFO AllGather: opCount 0 sendbuff 0x7f434b5fe000 recvbuff 0x7f434b5fe400 count 516 datatype 0 op 0 root 0 comm 0x7f4344002f70 [nranks=4] stream 0xcad1e40
ai:487636:487636 [2] NCCL INFO AllGather: opCount 0 sendbuff 0x7fc0699f0200 recvbuff 0x7fc0699f2400 count 8196 datatype 0 op 0 root 0 comm 0x7fc0c8002f70 [nranks=4] stream 0x6b591b0
ai:487637:487637 [3] NCCL INFO AllGather: opCount 0 sendbuff 0x7f434b5ff600 recvbuff 0x7f43e49d5e00 count 516 datatype 0 op 0 root 0 comm 0x7f4344002f70 [nranks=4] stream 0xcad1e40
ai:487636:487636 [2] NCCL INFO AllGather: opCount 0 sendbuff 0x7fc0697fa200 recvbuff 0x7fc0699fc600 count 2052 datatype 0 op 0 root 0 comm 0x7fc0c8002f70 [nranks=4] stream 0x6b591b0
ai:487636:487636 [2] NCCL INFO AllGather: opCount 0 sendbuff 0x7fc0699fe800 recvbuff 0x7fc06bde8000 count 2052 datatype 0 op 0 root 0 comm 0x7fc0c8002f70 [nranks=4] stream 0x6b591b0
ai:487636:487636 [2] NCCL INFO AllGather: opCount 0 sendbuff 0x7fc06bdec200 recvbuff 0x7fc06bdee400 count 8196 datatype 0 op 0 root 0 comm 0x7fc0c8002f70 [nranks=4] stream 0x6b591b0
ai:487637:487637 [3] NCCL INFO AllGather: opCount 0 sendbuff 0x7f43e49dee00 recvbuff 0x7f43e49df800 count 2052 datatype 0 op 0 root 0 comm 0x7f4344002f70 [nranks=4] stream 0xcad1e40
ai:487637:487637 [3] NCCL INFO AllGather: opCount 0 sendbuff 0x7f43e49f2200 recvbuff 0x7f43e49f2800 count 1028 datatype 0 op 0 root 0 comm 0x7f4344002f70 [nranks=4] stream 0xcad1e40
ai:487636:487636 [2] NCCL INFO AllGather: opCount 0 sendbuff 0x7fc06bdea200 recvbuff 0x7fc06bdf8600 count 2052 datatype 0 op 0 root 0 comm 0x7fc0c8002f70 [nranks=4] stream 0x6b591b0
ai:487636:487636 [2] NCCL INFO AllGather: opCount 0 sendbuff 0x7fc06bdeb800 recvbuff 0x7fc06bdfa800 count 2052 datatype 0 op 0 root 0 comm 0x7fc0c8002f70 [nranks=4] stream 0x6b591b0
ai:487634:487634 [0] NCCL INFO Broadcast: opCount 0 sendbuff 0x7fd995980000 recvbuff 0x7fd995980000 count 212480 datatype 0 op 0 root 0 comm 0x7fd988002f70 [nranks=4] stream 0xc62dd60
ai:487634:487634 [0] NCCL INFO Broadcast: opCount 0 sendbuff 0x7fd997fe9600 recvbuff 0x7fd997fe9600 count 424 datatype 0 op 0 root 0 comm 0x7fd988002f70 [nranks=4] stream 0xc62dd60
ai:487637:487637 [3] NCCL INFO AllGather: opCount 0 sendbuff 0x7f43e49f4200 recvbuff 0x7f43e49f4800 count 1028 datatype 0 op 0 root 0 comm 0x7f4344002f70 [nranks=4] stream 0xcad1e40
ai:487636:487636 [2] NCCL INFO AllGather: opCount 0 sendbuff 0x7fc073be0000 recvbuff 0x7fc073be2200 count 8196 datatype 0 op 0 root 0 comm 0x7fc0c8002f70 [nranks=4] stream 0x6b591b0
ai:487636:487636 [2] NCCL INFO AllGather: opCount 0 sendbuff 0x7fc06bdfda00 recvbuff 0x7fc073bec400 count 2052 datatype 0 op 0 root 0 comm 0x7fc0c8002f70 [nranks=4] stream 0x6b591b0
ai:487637:487637 [3] NCCL INFO AllGather: opCount 0 sendbuff 0x7f43e49f6e00 recvbuff 0x7f43e49f8000 count 4100 datatype 0 op 0 root 0 comm 0x7f4344002f70 [nranks=4] stream 0xcad1e40
ai:487636:487636 [2] NCCL INFO AllGather: opCount 0 sendbuff 0x7fc06bdff000 recvbuff 0x7fc073bee600 count 2052 datatype 0 op 0 root 0 comm 0x7fc0c8002f70 [nranks=4] stream 0x6b591b0
ai:487637:487637 [3] NCCL INFO AllGather: opCount 0 sendbuff 0x7f43e49fda00 recvbuff 0x7f42e25e8000 count 4100 datatype 0 op 0 root 0 comm 0x7f4344002f70 [nranks=4] stream 0xcad1e40
ai:487636:487636 [2] NCCL INFO AllGather: opCount 0 sendbuff 0x7fc073bf2c00 recvbuff 0x7fc073bf4e00 count 8196 datatype 0 op 0 root 0 comm 0x7fc0c8002f70 [nranks=4] stream 0x6b591b0
ai:487637:487637 [3] NCCL INFO AllGather: opCount 0 sendbuff 0x7f43e49fd400 recvbuff 0x7f42e25ec200 count 1028 datatype 0 op 0 root 0 comm 0x7f4344002f70 [nranks=4] stream 0xcad1e40
ai:487636:487636 [2] NCCL INFO AllGather: opCount 0 sendbuff 0x7fc073bff600 recvbuff 0x7fc064ec0000 count 2052 datatype 0 op 0 root 0 comm 0x7fc0c8002f70 [nranks=4] stream 0x6b591b0
ai:487637:487637 [3] NCCL INFO AllGather: opCount 0 sendbuff 0x7f42e25ed400 recvbuff 0x7f42e25eda00 count 1028 datatype 0 op 0 root 0 comm 0x7f4344002f70 [nranks=4] stream 0xcad1e40
ai:487637:487637 [3] NCCL INFO AllGather: opCount 0 sendbuff 0x7f42e25efe00 recvbuff 0x7f42e25f1000 count 4100 datatype 0 op 0 root 0 comm 0x7f4344002f70 [nranks=4] stream 0xcad1e40
ai:487637:487637 [3] NCCL INFO AllGather: opCount 0 sendbuff 0x7f42e25ef600 recvbuff 0x7f42e25f6200 count 1028 datatype 0 op 0 root 0 comm 0x7f4344002f70 [nranks=4] stream 0xcad1e40
ai:487636:487636 [2] NCCL INFO AllGather: opCount 0 sendbuff 0x7fc073bf1800 recvbuff 0x7fc064f42200 count 2052 datatype 0 op 0 root 0 comm 0x7fc0c8002f70 [nranks=4] stream 0x6b591b0
ai:487637:487637 [3] NCCL INFO AllGather: opCount 0 sendbuff 0x7f42e25f7a00 recvbuff 0x7f42e25f8000 count 1028 datatype 0 op 0 root 0 comm 0x7f4344002f70 [nranks=4] stream 0xcad1e40
ai:487636:487636 [2] NCCL INFO AllGather: opCount 0 sendbuff 0x7fc064f86400 recvbuff 0x7fc064f88600 count 8196 datatype 0 op 0 root 0 comm 0x7fc0c8002f70 [nranks=4] stream 0x6b591b0
ai:487637:487637 [3] NCCL INFO AllGather: opCount 0 sendbuff 0x7f42e25fa600 recvbuff 0x7f42e25fb800 count 4100 datatype 0 op 0 root 0 comm 0x7f4344002f70 [nranks=4] stream 0xcad1e40
ai:487636:487636 [2] NCCL INFO AllGather: opCount 0 sendbuff 0x7fc064f84a00 recvbuff 0x7fc064fd2800 count 2052 datatype 0 op 0 root 0 comm 0x7fc0c8002f70 [nranks=4] stream 0x6b591b0
ai:487636:487636 [2] NCCL INFO AllGather: opCount 0 sendbuff 0x7fc064fd4a00 recvbuff 0x7fc064fd5400 count 2052 datatype 0 op 0 root 0 comm 0x7fc0c8002f70 [nranks=4] stream 0x6b591b0
ai:487637:487637 [3] NCCL INFO AllGather: opCount 0 sendbuff 0x7f42e25f9800 recvbuff 0x7f42e11e9000 count 1028 datatype 0 op 0 root 0 comm 0x7f4344002f70 [nranks=4] stream 0xcad1e40
ai:487637:487637 [3] NCCL INFO AllGather: opCount 0 sendbuff 0x7f42e11ea200 recvbuff 0x7f42e11ea800 count 1028 datatype 0 op 0 root 0 comm 0x7f4344002f70 [nranks=4] stream 0xcad1e40
ai:487636:487636 [2] NCCL INFO AllGather: opCount 0 sendbuff 0x7fc064fd9a00 recvbuff 0x7fc064fdbc00 count 8196 datatype 0 op 0 root 0 comm 0x7fc0c8002f70 [nranks=4] stream 0x6b591b0
ai:487637:487637 [3] NCCL INFO AllGather: opCount 0 sendbuff 0x7f42e11ece00 recvbuff 0x7f42e11ee000 count 4100 datatype 0 op 0 root 0 comm 0x7f4344002f70 [nranks=4] stream 0xcad1e40
ai:487637:487637 [3] NCCL INFO AllGather: opCount 0 sendbuff 0x7f42e11f3200 recvbuff 0x7f42e11f3c00 count 2052 datatype 0 op 0 root 0 comm 0x7f4344002f70 [nranks=4] stream 0xcad1e40
ai:487636:487636 [2] NCCL INFO AllGather: opCount 0 sendbuff 0x7fc064fe5e00 recvbuff 0x7fc064fe7000 count 4100 datatype 0 op 0 root 0 comm 0x7fc0c8002f70 [nranks=4] stream 0x6b591b0
ai:487634:487634 [0] NCCL INFO AllGather: opCount 0 sendbuff 0x7fd997fee800 recvbuff 0x7fd997feec00 count 516 datatype 0 op 0 root 0 comm 0x7fd988002f70 [nranks=4] stream 0xc62dd60
ai:487636:487636 [2] NCCL INFO AllGather: opCount 0 sendbuff 0x7fc064feba00 recvbuff 0x7fc064fecc00 count 4100 datatype 0 op 0 root 0 comm 0x7fc0c8002f70 [nranks=4] stream 0x6b591b0
ai:487637:487637 [3] NCCL INFO AllGather: opCount 0 sendbuff 0x7f42e11f6600 recvbuff 0x7f42e11f7000 count 2052 datatype 0 op 0 root 0 comm 0x7f4344002f70 [nranks=4] stream 0xcad1e40
ai:487636:487636 [2] NCCL INFO AllGather: opCount 0 sendbuff 0x7fc064ff5e00 recvbuff 0x7fc060100000 count 16388 datatype 0 op 0 root 0 comm 0x7fc0c8002f70 [nranks=4] stream 0x6b591b0
ai:487634:487634 [0] NCCL INFO AllGather: opCount 0 sendbuff 0x7fd997ff1e00 recvbuff 0x7fd997ff2200 count 516 datatype 0 op 0 root 0 comm 0x7fd988002f70 [nranks=4] stream 0xc62dd60
ai:487636:487636 [2] NCCL INFO AllGather: opCount 0 sendbuff 0x7fc060190200 recvbuff 0x7fc060194400 count 16388 datatype 0 op 0 root 0 comm 0x7fc0c8002f70 [nranks=4] stream 0x6b591b0
ai:487636:487636 [2] NCCL INFO AllGather: opCount 0 sendbuff 0x7fc064ff2600 recvbuff 0x7fc0601c6600 count 4100 datatype 0 op 0 root 0 comm 0x7fc0c8002f70 [nranks=4] stream 0x6b591b0
ai:487634:487634 [0] NCCL INFO AllGather: opCount 0 sendbuff 0x7fd997ff3400 recvbuff 0x7fd997ff3800 count 516 datatype 0 op 0 root 0 comm 0x7fd988002f70 [nranks=4] stream 0xc62dd60
ai:487637:487637 [3] NCCL INFO AllGather: opCount 0 sendbuff 0x7f42e11fba00 recvbuff 0x7f42de1e8000 count 8196 datatype 0 op 0 root 0 comm 0x7f4344002f70 [nranks=4] stream 0xcad1e40
ai:487636:487636 [2] NCCL INFO AllGather: opCount 0 sendbuff 0x7fc0601ea800 recvbuff 0x7fc0601eba00 count 4100 datatype 0 op 0 root 0 comm 0x7fc0c8002f70 [nranks=4] stream 0x6b591b0
ai:487634:487634 [0] NCCL INFO AllGather: opCount 0 sendbuff 0x7fd997ffce00 recvbuff 0x7fd997ffd800 count 2052 datatype 0 op 0 root 0 comm 0x7fd988002f70 [nranks=4] stream 0xc62dd60
ai:487635:487635 [1] NCCL INFO Broadcast: opCount 0 sendbuff 0x7f0539980000 recvbuff 0x7f0539980000 count 212480 datatype 0 op 0 root 0 comm 0x7f0528002f70 [nranks=4] stream 0xc9e1f80
ai:487635:487635 [1] NCCL INFO Broadcast: opCount 0 sendbuff 0x7f053bfe9600 recvbuff 0x7f053bfe9600 count 424 datatype 0 op 0 root 0 comm 0x7f0528002f70 [nranks=4] stream 0xc9e1f80
ai:487637:487637 [3] NCCL INFO AllGather: opCount 0 sendbuff 0x7f42de1f0200 recvbuff 0x7f42de1f2400 count 8196 datatype 0 op 0 root 0 comm 0x7f4344002f70 [nranks=4] stream 0xcad1e40
ai:487636:487636 [2] NCCL INFO AllGather: opCount 0 sendbuff 0x7fc0601f3c00 recvbuff 0x7fc060740000 count 16388 datatype 0 op 0 root 0 comm 0x7fc0c8002f70 [nranks=4] stream 0x6b591b0
ai:487634:487634 [0] NCCL INFO AllGather: opCount 0 sendbuff 0x7fd98d5da600 recvbuff 0x7fd98d5db000 count 2052 datatype 0 op 0 root 0 comm 0x7fd988002f70 [nranks=4] stream 0xc62dd60
ai:487636:487636 [2] NCCL INFO AllGather: opCount 0 sendbuff 0x7fc0601f0400 recvbuff 0x7fc0601fbe00 count 4100 datatype 0 op 0 root 0 comm 0x7fc0c8002f70 [nranks=4] stream 0x6b591b0
ai:487637:487637 [3] NCCL INFO AllGather: opCount 0 sendbuff 0x7f42e11fa000 recvbuff 0x7f42de1fc600 count 2052 datatype 0 op 0 root 0 comm 0x7f4344002f70 [nranks=4] stream 0xcad1e40
ai:487637:487637 [3] NCCL INFO AllGather: opCount 0 sendbuff 0x7f42de1fe800 recvbuff 0x7f42e1be8000 count 2052 datatype 0 op 0 root 0 comm 0x7f4344002f70 [nranks=4] stream 0xcad1e40
ai:487636:487636 [2] NCCL INFO AllGather: opCount 0 sendbuff 0x7fc0601f2600 recvbuff 0x7fc0607f0200 count 4100 datatype 0 op 0 root 0 comm 0x7fc0c8002f70 [nranks=4] stream 0x6b591b0
ai:487634:487634 [0] NCCL INFO AllGather: opCount 0 sendbuff 0x7fd98d5e5a00 recvbuff 0x7fd98d5e5e00 count 516 datatype 0 op 0 root 0 comm 0x7fd988002f70 [nranks=4] stream 0xc62dd60
ai:487636:487636 [2] NCCL INFO AllGather: opCount 0 sendbuff 0x7fc0607f9400 recvbuff 0x7fc0d99a0000 count 16388 datatype 0 op 0 root 0 comm 0x7fc0c8002f70 [nranks=4] stream 0x6b591b0
ai:487634:487634 [0] NCCL INFO AllGather: opCount 0 sendbuff 0x7fd98d5f9000 recvbuff 0x7fd98d5f9400 count 516 datatype 0 op 0 root 0 comm 0x7fd988002f70 [nranks=4] stream 0xc62dd60
ai:487637:487637 [3] NCCL INFO AllGather: opCount 0 sendbuff 0x7f42e1bec200 recvbuff 0x7f42e1bee400 count 8196 datatype 0 op 0 root 0 comm 0x7f4344002f70 [nranks=4] stream 0xcad1e40
ai:487634:487634 [0] NCCL INFO AllGather: opCount 0 sendbuff 0x7fd98d5faa00 recvbuff 0x7fd98d5fb400 count 2052 datatype 0 op 0 root 0 comm 0x7fd988002f70 [nranks=4] stream 0xc62dd60
ai:487636:487636 [2] NCCL INFO AllGather: opCount 0 sendbuff 0x7fc0607ff600 recvbuff 0x7fc064fd7c00 count 516 datatype 0 op 0 root 0 comm 0x7fc0c8002f70 [nranks=4] stream 0x6b591b0
ai:487637:487637 [3] NCCL INFO AllGather: opCount 0 sendbuff 0x7f42e1bea200 recvbuff 0x7f42e1bf8600 count 2052 datatype 0 op 0 root 0 comm 0x7f4344002f70 [nranks=4] stream 0xcad1e40
ai:487634:487634 [0] NCCL INFO AllGather: opCount 0 sendbuff 0x7fd98d5fde00 recvbuff 0x7fd98d5fe200 count 516 datatype 0 op 0 root 0 comm 0x7fd988002f70 [nranks=4] stream 0xc62dd60
ai:487637:487637 [3] NCCL INFO AllGather: opCount 0 sendbuff 0x7f42e1beb600 recvbuff 0x7f42e1bfa800 count 2052 datatype 0 op 0 root 0 comm 0x7f4344002f70 [nranks=4] stream 0xcad1e40
ai:487636:487636 [2] NCCL INFO AllGather: opCount 0 sendbuff 0x7fc0d99b2200 recvbuff 0x7fc0d99b2600 count 516 datatype 0 op 0 root 0 comm 0x7fc0c8002f70 [nranks=4] stream 0x6b591b0
ai:487634:487634 [0] NCCL INFO AllGather: opCount 0 sendbuff 0x7fd98d5ff400 recvbuff 0x7fd9959a2000 count 516 datatype 0 op 0 root 0 comm 0x7fd988002f70 [nranks=4] stream 0xc62dd60
ai:487636:487636 [2] NCCL INFO AllGather: opCount 0 sendbuff 0x7fc0d99b3600 recvbuff 0x7fc0607f5400 count 516 datatype 0 op 0 root 0 comm 0x7fc0c8002f70 [nranks=4] stream 0x6b591b0
ai:487637:487637 [3] NCCL INFO AllGather: opCount 0 sendbuff 0x7f42de7e0000 recvbuff 0x7f42de7e2200 count 8196 datatype 0 op 0 root 0 comm 0x7f4344002f70 [nranks=4] stream 0xcad1e40
ai:487636:487636 [2] NCCL INFO AllGather: opCount 0 sendbuff 0x7fc0607f6600 recvbuff 0x7fc0607f7000 count 2052 datatype 0 op 0 root 0 comm 0x7fc0c8002f70 [nranks=4] stream 0x6b591b0
ai:487634:487634 [0] NCCL INFO AllGather: opCount 0 sendbuff 0x7fd9959aae00 recvbuff 0x7fd9959ab800 count 2052 datatype 0 op 0 root 0 comm 0x7fd988002f70 [nranks=4] stream 0xc62dd60
ai:487637:487637 [3] NCCL INFO AllGather: opCount 0 sendbuff 0x7f42e1bfd800 recvbuff 0x7f42de7ec400 count 2052 datatype 0 op 0 root 0 comm 0x7f4344002f70 [nranks=4] stream 0xcad1e40
ai:487636:487636 [2] NCCL INFO AllGather: opCount 0 sendbuff 0x7fc061dc0800 recvbuff 0x7fc061dc1200 count 2052 datatype 0 op 0 root 0 comm 0x7fc0c8002f70 [nranks=4] stream 0x6b591b0
ai:487637:487637 [3] NCCL INFO AllGather: opCount 0 sendbuff 0x7f42e1bfee00 recvbuff 0x7f42de7ee600 count 2052 datatype 0 op 0 root 0 comm 0x7f4344002f70 [nranks=4] stream 0xcad1e40
ai:487636:487636 [2] NCCL INFO AllGather: opCount 0 sendbuff 0x7fc0607f6000 recvbuff 0x7fc061dc3c00 count 516 datatype 0 op 0 root 0 comm 0x7fc0c8002f70 [nranks=4] stream 0x6b591b0
ai:487634:487634 [0] NCCL INFO AllGather: opCount 0 sendbuff 0x7fd9959be200 recvbuff 0x7fd9959be800 count 1028 datatype 0 op 0 root 0 comm 0x7fd988002f70 [nranks=4] stream 0xc62dd60
ai:487637:487637 [3] NCCL INFO AllGather: opCount 0 sendbuff 0x7f42de7f2800 recvbuff 0x7f42de7f4a00 count 8196 datatype 0 op 0 root 0 comm 0x7f4344002f70 [nranks=4] stream 0xcad1e40
ai:487636:487636 [2] NCCL INFO AllGather: opCount 0 sendbuff 0x7fc061dc4c00 recvbuff 0x7fc061dc5000 count 516 datatype 0 op 0 root 0 comm 0x7fc0c8002f70 [nranks=4] stream 0x6b591b0
ai:487637:487637 [3] NCCL INFO AllGather: opCount 0 sendbuff 0x7f42de7ff400 recvbuff 0x7f43e4980000 count 2052 datatype 0 op 0 root 0 comm 0x7f4344002f70 [nranks=4] stream 0xcad1e40
ai:487636:487636 [2] NCCL INFO AllGather: opCount 0 sendbuff 0x7fc061dc6600 recvbuff 0x7fc061dc7000 count 2052 datatype 0 op 0 root 0 comm 0x7fc0c8002f70 [nranks=4] stream 0x6b591b0
ai:487634:487634 [0] NCCL INFO AllGather: opCount 0 sendbuff 0x7fd925bc8400 recvbuff 0x7fd925bc8a00 count 1028 datatype 0 op 0 root 0 comm 0x7fd988002f70 [nranks=4] stream 0xc62dd60
ai:487637:487637 [3] NCCL INFO AllGather: opCount 0 sendbuff 0x7f42de7f1200 recvbuff 0x7f43e4982200 count 2052 datatype 0 op 0 root 0 comm 0x7f4344002f70 [nranks=4] stream 0xcad1e40
ai:487637:487637 [3] NCCL INFO AllGather: opCount 0 sendbuff 0x7f43e4986400 recvbuff 0x7f43e4988600 count 8196 datatype 0 op 0 root 0 comm 0x7f4344002f70 [nranks=4] stream 0xcad1e40
ai:487634:487634 [0] NCCL INFO AllGather: opCount 0 sendbuff 0x7fd925beb000 recvbuff 0x7fd925bec200 count 4100 datatype 0 op 0 root 0 comm 0x7fd988002f70 [nranks=4] stream 0xc62dd60
ai:487637:487637 [3] NCCL INFO AllGather: opCount 0 sendbuff 0x7f43e4984800 recvbuff 0x7f43e4992800 count 2052 datatype 0 op 0 root 0 comm 0x7f4344002f70 [nranks=4] stream 0xcad1e40
ai:487636:487636 [2] NCCL INFO AllGather: opCount 0 sendbuff 0x7fc061dc6200 recvbuff 0x7fc061dc9a00 count 516 datatype 0 op 0 root 0 comm 0x7fc0c8002f70 [nranks=4] stream 0x6b591b0
ai:487637:487637 [3] NCCL INFO AllGather: opCount 0 sendbuff 0x7f43e4994a00 recvbuff 0x7f43e4995400 count 2052 datatype 0 op 0 root 0 comm 0x7f4344002f70 [nranks=4] stream 0xcad1e40
ai:487634:487634 [0] NCCL INFO AllGather: opCount 0 sendbuff 0x7fd925bf1c00 recvbuff 0x7fd925bf2e00 count 4100 datatype 0 op 0 root 0 comm 0x7fd988002f70 [nranks=4] stream 0xc62dd60
ai:487637:487637 [3] NCCL INFO AllGather: opCount 0 sendbuff 0x7f43e4999a00 recvbuff 0x7f43e499bc00 count 8196 datatype 0 op 0 root 0 comm 0x7f4344002f70 [nranks=4] stream 0xcad1e40
ai:487636:487636 [2] NCCL INFO AllGather: opCount 0 sendbuff 0x7fc061dcaa00 recvbuff 0x7fc061dcae00 count 516 datatype 0 op 0 root 0 comm 0x7fc0c8002f70 [nranks=4] stream 0x6b591b0
ai:487636:487636 [2] NCCL INFO AllGather: opCount 0 sendbuff 0x7fc061dcc400 recvbuff 0x7fc061dcce00 count 2052 datatype 0 op 0 root 0 comm 0x7fc0c8002f70 [nranks=4] stream 0x6b591b0
ai:487637:487637 [3] NCCL INFO AllGather: opCount 0 sendbuff 0x7f43e49a5e00 recvbuff 0x7f43e49a7000 count 4100 datatype 0 op 0 root 0 comm 0x7f4344002f70 [nranks=4] stream 0xcad1e40
ai:487634:487634 [0] NCCL INFO AllGather: opCount 0 sendbuff 0x7fd925bea200 recvbuff 0x7fd925bf8000 count 1028 datatype 0 op 0 root 0 comm 0x7fd988002f70 [nranks=4] stream 0xc62dd60
ai:487636:487636 [2] NCCL INFO AllGather: opCount 0 sendbuff 0x7fc061dcf800 recvbuff 0x7fc061dcfe00 count 1028 datatype 0 op 0 root 0 comm 0x7fc0c8002f70 [nranks=4] stream 0x6b591b0
ai:487637:487637 [3] NCCL INFO AllGather: opCount 0 sendbuff 0x7f43e49ab400 recvbuff 0x7f43e49ac600 count 4100 datatype 0 op 0 root 0 comm 0x7f4344002f70 [nranks=4] stream 0xcad1e40
ai:487634:487634 [0] NCCL INFO AllGather: opCount 0 sendbuff 0x7fd925bf9200 recvbuff 0x7fd925bf9800 count 1028 datatype 0 op 0 root 0 comm 0x7fd988002f70 [nranks=4] stream 0xc62dd60
ai:487634:487634 [0] NCCL INFO AllGather: opCount 0 sendbuff 0x7fd925bfbe00 recvbuff 0x7fd9235e8000 count 4100 datatype 0 op 0 root 0 comm 0x7fd988002f70 [nranks=4] stream 0xc62dd60
ai:487637:487637 [3] NCCL INFO AllGather: opCount 0 sendbuff 0x7f42da4c2000 recvbuff 0x7f42da4c6200 count 16388 datatype 0 op 0 root 0 comm 0x7f4344002f70 [nranks=4] stream 0xcad1e40
ai:487634:487634 [0] NCCL INFO AllGather: opCount 0 sendbuff 0x7fd925bfb600 recvbuff 0x7fd925bfe000 count 1028 datatype 0 op 0 root 0 comm 0x7fd988002f70 [nranks=4] stream 0xc62dd60
ai:487637:487637 [3] NCCL INFO AllGather: opCount 0 sendbuff 0x7f42da5da400 recvbuff 0x7f42da5de600 count 16388 datatype 0 op 0 root 0 comm 0x7f4344002f70 [nranks=4] stream 0xcad1e40
ai:487636:487636 [2] NCCL INFO AllGather: opCount 0 sendbuff 0x7fc061dd1200 recvbuff 0x7fc061dd1800 count 1028 datatype 0 op 0 root 0 comm 0x7fc0c8002f70 [nranks=4] stream 0x6b591b0
ai:487636:487636 [2] NCCL INFO AllGather: opCount 0 sendbuff 0x7fc061dd3e00 recvbuff 0x7fc061dd5000 count 4100 datatype 0 op 0 root 0 comm 0x7fc0c8002f70 [nranks=4] stream 0x6b591b0
ai:487636:487636 [2] NCCL INFO AllGather: opCount 0 sendbuff 0x7fc061dda200 recvbuff 0x7fc061ddb400 count 4100 datatype 0 op 0 root 0 comm 0x7fc0c8002f70 [nranks=4] stream 0x6b591b0
ai:487634:487634 [0] NCCL INFO AllGather: opCount 0 sendbuff 0x7fd925bff800 recvbuff 0x7fd9235ec200 count 1028 datatype 0 op 0 root 0 comm 0x7fd988002f70 [nranks=4] stream 0xc62dd60
ai:487636:487636 [2] NCCL INFO AllGather: opCount 0 sendbuff 0x7fc061dd3400 recvbuff 0x7fc061de0600 count 1028 datatype 0 op 0 root 0 comm 0x7fc0c8002f70 [nranks=4] stream 0x6b591b0
ai:487634:487634 [0] NCCL INFO AllGather: opCount 0 sendbuff 0x7fd9235ee600 recvbuff 0x7fd9235ef800 count 4100 datatype 0 op 0 root 0 comm 0x7fd988002f70 [nranks=4] stream 0xc62dd60
ai:487637:487637 [3] NCCL INFO AllGather: opCount 0 sendbuff 0x7f42da4c0800 recvbuff 0x7f42da5f2800 count 4100 datatype 0 op 0 root 0 comm 0x7f4344002f70 [nranks=4] stream 0xcad1e40
ai:487634:487634 [0] NCCL INFO AllGather: opCount 0 sendbuff 0x7fd9235ede00 recvbuff 0x7fd9235f4a00 count 1028 datatype 0 op 0 root 0 comm 0x7fd988002f70 [nranks=4] stream 0xc62dd60
ai:487636:487636 [2] NCCL INFO AllGather: opCount 0 sendbuff 0x7fc061de1a00 recvbuff 0x7fc061de2000 count 1028 datatype 0 op 0 root 0 comm 0x7fc0c8002f70 [nranks=4] stream 0x6b591b0
ai:487634:487634 [0] NCCL INFO AllGather: opCount 0 sendbuff 0x7fd9235f6200 recvbuff 0x7fd9235f6800 count 1028 datatype 0 op 0 root 0 comm 0x7fd988002f70 [nranks=4] stream 0xc62dd60
ai:487636:487636 [2] NCCL INFO AllGather: opCount 0 sendbuff 0x7fc061de4600 recvbuff 0x7fc061de5800 count 4100 datatype 0 op 0 root 0 comm 0x7fc0c8002f70 [nranks=4] stream 0x6b591b0
ai:487634:487634 [0] NCCL INFO AllGather: opCount 0 sendbuff 0x7fd9235f8e00 recvbuff 0x7fd9235fa000 count 4100 datatype 0 op 0 root 0 comm 0x7fd988002f70 [nranks=4] stream 0xc62dd60
ai:487636:487636 [2] NCCL INFO AllGather: opCount 0 sendbuff 0x7fc061de3a00 recvbuff 0x7fc061deaa00 count 1028 datatype 0 op 0 root 0 comm 0x7fc0c8002f70 [nranks=4] stream 0x6b591b0
ai:487637:487637 [3] NCCL INFO AllGather: opCount 0 sendbuff 0x7f43e49b2800 recvbuff 0x7f42da5f6a00 count 4100 datatype 0 op 0 root 0 comm 0x7f4344002f70 [nranks=4] stream 0xcad1e40
ai:487634:487634 [0] NCCL INFO AllGather: opCount 0 sendbuff 0x7fd9235f7e00 recvbuff 0x7fd9239e8000 count 2052 datatype 0 op 0 root 0 comm 0x7fd988002f70 [nranks=4] stream 0xc62dd60
ai:487637:487637 [3] NCCL INFO AllGather: opCount 0 sendbuff 0x7f42da700000 recvbuff 0x7f42da704200 count 16388 datatype 0 op 0 root 0 comm 0x7f4344002f70 [nranks=4] stream 0xcad1e40
ai:487636:487636 [2] NCCL INFO AllGather: opCount 0 sendbuff 0x7fc061debc00 recvbuff 0x7fc061dec200 count 1028 datatype 0 op 0 root 0 comm 0x7fc0c8002f70 [nranks=4] stream 0x6b591b0
ai:487637:487637 [3] NCCL INFO AllGather: opCount 0 sendbuff 0x7f42da5fc400 recvbuff 0x7f42da7b8400 count 4100 datatype 0 op 0 root 0 comm 0x7f4344002f70 [nranks=4] stream 0xcad1e40
ai:487636:487636 [2] NCCL INFO AllGather: opCount 0 sendbuff 0x7fc061dee800 recvbuff 0x7fc061defa00 count 4100 datatype 0 op 0 root 0 comm 0x7fc0c8002f70 [nranks=4] stream 0x6b591b0
ai:487634:487634 [0] NCCL INFO AllGather: opCount 0 sendbuff 0x7fd9239ea600 recvbuff 0x7fd9239eb000 count 2052 datatype 0 op 0 root 0 comm 0x7fd988002f70 [nranks=4] stream 0xc62dd60
ai:487636:487636 [2] NCCL INFO AllGather: opCount 0 sendbuff 0x7fc061dedc00 recvbuff 0x7fc061df4c00 count 1028 datatype 0 op 0 root 0 comm 0x7fc0c8002f70 [nranks=4] stream 0x6b591b0
ai:487637:487637 [3] NCCL INFO AllGather: opCount 0 sendbuff 0x7f42da5fe600 recvbuff 0x7f42dbc00000 count 4100 datatype 0 op 0 root 0 comm 0x7f4344002f70 [nranks=4] stream 0xcad1e40
ai:487634:487634 [0] NCCL INFO AllGather: opCount 0 sendbuff 0x7fd9239efa00 recvbuff 0x7fd9239f1c00 count 8196 datatype 0 op 0 root 0 comm 0x7fd988002f70 [nranks=4] stream 0xc62dd60
ai:487637:487637 [3] NCCL INFO AllGather: opCount 0 sendbuff 0x7f42dbca6200 recvbuff 0x7f42dbcaa400 count 16388 datatype 0 op 0 root 0 comm 0x7f4344002f70 [nranks=4] stream 0xcad1e40
ai:487636:487636 [2] NCCL INFO AllGather: opCount 0 sendbuff 0x7fc061df5e00 recvbuff 0x7fc061df6400 count 1028 datatype 0 op 0 root 0 comm 0x7fc0c8002f70 [nranks=4] stream 0x6b591b0
ai:487637:487637 [3] NCCL INFO AllGather: opCount 0 sendbuff 0x7f43e4998000 recvbuff 0x7f42dbca4200 count 516 datatype 0 op 0 root 0 comm 0x7f4344002f70 [nranks=4] stream 0xcad1e40
ai:487636:487636 [2] NCCL INFO AllGather: opCount 0 sendbuff 0x7fc061df8a00 recvbuff 0x7fc061df9c00 count 4100 datatype 0 op 0 root 0 comm 0x7fc0c8002f70 [nranks=4] stream 0x6b591b0
ai:487634:487634 [0] NCCL INFO AllGather: opCount 0 sendbuff 0x7fd9239fbe00 recvbuff 0x7fd923bc8000 count 8196 datatype 0 op 0 root 0 comm 0x7fd988002f70 [nranks=4] stream 0xc62dd60
ai:487636:487636 [2] NCCL INFO AllGather: opCount 0 sendbuff 0x7fc061dfee00 recvbuff 0x7fc061fc0000 count 2052 datatype 0 op 0 root 0 comm 0x7fc0c8002f70 [nranks=4] stream 0x6b591b0
ai:487637:487637 [3] NCCL INFO AllGather: opCount 0 sendbuff 0x7f42dbca4c00 recvbuff 0x7f42dbca5000 count 516 datatype 0 op 0 root 0 comm 0x7f4344002f70 [nranks=4] stream 0xcad1e40
ai:487634:487634 [0] NCCL INFO AllGather: opCount 0 sendbuff 0x7fd9239ee600 recvbuff 0x7fd923bd0200 count 2052 datatype 0 op 0 root 0 comm 0x7fd988002f70 [nranks=4] stream 0xc62dd60
ai:487636:487636 [2] NCCL INFO AllGather: opCount 0 sendbuff 0x7fc061fc2200 recvbuff 0x7fc061fc2c00 count 2052 datatype 0 op 0 root 0 comm 0x7fc0c8002f70 [nranks=4] stream 0x6b591b0
ai:487637:487637 [3] NCCL INFO AllGather: opCount 0 sendbuff 0x7f42dbca5e00 recvbuff 0x7f42da7fd600 count 516 datatype 0 op 0 root 0 comm 0x7f4344002f70 [nranks=4] stream 0xcad1e40
ai:487634:487634 [0] NCCL INFO AllGather: opCount 0 sendbuff 0x7fd923bd2600 recvbuff 0x7fd923bd3000 count 2052 datatype 0 op 0 root 0 comm 0x7fd988002f70 [nranks=4] stream 0xc62dd60
ai:487637:487637 [3] NCCL INFO AllGather: opCount 0 sendbuff 0x7f42da7fec00 recvbuff 0x7f42dbfc0000 count 2052 datatype 0 op 0 root 0 comm 0x7f4344002f70 [nranks=4] stream 0xcad1e40
ai:487636:487636 [2] NCCL INFO AllGather: opCount 0 sendbuff 0x7fc061fc7200 recvbuff 0x7fc061fc9400 count 8196 datatype 0 op 0 root 0 comm 0x7fc0c8002f70 [nranks=4] stream 0x6b591b0
ai:487634:487634 [0] NCCL INFO AllGather: opCount 0 sendbuff 0x7fd923bd7a00 recvbuff 0x7fd923bd9c00 count 8196 datatype 0 op 0 root 0 comm 0x7fd988002f70 [nranks=4] stream 0xc62dd60
ai:487637:487637 [3] NCCL INFO AllGather: opCount 0 sendbuff 0x7f42dbfc2200 recvbuff 0x7f42dbfc2c00 count 2052 datatype 0 op 0 root 0 comm 0x7f4344002f70 [nranks=4] stream 0xcad1e40
ai:487636:487636 [2] NCCL INFO AllGather: opCount 0 sendbuff 0x7fc061fd3600 recvbuff 0x7fc061fd5800 count 8196 datatype 0 op 0 root 0 comm 0x7fc0c8002f70 [nranks=4] stream 0x6b591b0
ai:487634:487634 [0] NCCL INFO AllGather: opCount 0 sendbuff 0x7fd923bd6200 recvbuff 0x7fd923be3e00 count 2052 datatype 0 op 0 root 0 comm 0x7fd988002f70 [nranks=4] stream 0xc62dd60
ai:487637:487637 [3] NCCL INFO AllGather: opCount 0 sendbuff 0x7f42da7fe800 recvbuff 0x7f42dbfc5600 count 516 datatype 0 op 0 root 0 comm 0x7f4344002f70 [nranks=4] stream 0xcad1e40
ai:487636:487636 [2] NCCL INFO AllGather: opCount 0 sendbuff 0x7fc061fc5600 recvbuff 0x7fc061fdfa00 count 2052 datatype 0 op 0 root 0 comm 0x7fc0c8002f70 [nranks=4] stream 0x6b591b0
ai:487635:487635 [1] NCCL INFO AllGather: opCount 0 sendbuff 0x7f053bfee800 recvbuff 0x7f053bfeec00 count 516 datatype 0 op 0 root 0 comm 0x7f0528002f70 [nranks=4] stream 0xc9e1f80
ai:487637:487637 [3] NCCL INFO AllGather: opCount 0 sendbuff 0x7f43e2feec00 recvbuff 0x7f42dbfc6400 count 516 datatype 0 op 0 root 0 comm 0x7f4344002f70 [nranks=4] stream 0xcad1e40
ai:487634:487634 [0] NCCL INFO AllGather: opCount 0 sendbuff 0x7fd997fee800 recvbuff 0x7fd923be6000 count 2052 datatype 0 op 0 root 0 comm 0x7fd988002f70 [nranks=4] stream 0xc62dd60
ai:487636:487636 [2] NCCL INFO AllGather: opCount 0 sendbuff 0x7fc0dbfeea00 recvbuff 0x7fc061fe1c00 count 2052 datatype 0 op 0 root 0 comm 0x7fc0c8002f70 [nranks=4] stream 0x6b591b0
ai:487637:487637 [3] NCCL INFO AllGather: opCount 0 sendbuff 0x7f42dbfc7200 recvbuff 0x7f42dbfc7c00 count 2052 datatype 0 op 0 root 0 comm 0x7f4344002f70 [nranks=4] stream 0xcad1e40
ai:487634:487634 [0] NCCL INFO AllGather: opCount 0 sendbuff 0x7fd923bea600 recvbuff 0x7fd923bec800 count 8196 datatype 0 op 0 root 0 comm 0x7fd988002f70 [nranks=4] stream 0xc62dd60
ai:487637:487637 [3] NCCL INFO AllGather: opCount 0 sendbuff 0x7f43e2fef400 recvbuff 0x7f42dbfca600 count 516 datatype 0 op 0 root 0 comm 0x7f4344002f70 [nranks=4] stream 0xcad1e40
ai:487635:487635 [1] NCCL INFO AllGather: opCount 0 sendbuff 0x7f053bff1000 recvbuff 0x7f053bff1400 count 516 datatype 0 op 0 root 0 comm 0x7f0528002f70 [nranks=4] stream 0xc9e1f80
ai:487636:487636 [2] NCCL INFO AllGather: opCount 0 sendbuff 0x7fc061fe5e00 recvbuff 0x7fc061fe8000 count 8196 datatype 0 op 0 root 0 comm 0x7fc0c8002f70 [nranks=4] stream 0x6b591b0
ai:487637:487637 [3] NCCL INFO AllGather: opCount 0 sendbuff 0x7f43e2ff2200 recvbuff 0x7f42dbfcb400 count 516 datatype 0 op 0 root 0 comm 0x7f4344002f70 [nranks=4] stream 0xcad1e40
ai:487634:487634 [0] NCCL INFO AllGather: opCount 0 sendbuff 0x7fd923be8600 recvbuff 0x7fd923bf6a00 count 2052 datatype 0 op 0 root 0 comm 0x7fd988002f70 [nranks=4] stream 0xc62dd60
ai:487636:487636 [2] NCCL INFO AllGather: opCount 0 sendbuff 0x7fc0dbff2000 recvbuff 0x7fc061ff2200 count 2052 datatype 0 op 0 root 0 comm 0x7fc0c8002f70 [nranks=4] stream 0x6b591b0
ai:487637:487637 [3] NCCL INFO AllGather: opCount 0 sendbuff 0x7f42dbfcc200 recvbuff 0x7f42dbfccc00 count 2052 datatype 0 op 0 root 0 comm 0x7f4344002f70 [nranks=4] stream 0xcad1e40
ai:487635:487635 [1] NCCL INFO AllGather: opCount 0 sendbuff 0x7f053bff1800 recvbuff 0x7f053bff1c00 count 516 datatype 0 op 0 root 0 comm 0x7f0528002f70 [nranks=4] stream 0xc9e1f80
ai:487634:487634 [0] NCCL INFO AllGather: opCount 0 sendbuff 0x7fd997ff3800 recvbuff 0x7fd923bf8c00 count 2052 datatype 0 op 0 root 0 comm 0x7fd988002f70 [nranks=4] stream 0xc62dd60
ai:487637:487637 [3] NCCL INFO AllGather: opCount 0 sendbuff 0x7f43e2ff3600 recvbuff 0x7f42dbfcf600 count 1028 datatype 0 op 0 root 0 comm 0x7f4344002f70 [nranks=4] stream 0xcad1e40
ai:487636:487636 [2] NCCL INFO AllGather: opCount 0 sendbuff 0x7fc0dbff3a00 recvbuff 0x7fc061ff4400 count 2052 datatype 0 op 0 root 0 comm 0x7fc0c8002f70 [nranks=4] stream 0x6b591b0
ai:487635:487635 [1] NCCL INFO AllGather: opCount 0 sendbuff 0x7f053bffa400 recvbuff 0x7f053bffae00 count 2052 datatype 0 op 0 root 0 comm 0x7f0528002f70 [nranks=4] stream 0xc9e1f80
ai:487634:487634 [0] NCCL INFO AllGather: opCount 0 sendbuff 0x7fd923bfce00 recvbuff 0x7fd9203c0000 count 8196 datatype 0 op 0 root 0 comm 0x7fd988002f70 [nranks=4] stream 0xc62dd60
ai:487637:487637 [3] NCCL INFO AllGather: opCount 0 sendbuff 0x7f43e2ff3e00 recvbuff 0x7f43e2ffd000 count 1028 datatype 0 op 0 root 0 comm 0x7f4344002f70 [nranks=4] stream 0xcad1e40
ai:487636:487636 [2] NCCL INFO AllGather: opCount 0 sendbuff 0x7fc061ff6600 recvbuff 0x7fc05fd80000 count 8196 datatype 0 op 0 root 0 comm 0x7fc0c8002f70 [nranks=4] stream 0x6b591b0
ai:487635:487635 [1] NCCL INFO AllGather: opCount 0 sendbuff 0x7f053bffb000 recvbuff 0x7f053bffba00 count 2052 datatype 0 op 0 root 0 comm 0x7f0528002f70 [nranks=4] stream 0xc9e1f80
ai:487637:487637 [3] NCCL INFO AllGather: opCount 0 sendbuff 0x7f42dbfd0800 recvbuff 0x7f42dbfd1a00 count 4100 datatype 0 op 0 root 0 comm 0x7f4344002f70 [nranks=4] stream 0xcad1e40
ai:487634:487634 [0] NCCL INFO AllGather: opCount 0 sendbuff 0x7fd997ffde00 recvbuff 0x7fd98d5da600 count 2052 datatype 0 op 0 root 0 comm 0x7fd988002f70 [nranks=4] stream 0xc62dd60
ai:487637:487637 [3] NCCL INFO AllGather: opCount 0 sendbuff 0x7f434b5db800 recvbuff 0x7f42dbfd5c00 count 4100 datatype 0 op 0 root 0 comm 0x7f4344002f70 [nranks=4] stream 0xcad1e40
ai:487636:487636 [2] NCCL INFO AllGather: opCount 0 sendbuff 0x7fc0dbfff200 recvbuff 0x7fc0d15da800 count 2052 datatype 0 op 0 root 0 comm 0x7fc0c8002f70 [nranks=4] stream 0x6b591b0
ai:487637:487637 [3] NCCL INFO AllGather: opCount 0 sendbuff 0x7f43e2ffea00 recvbuff 0x7f42dbfda600 count 1028 datatype 0 op 0 root 0 comm 0x7f4344002f70 [nranks=4] stream 0xcad1e40
ai:487635:487635 [1] NCCL INFO AllGather: opCount 0 sendbuff 0x7f053bffba00 recvbuff 0x7f053bffbe00 count 516 datatype 0 op 0 root 0 comm 0x7f0528002f70 [nranks=4] stream 0xc9e1f80
ai:487634:487634 [0] NCCL INFO AllGather: opCount 0 sendbuff 0x7fd997ffe800 recvbuff 0x7fd9203c8200 count 2052 datatype 0 op 0 root 0 comm 0x7fd988002f70 [nranks=4] stream 0xc62dd60
ai:487636:487636 [2] NCCL INFO AllGather: opCount 0 sendbuff 0x7fc0d15e5c00 recvbuff 0x7fc061ff9800 count 2052 datatype 0 op 0 root 0 comm 0x7fc0c8002f70 [nranks=4] stream 0x6b591b0
ai:487637:487637 [3] NCCL INFO AllGather: opCount 0 sendbuff 0x7f43e2fff600 recvbuff 0x7f42dbfdb800 count 1028 datatype 0 op 0 root 0 comm 0x7f4344002f70 [nranks=4] stream 0xcad1e40
ai:487635:487635 [1] NCCL INFO AllGather: opCount 0 sendbuff 0x7f053bffc000 recvbuff 0x7f053bffc400 count 516 datatype 0 op 0 root 0 comm 0x7f0528002f70 [nranks=4] stream 0xc9e1f80
ai:487634:487634 [0] NCCL INFO AllGather: opCount 0 sendbuff 0x7fd9203ca400 recvbuff 0x7fd9203cc600 count 8196 datatype 0 op 0 root 0 comm 0x7fd988002f70 [nranks=4] stream 0xc62dd60
ai:487636:487636 [2] NCCL INFO AllGather: opCount 0 sendbuff 0x7fc061ffca00 recvbuff 0x7fc05fdc8200 count 8196 datatype 0 op 0 root 0 comm 0x7fc0c8002f70 [nranks=4] stream 0x6b591b0
ai:487637:487637 [3] NCCL INFO AllGather: opCount 0 sendbuff 0x7f42dbfdca00 recvbuff 0x7f42dbfddc00 count 4100 datatype 0 op 0 root 0 comm 0x7f4344002f70 [nranks=4] stream 0xcad1e40
ai:487636:487636 [2] NCCL INFO AllGather: opCount 0 sendbuff 0x7fc0dbffd400 recvbuff 0x7fc05fdd1400 count 2052 datatype 0 op 0 root 0 comm 0x7fc0c8002f70 [nranks=4] stream 0x6b591b0
ai:487635:487635 [1] NCCL INFO AllGather: opCount 0 sendbuff 0x7f053bffcc00 recvbuff 0x7f053bffd600 count 2052 datatype 0 op 0 root 0 comm 0x7f0528002f70 [nranks=4] stream 0xc9e1f80
ai:487634:487634 [0] NCCL INFO AllGather: opCount 0 sendbuff 0x7fd98d5e5e00 recvbuff 0x7fd9203d6800 count 2052 datatype 0 op 0 root 0 comm 0x7fd988002f70 [nranks=4] stream 0xc62dd60
ai:487637:487637 [3] NCCL INFO AllGather: opCount 0 sendbuff 0x7f434b5e6400 recvbuff 0x7f42dbfe2e00 count 1028 datatype 0 op 0 root 0 comm 0x7f4344002f70 [nranks=4] stream 0xcad1e40
ai:487636:487636 [2] NCCL INFO AllGather: opCount 0 sendbuff 0x7fc061ffba00 recvbuff 0x7fc0d15fac00 count 2052 datatype 0 op 0 root 0 comm 0x7fc0c8002f70 [nranks=4] stream 0x6b591b0
ai:487635:487635 [1] NCCL INFO AllGather: opCount 0 sendbuff 0x7f053bffcc00 recvbuff 0x7f053bffd000 count 516 datatype 0 op 0 root 0 comm 0x7f0528002f70 [nranks=4] stream 0xc9e1f80
ai:487634:487634 [0] NCCL INFO AllGather: opCount 0 sendbuff 0x7fd923bfae00 recvbuff 0x7fd98d5faa00 count 2052 datatype 0 op 0 root 0 comm 0x7fd988002f70 [nranks=4] stream 0xc62dd60
ai:487637:487637 [3] NCCL INFO AllGather: opCount 0 sendbuff 0x7f434b5f9800 recvbuff 0x7f434b5fac00 count 1028 datatype 0 op 0 root 0 comm 0x7f4344002f70 [nranks=4] stream 0xcad1e40
ai:487636:487636 [2] NCCL INFO AllGather: opCount 0 sendbuff 0x7fc05fdd4600 recvbuff 0x7fc05fdd6800 count 8196 datatype 0 op 0 root 0 comm 0x7fc0c8002f70 [nranks=4] stream 0x6b591b0
ai:487635:487635 [1] NCCL INFO AllGather: opCount 0 sendbuff 0x7f053bffd400 recvbuff 0x7f053bffd800 count 516 datatype 0 op 0 root 0 comm 0x7f0528002f70 [nranks=4] stream 0xc9e1f80
ai:487637:487637 [3] NCCL INFO AllGather: opCount 0 sendbuff 0x7f434b5fc600 recvbuff 0x7f42dbfe4000 count 4100 datatype 0 op 0 root 0 comm 0x7f4344002f70 [nranks=4] stream 0xcad1e40
ai:487634:487634 [0] NCCL INFO AllGather: opCount 0 sendbuff 0x7fd9203d9a00 recvbuff 0x7fd9203dbc00 count 8196 datatype 0 op 0 root 0 comm 0x7fd988002f70 [nranks=4] stream 0xc62dd60
ai:487636:487636 [2] NCCL INFO AllGather: opCount 0 sendbuff 0x7fc0d15fce00 recvbuff 0x7fc05fde0a00 count 2052 datatype 0 op 0 root 0 comm 0x7fc0c8002f70 [nranks=4] stream 0x6b591b0
ai:487637:487637 [3] NCCL INFO AllGather: opCount 0 sendbuff 0x7f434b5fbe00 recvbuff 0x7f42dbfe8a00 count 1028 datatype 0 op 0 root 0 comm 0x7f4344002f70 [nranks=4] stream 0xcad1e40
ai:487636:487636 [2] NCCL INFO AllGather: opCount 0 sendbuff 0x7fc0d15fe000 recvbuff 0x7fc05fde2c00 count 2052 datatype 0 op 0 root 0 comm 0x7fc0c8002f70 [nranks=4] stream 0x6b591b0
ai:487635:487635 [1] NCCL INFO AllGather: opCount 0 sendbuff 0x7f053bffe000 recvbuff 0x7f05315fc000 count 2052 datatype 0 op 0 root 0 comm 0x7f0528002f70 [nranks=4] stream 0xc9e1f80
ai:487634:487634 [0] NCCL INFO AllGather: opCount 0 sendbuff 0x7fd923bfb800 recvbuff 0x7fd9203e5e00 count 4100 datatype 0 op 0 root 0 comm 0x7fd988002f70 [nranks=4] stream 0xc62dd60
ai:487637:487637 [3] NCCL INFO AllGather: opCount 0 sendbuff 0x7f434b5fe400 recvbuff 0x7f43e49dee00 count 1028 datatype 0 op 0 root 0 comm 0x7f4344002f70 [nranks=4] stream 0xcad1e40
ai:487636:487636 [2] NCCL INFO AllGather: opCount 0 sendbuff 0x7fc05fde4e00 recvbuff 0x7fc05fde7000 count 8196 datatype 0 op 0 root 0 comm 0x7fc0c8002f70 [nranks=4] stream 0x6b591b0
ai:487637:487637 [3] NCCL INFO AllGather: opCount 0 sendbuff 0x7f42dbfe9c00 recvbuff 0x7f42dbfeae00 count 4100 datatype 0 op 0 root 0 comm 0x7f4344002f70 [nranks=4] stream 0xcad1e40
ai:487635:487635 [1] NCCL INFO AllGather: opCount 0 sendbuff 0x7f053bffe800 recvbuff 0x7f05315fc000 count 1028 datatype 0 op 0 root 0 comm 0x7f0528002f70 [nranks=4] stream 0xc9e1f80
ai:487634:487634 [0] NCCL INFO AllGather: opCount 0 sendbuff 0x7fd9959be200 recvbuff 0x7fd9203ea000 count 4100 datatype 0 op 0 root 0 comm 0x7fd988002f70 [nranks=4] stream 0xc62dd60
ai:487637:487637 [3] NCCL INFO AllGather: opCount 0 sendbuff 0x7f43e49f2200 recvbuff 0x7f42dbfef800 count 2052 datatype 0 op 0 root 0 comm 0x7f4344002f70 [nranks=4] stream 0xcad1e40
ai:487636:487636 [2] NCCL INFO AllGather: opCount 0 sendbuff 0x7fc061fe4a00 recvbuff 0x7fc05fdf0200 count 4100 datatype 0 op 0 root 0 comm 0x7fc0c8002f70 [nranks=4] stream 0x6b591b0
ai:487636:487636 [2] NCCL INFO AllGather: opCount 0 sendbuff 0x7fc0d99f2200 recvbuff 0x7fc05fdf4400 count 4100 datatype 0 op 0 root 0 comm 0x7fc0c8002f70 [nranks=4] stream 0x6b591b0
ai:487637:487637 [3] NCCL INFO AllGather: opCount 0 sendbuff 0x7f43e49f2c00 recvbuff 0x7f42dbff1a00 count 2052 datatype 0 op 0 root 0 comm 0x7f4344002f70 [nranks=4] stream 0xcad1e40
ai:487634:487634 [0] NCCL INFO AllGather: opCount 0 sendbuff 0x7fd9203f2200 recvbuff 0x7fd91e4c0000 count 16388 datatype 0 op 0 root 0 comm 0x7fd988002f70 [nranks=4] stream 0xc62dd60
ai:487635:487635 [1] NCCL INFO AllGather: opCount 0 sendbuff 0x7f053bfff000 recvbuff 0x7f05315fc000 count 1028 datatype 0 op 0 root 0 comm 0x7f0528002f70 [nranks=4] stream 0xc9e1f80
ai:487636:487636 [2] NCCL INFO AllGather: opCount 0 sendbuff 0x7fc058980000 recvbuff 0x7fc058984200 count 16388 datatype 0 op 0 root 0 comm 0x7fc0c8002f70 [nranks=4] stream 0x6b591b0
ai:487637:487637 [3] NCCL INFO AllGather: opCount 0 sendbuff 0x7f42dbff3c00 recvbuff 0x7f42dbff5e00 count 8196 datatype 0 op 0 root 0 comm 0x7f4344002f70 [nranks=4] stream 0xcad1e40
ai:487634:487634 [0] NCCL INFO AllGather: opCount 0 sendbuff 0x7fd9203fa400 recvbuff 0x7fd91e5d0200 count 16388 datatype 0 op 0 root 0 comm 0x7fd988002f70 [nranks=4] stream 0xc62dd60
ai:487636:487636 [2] NCCL INFO AllGather: opCount 0 sendbuff 0x7fc058996400 recvbuff 0x7fc05899a600 count 16388 datatype 0 op 0 root 0 comm 0x7fc0c8002f70 [nranks=4] stream 0x6b591b0
ai:487635:487635 [1] NCCL INFO AllGather: opCount 0 sendbuff 0x7f05315fd000 recvbuff 0x7f05399fa000 count 4100 datatype 0 op 0 root 0 comm 0x7f0528002f70 [nranks=4] stream 0xc9e1f80
ai:487637:487637 [3] NCCL INFO AllGather: opCount 0 sendbuff 0x7f43e49f6e00 recvbuff 0x7f42d5d40000 count 8196 datatype 0 op 0 root 0 comm 0x7f4344002f70 [nranks=4] stream 0xcad1e40
ai:487636:487636 [2] NCCL INFO AllGather: opCount 0 sendbuff 0x7fc0d99f4200 recvbuff 0x7fc0d99f6e00 count 4100 datatype 0 op 0 root 0 comm 0x7fc0c8002f70 [nranks=4] stream 0x6b591b0
ai:487634:487634 [0] NCCL INFO AllGather: opCount 0 sendbuff 0x7fd925bc8400 recvbuff 0x7fd925beb000 count 4100 datatype 0 op 0 root 0 comm 0x7fd988002f70 [nranks=4] stream 0xc62dd60
ai:487637:487637 [3] NCCL INFO AllGather: opCount 0 sendbuff 0x7f43e49fb800 recvbuff 0x7f42d5d88200 count 2052 datatype 0 op 0 root 0 comm 0x7f4344002f70 [nranks=4] stream 0xcad1e40
ai:487636:487636 [2] NCCL INFO AllGather: opCount 0 sendbuff 0x7fc05fdf9600 recvbuff 0x7fc0589ee800 count 4100 datatype 0 op 0 root 0 comm 0x7fc0c8002f70 [nranks=4] stream 0x6b591b0
ai:487635:487635 [1] NCCL INFO AllGather: opCount 0 sendbuff 0x7f05315fc800 recvbuff 0x7f05399fa000 count 4100 datatype 0 op 0 root 0 comm 0x7f0528002f70 [nranks=4] stream 0xc9e1f80
ai:487637:487637 [3] NCCL INFO AllGather: opCount 0 sendbuff 0x7f42dbdff200 recvbuff 0x7f42e25e8000 count 2052 datatype 0 op 0 root 0 comm 0x7f4344002f70 [nranks=4] stream 0xcad1e40
ai:487636:487636 [2] NCCL INFO AllGather: opCount 0 sendbuff 0x7fc0589f2a00 recvbuff 0x7fc058bc0000 count 16388 datatype 0 op 0 root 0 comm 0x7fc0c8002f70 [nranks=4] stream 0x6b591b0
ai:487634:487634 [0] NCCL INFO AllGather: opCount 0 sendbuff 0x7fd9203fe600 recvbuff 0x7fd925bf1c00 count 4100 datatype 0 op 0 root 0 comm 0x7fd988002f70 [nranks=4] stream 0xc62dd60
ai:487635:487635 [1] NCCL INFO AllGather: opCount 0 sendbuff 0x7f05399ff200 recvbuff 0x7f05315fd800 count 1028 datatype 0 op 0 root 0 comm 0x7f0528002f70 [nranks=4] stream 0xc9e1f80
ai:487634:487634 [0] NCCL INFO AllGather: opCount 0 sendbuff 0x7fd91e5e4400 recvbuff 0x7fd91e5e8600 count 16388 datatype 0 op 0 root 0 comm 0x7fd988002f70 [nranks=4] stream 0xc62dd60
ai:487637:487637 [3] NCCL INFO AllGather: opCount 0 sendbuff 0x7f42d5dca400 recvbuff 0x7f42d5dcc600 count 8196 datatype 0 op 0 root 0 comm 0x7f4344002f70 [nranks=4] stream 0xcad1e40
ai:487636:487636 [2] NCCL INFO AllGather: opCount 0 sendbuff 0x7fc06bbec000 recvbuff 0x7fc0589f8c00 count 4100 datatype 0 op 0 root 0 comm 0x7fc0c8002f70 [nranks=4] stream 0x6b591b0
ai:487634:487634 [0] NCCL INFO AllGather: opCount 0 sendbuff 0x7fd925bf8000 recvbuff 0x7fd91e7a0000 count 4100 datatype 0 op 0 root 0 comm 0x7fd988002f70 [nranks=4] stream 0xc62dd60
ai:487637:487637 [3] NCCL INFO AllGather: opCount 0 sendbuff 0x7f43e49fde00 recvbuff 0x7f42d5dd4800 count 2052 datatype 0 op 0 root 0 comm 0x7f4344002f70 [nranks=4] stream 0xcad1e40
ai:487634:487634 [0] NCCL INFO AllGather: opCount 0 sendbuff 0x7fd9959ac600 recvbuff 0x7fd91e7e4200 count 4100 datatype 0 op 0 root 0 comm 0x7fd988002f70 [nranks=4] stream 0xc62dd60
ai:487637:487637 [3] NCCL INFO AllGather: opCount 0 sendbuff 0x7f42e25ea600 recvbuff 0x7f42d5dd6a00 count 2052 datatype 0 op 0 root 0 comm 0x7f4344002f70 [nranks=4] stream 0xcad1e40
ai:487635:487635 [1] NCCL INFO AllGather: opCount 0 sendbuff 0x7f05399ffa00 recvbuff 0x7f05315fd800 count 1028 datatype 0 op 0 root 0 comm 0x7f0528002f70 [nranks=4] stream 0xc9e1f80
ai:487636:487636 [2] NCCL INFO AllGather: opCount 0 sendbuff 0x7fc06bbe8000 recvbuff 0x7fc058bf0200 count 4100 datatype 0 op 0 root 0 comm 0x7fc0c8002f70 [nranks=4] stream 0x6b591b0
ai:487634:487634 [0] NCCL INFO AllGather: opCount 0 sendbuff 0x7fd91e7e8400 recvbuff 0x7fd91e7ec600 count 16388 datatype 0 op 0 root 0 comm 0x7fd988002f70 [nranks=4] stream 0xc62dd60
ai:487637:487637 [3] NCCL INFO AllGather: opCount 0 sendbuff 0x7f42d5dd8c00 recvbuff 0x7f42d5ddae00 count 8196 datatype 0 op 0 root 0 comm 0x7f4344002f70 [nranks=4] stream 0xcad1e40
ai:487635:487635 [1] NCCL INFO AllGather: opCount 0 sendbuff 0x7f05315fe800 recvbuff 0x7f05399fa000 count 4100 datatype 0 op 0 root 0 comm 0x7f0528002f70 [nranks=4] stream 0xc9e1f80
ai:487636:487636 [2] NCCL INFO AllGather: opCount 0 sendbuff 0x7fc06bbefe00 recvbuff 0x7fc058d60000 count 16388 datatype 0 op 0 root 0 comm 0x7fc0c8002f70 [nranks=4] stream 0x6b591b0
ai:487635:487635 [1] NCCL INFO AllGather: opCount 0 sendbuff 0x7f05315fd800 recvbuff 0x7f05399fa000 count 1028 datatype 0 op 0 root 0 comm 0x7f0528002f70 [nranks=4] stream 0xc9e1f80
ai:487635:487635 [1] NCCL INFO AllGather: opCount 0 sendbuff 0x7f05315fde00 recvbuff 0x7f05399fa000 count 1028 datatype 0 op 0 root 0 comm 0x7f0528002f70 [nranks=4] stream 0xc9e1f80
ai:487635:487635 [1] NCCL INFO AllGather: opCount 0 sendbuff 0x7f05399fb000 recvbuff 0x7f04c95e8000 count 4100 datatype 0 op 0 root 0 comm 0x7f0528002f70 [nranks=4] stream 0xc9e1f80
ai:487637:487637 [3] NCCL INFO AllGather: opCount 0 sendbuff 0x7f43e49f4a00 recvbuff 0x7f42e25efe00 count 2052 datatype 0 op 0 root 0 comm 0x7f4344002f70 [nranks=4] stream 0xcad1e40
ai:487635:487635 [1] NCCL INFO AllGather: opCount 0 sendbuff 0x7f05399fa200 recvbuff 0x7f05399fc000 count 1028 datatype 0 op 0 root 0 comm 0x7f0528002f70 [nranks=4] stream 0xc9e1f80
ai:487637:487637 [3] NCCL INFO AllGather: opCount 0 sendbuff 0x7f42e25f6600 recvbuff 0x7f42e25f2000 count 2052 datatype 0 op 0 root 0 comm 0x7f4344002f70 [nranks=4] stream 0xcad1e40
ai:487634:487634 [0] NCCL INFO AllGather: opCount 0 sendbuff 0x7fd925bfb800 recvbuff 0x7fd925bf6600 count 516 datatype 0 op 0 root 0 comm 0x7fd988002f70 [nranks=4] stream 0xc62dd60
ai:487635:487635 [1] NCCL INFO AllGather: opCount 0 sendbuff 0x7f05399faa00 recvbuff 0x7f05399fc000 count 1028 datatype 0 op 0 root 0 comm 0x7f0528002f70 [nranks=4] stream 0xc9e1f80
ai:487636:487636 [2] NCCL INFO AllGather: opCount 0 sendbuff 0x7fc058df0200 recvbuff 0x7fc058fa8000 count 32768 datatype 0 op 0 root 0 comm 0x7fc0c8002f70 [nranks=4] stream 0x6b591b0
ai:487636:487636 [2] NCCL INFO AllGather: opCount 0 sendbuff 0x7fc058f80000 recvbuff 0x7fc057c88000 count 32768 datatype 0 op 0 root 0 comm 0x7fc0c8002f70 [nranks=4] stream 0x6b591b0
ai:487637:487637 [3] NCCL INFO AllGather: opCount 0 sendbuff 0x7f42e11e9000 recvbuff 0x7f42d5de5000 count 8196 datatype 0 op 0 root 0 comm 0x7f4344002f70 [nranks=4] stream 0xcad1e40
ai:487635:487635 [1] NCCL INFO AllGather: opCount 0 sendbuff 0x7f05399fd000 recvbuff 0x7f04c95e8000 count 4100 datatype 0 op 0 root 0 comm 0x7f0528002f70 [nranks=4] stream 0xc9e1f80
ai:487637:487637 [3] NCCL INFO AllGather: opCount 0 sendbuff 0x7f42e25f4200 recvbuff 0x7f42e25fb600 count 2052 datatype 0 op 0 root 0 comm 0x7f4344002f70 [nranks=4] stream 0xcad1e40
ai:487635:487635 [1] NCCL INFO AllGather: opCount 0 sendbuff 0x7f04c95e8000 recvbuff 0x7f04c95e8a00 count 2052 datatype 0 op 0 root 0 comm 0x7f0528002f70 [nranks=4] stream 0xc9e1f80
ai:487637:487637 [3] NCCL INFO AllGather: opCount 0 sendbuff 0x7f42e25ed400 recvbuff 0x7f42e25fd800 count 2052 datatype 0 op 0 root 0 comm 0x7f4344002f70 [nranks=4] stream 0xcad1e40
ai:487637:487637 [3] NCCL INFO AllGather: opCount 0 sendbuff 0x7f42e11ece00 recvbuff 0x7f42d5ded200 count 8196 datatype 0 op 0 root 0 comm 0x7f4344002f70 [nranks=4] stream 0xcad1e40
ai:487635:487635 [1] NCCL INFO AllGather: opCount 0 sendbuff 0x7f04c95e8400 recvbuff 0x7f04c95e8e00 count 2052 datatype 0 op 0 root 0 comm 0x7f0528002f70 [nranks=4] stream 0xc9e1f80
ai:487637:487637 [3] NCCL INFO AllGather: opCount 0 sendbuff 0x7f42e25ede00 recvbuff 0x7f42e11f3200 count 2052 datatype 0 op 0 root 0 comm 0x7f4344002f70 [nranks=4] stream 0xcad1e40
ai:487634:487634 [0] NCCL INFO AllGather: opCount 0 sendbuff 0x7fd925bff800 recvbuff 0x7fd9235f7e00 count 516 datatype 0 op 0 root 0 comm 0x7fd988002f70 [nranks=4] stream 0xc62dd60
ai:487635:487635 [1] NCCL INFO AllGather: opCount 0 sendbuff 0x7f04c95eae00 recvbuff 0x7f04c95ed000 count 8196 datatype 0 op 0 root 0 comm 0x7f0528002f70 [nranks=4] stream 0xc9e1f80
ai:487637:487637 [3] NCCL INFO AllGather: opCount 0 sendbuff 0x7f42e11f1000 recvbuff 0x7f42e11f6600 count 2052 datatype 0 op 0 root 0 comm 0x7f4344002f70 [nranks=4] stream 0xcad1e40
ai:487637:487637 [3] NCCL INFO AllGather: opCount 0 sendbuff 0x7f42de1e8000 recvbuff 0x7f42d5df5400 count 8196 datatype 0 op 0 root 0 comm 0x7f4344002f70 [nranks=4] stream 0xcad1e40
ai:487635:487635 [1] NCCL INFO AllGather: opCount 0 sendbuff 0x7f04c95ed000 recvbuff 0x7f04c95ef200 count 8196 datatype 0 op 0 root 0 comm 0x7f0528002f70 [nranks=4] stream 0xc9e1f80
ai:487637:487637 [3] NCCL INFO AllGather: opCount 0 sendbuff 0x7f42e11fba00 recvbuff 0x7f42de1ea200 count 4100 datatype 0 op 0 root 0 comm 0x7f4344002f70 [nranks=4] stream 0xcad1e40
ai:487634:487634 [0] NCCL INFO AllGather: opCount 0 sendbuff 0x7fd9959a2400 recvbuff 0x7fd9235f4a00 count 516 datatype 0 op 0 root 0 comm 0x7fd988002f70 [nranks=4] stream 0xc62dd60
ai:487637:487637 [3] NCCL INFO AllGather: opCount 0 sendbuff 0x7f42de1ee400 recvbuff 0x7f42de1ef600 count 4100 datatype 0 op 0 root 0 comm 0x7f4344002f70 [nranks=4] stream 0xcad1e40
ai:487635:487635 [1] NCCL INFO AllGather: opCount 0 sendbuff 0x7f04c95e9400 recvbuff 0x7f04c95ef200 count 2052 datatype 0 op 0 root 0 comm 0x7f0528002f70 [nranks=4] stream 0xc9e1f80
ai:487637:487637 [3] NCCL INFO AllGather: opCount 0 sendbuff 0x7f42d2940000 recvbuff 0x7f42d2944200 count 16388 datatype 0 op 0 root 0 comm 0x7f4344002f70 [nranks=4] stream 0xcad1e40
ai:487635:487635 [1] NCCL INFO AllGather: opCount 0 sendbuff 0x7f04c95ea000 recvbuff 0x7f04c95ef200 count 2052 datatype 0 op 0 root 0 comm 0x7f0528002f70 [nranks=4] stream 0xc9e1f80
ai:487637:487637 [3] NCCL INFO AllGather: opCount 0 sendbuff 0x7f42d29d6400 recvbuff 0x7f42d29da600 count 16388 datatype 0 op 0 root 0 comm 0x7f4344002f70 [nranks=4] stream 0xcad1e40
ai:487634:487634 [0] NCCL INFO AllGather: opCount 0 sendbuff 0x7fd925bfbe00 recvbuff 0x7fd9239e8000 count 2052 datatype 0 op 0 root 0 comm 0x7fd988002f70 [nranks=4] stream 0xc62dd60
ai:487635:487635 [1] NCCL INFO AllGather: opCount 0 sendbuff 0x7f04c95f1200 recvbuff 0x7f04c95f3400 count 8196 datatype 0 op 0 root 0 comm 0x7f0528002f70 [nranks=4] stream 0xc9e1f80
ai:487637:487637 [3] NCCL INFO AllGather: opCount 0 sendbuff 0x7f42de1f8800 recvbuff 0x7f42e1bec200 count 4100 datatype 0 op 0 root 0 comm 0x7f4344002f70 [nranks=4] stream 0xcad1e40
ai:487635:487635 [1] NCCL INFO AllGather: opCount 0 sendbuff 0x7f04c95ef200 recvbuff 0x7f04c95f3400 count 2052 datatype 0 op 0 root 0 comm 0x7f0528002f70 [nranks=4] stream 0xc9e1f80
ai:487637:487637 [3] NCCL INFO AllGather: opCount 0 sendbuff 0x7f42de1f4800 recvbuff 0x7f42e1bf0400 count 4100 datatype 0 op 0 root 0 comm 0x7f4344002f70 [nranks=4] stream 0xcad1e40
ai:487635:487635 [1] NCCL INFO AllGather: opCount 0 sendbuff 0x7f04c95efe00 recvbuff 0x7f04c95f3400 count 2052 datatype 0 op 0 root 0 comm 0x7f0528002f70 [nranks=4] stream 0xc9e1f80
ai:487634:487634 [0] NCCL INFO AllGather: opCount 0 sendbuff 0x7fd923bd6200 recvbuff 0x7fd9239fbe00 count 2052 datatype 0 op 0 root 0 comm 0x7fd988002f70 [nranks=4] stream 0xc62dd60
ai:487635:487635 [1] NCCL INFO AllGather: opCount 0 sendbuff 0x7f04c95f5400 recvbuff 0x7f04c95f7600 count 8196 datatype 0 op 0 root 0 comm 0x7f0528002f70 [nranks=4] stream 0xc9e1f80
ai:487637:487637 [3] NCCL INFO AllGather: opCount 0 sendbuff 0x7f42e1bf8600 recvbuff 0x7f42d29ec800 count 16388 datatype 0 op 0 root 0 comm 0x7f4344002f70 [nranks=4] stream 0xcad1e40
ai:487635:487635 [1] NCCL INFO AllGather: opCount 0 sendbuff 0x7f04c95f3400 recvbuff 0x7f04c95f7600 count 2052 datatype 0 op 0 root 0 comm 0x7f0528002f70 [nranks=4] stream 0xc9e1f80
ai:487635:487635 [1] NCCL INFO AllGather: opCount 0 sendbuff 0x7f04c95f3c00 recvbuff 0x7f04c95f7600 count 2052 datatype 0 op 0 root 0 comm 0x7f0528002f70 [nranks=4] stream 0xc9e1f80
ai:487637:487637 [3] NCCL INFO AllGather: opCount 0 sendbuff 0x7f42d29fea00 recvbuff 0x7f42de7e2000 count 4100 datatype 0 op 0 root 0 comm 0x7f4344002f70 [nranks=4] stream 0xcad1e40
ai:487637:487637 [3] NCCL INFO AllGather: opCount 0 sendbuff 0x7f42e1bf4600 recvbuff 0x7f42de7e6200 count 4100 datatype 0 op 0 root 0 comm 0x7f4344002f70 [nranks=4] stream 0xcad1e40
ai:487635:487635 [1] NCCL INFO AllGather: opCount 0 sendbuff 0x7f04c95f8600 recvbuff 0x7f04c97e8000 count 8196 datatype 0 op 0 root 0 comm 0x7f0528002f70 [nranks=4] stream 0xc9e1f80
ai:487637:487637 [3] NCCL INFO AllGather: opCount 0 sendbuff 0x7f42de7f2800 recvbuff 0x7f42d2d00000 count 16388 datatype 0 op 0 root 0 comm 0x7f4344002f70 [nranks=4] stream 0xcad1e40
ai:487634:487634 [0] NCCL INFO AllGather: opCount 0 sendbuff 0x7fd997ff3000 recvbuff 0x7fd923be8600 count 516 datatype 0 op 0 root 0 comm 0x7fd988002f70 [nranks=4] stream 0xc62dd60
ai:487635:487635 [1] NCCL INFO AllGather: opCount 0 sendbuff 0x7f04c95f4a00 recvbuff 0x7f04c95fa600 count 2052 datatype 0 op 0 root 0 comm 0x7f0528002f70 [nranks=4] stream 0xc9e1f80
ai:487635:487635 [1] NCCL INFO AllGather: opCount 0 sendbuff 0x7f04c95f7a00 recvbuff 0x7f04c95fa600 count 2052 datatype 0 op 0 root 0 comm 0x7f0528002f70 [nranks=4] stream 0xc9e1f80
ai:487635:487635 [1] NCCL INFO AllGather: opCount 0 sendbuff 0x7f04c95fc600 recvbuff 0x7f04c97e8000 count 8196 datatype 0 op 0 root 0 comm 0x7f0528002f70 [nranks=4] stream 0xc9e1f80
ai:487634:487634 [0] NCCL INFO AllGather: opCount 0 sendbuff 0x7fd997ff3800 recvbuff 0x7fd925bfe000 count 516 datatype 0 op 0 root 0 comm 0x7fd988002f70 [nranks=4] stream 0xc62dd60
ai:487637:487637 [3] NCCL INFO AllGather: opCount 0 sendbuff 0x7f42d2d90200 recvbuff 0x7f42d2db8200 count 32768 datatype 0 op 0 root 0 comm 0x7f4344002f70 [nranks=4] stream 0xcad1e40
ai:487637:487637 [3] NCCL INFO AllGather: opCount 0 sendbuff 0x7f43e4986400 recvbuff 0x7f42d2fa0000 count 32768 datatype 0 op 0 root 0 comm 0x7f4344002f70 [nranks=4] stream 0xcad1e40
ai:487635:487635 [1] NCCL INFO AllGather: opCount 0 sendbuff 0x7f04c95fea00 recvbuff 0x7f04c97e8000 count 2052 datatype 0 op 0 root 0 comm 0x7f0528002f70 [nranks=4] stream 0xc9e1f80
ai:487634:487634 [0] NCCL INFO AllGather: opCount 0 sendbuff 0x7fd98d5e5e00 recvbuff 0x7fd9203d6800 count 2052 datatype 0 op 0 root 0 comm 0x7fd988002f70 [nranks=4] stream 0xc62dd60
ai:487635:487635 [1] NCCL INFO AllGather: opCount 0 sendbuff 0x7f04c95ff600 recvbuff 0x7f04c97e8000 count 2052 datatype 0 op 0 root 0 comm 0x7f0528002f70 [nranks=4] stream 0xc9e1f80
ai:487634:487634 [0] NCCL INFO AllGather: opCount 0 sendbuff 0x7fd925bfec00 recvbuff 0x7fd997ffe600 count 516 datatype 0 op 0 root 0 comm 0x7fd988002f70 [nranks=4] stream 0xc62dd60
ai:487635:487635 [1] NCCL INFO AllGather: opCount 0 sendbuff 0x7f04c97e8000 recvbuff 0x7f04c97ea200 count 8196 datatype 0 op 0 root 0 comm 0x7f0528002f70 [nranks=4] stream 0xc9e1f80
ai:487634:487634 [0] NCCL INFO AllGather: opCount 0 sendbuff 0x7fd91e7fea00 recvbuff 0x7fd91e7fee00 count 516 datatype 0 op 0 root 0 comm 0x7fd988002f70 [nranks=4] stream 0xc62dd60
ai:487634:487634 [0] NCCL INFO AllGather: opCount 0 sendbuff 0x7fd9235f6600 recvbuff 0x7fd923bfce00 count 2052 datatype 0 op 0 root 0 comm 0x7fd988002f70 [nranks=4] stream 0xc62dd60
ai:487635:487635 [1] NCCL INFO AllGather: opCount 0 sendbuff 0x7f04c97ea000 recvbuff 0x7f04c97eb200 count 4100 datatype 0 op 0 root 0 comm 0x7f0528002f70 [nranks=4] stream 0xc9e1f80
ai:487634:487634 [0] NCCL INFO AllGather: opCount 0 sendbuff 0x7fd925bf9200 recvbuff 0x7fd925bf9800 count 1028 datatype 0 op 0 root 0 comm 0x7fd988002f70 [nranks=4] stream 0xc62dd60
ai:487635:487635 [1] NCCL INFO AllGather: opCount 0 sendbuff 0x7f04c97ea000 recvbuff 0x7f04c97eb200 count 4100 datatype 0 op 0 root 0 comm 0x7f0528002f70 [nranks=4] stream 0xc9e1f80
ai:487634:487634 [0] NCCL INFO AllGather: opCount 0 sendbuff 0x7fd9959be200 recvbuff 0x7fd98d5faa00 count 1028 datatype 0 op 0 root 0 comm 0x7fd988002f70 [nranks=4] stream 0xc62dd60
ai:487634:487634 [0] NCCL INFO AllGather: opCount 0 sendbuff 0x7fd98d5da400 recvbuff 0x7fd923be3e00 count 4100 datatype 0 op 0 root 0 comm 0x7fd988002f70 [nranks=4] stream 0xc62dd60
ai:487635:487635 [1] NCCL INFO AllGather: opCount 0 sendbuff 0x7f04c97ef200 recvbuff 0x7f04c9be8000 count 16388 datatype 0 op 0 root 0 comm 0x7f0528002f70 [nranks=4] stream 0xc9e1f80
ai:487634:487634 [0] NCCL INFO AllGather: opCount 0 sendbuff 0x7fd91e5fd800 recvbuff 0x7fd9203f2200 count 4100 datatype 0 op 0 root 0 comm 0x7fd988002f70 [nranks=4] stream 0xc62dd60
ai:487635:487635 [1] NCCL INFO AllGather: opCount 0 sendbuff 0x7f04c9bea000 recvbuff 0x7f04c97eb200 count 16388 datatype 0 op 0 root 0 comm 0x7f0528002f70 [nranks=4] stream 0xc9e1f80
ai:487635:487635 [1] NCCL INFO AllGather: opCount 0 sendbuff 0x7f04c9bfc200 recvbuff 0x7f04c97eb200 count 4100 datatype 0 op 0 root 0 comm 0x7f0528002f70 [nranks=4] stream 0xc9e1f80
ai:487634:487634 [0] NCCL INFO AllGather: opCount 0 sendbuff 0x7fd98d5fbe00 recvbuff 0x7fd9239ea600 count 1028 datatype 0 op 0 root 0 comm 0x7fd988002f70 [nranks=4] stream 0xc62dd60
ai:487635:487635 [1] NCCL INFO AllGather: opCount 0 sendbuff 0x7f04c9bfda00 recvbuff 0x7f04c97eb200 count 4100 datatype 0 op 0 root 0 comm 0x7f0528002f70 [nranks=4] stream 0xc9e1f80
ai:487634:487634 [0] NCCL INFO AllGather: opCount 0 sendbuff 0x7fd91e5ff200 recvbuff 0x7fd925bc8400 count 1028 datatype 0 op 0 root 0 comm 0x7fd988002f70 [nranks=4] stream 0xc62dd60
ai:487635:487635 [1] NCCL INFO AllGather: opCount 0 sendbuff 0x7f04c97ef200 recvbuff 0x7f04c9be8000 count 16388 datatype 0 op 0 root 0 comm 0x7f0528002f70 [nranks=4] stream 0xc9e1f80
ai:487635:487635 [1] NCCL INFO AllGather: opCount 0 sendbuff 0x7f04c97eb200 recvbuff 0x7f04c97f3200 count 4100 datatype 0 op 0 root 0 comm 0x7f0528002f70 [nranks=4] stream 0xc9e1f80
ai:487635:487635 [1] NCCL INFO AllGather: opCount 0 sendbuff 0x7f04c97eba00 recvbuff 0x7f04c97f3200 count 4100 datatype 0 op 0 root 0 comm 0x7f0528002f70 [nranks=4] stream 0xc9e1f80
ai:487635:487635 [1] NCCL INFO AllGather: opCount 0 sendbuff 0x7f04c97f5200 recvbuff 0x7f04c9be8000 count 16388 datatype 0 op 0 root 0 comm 0x7f0528002f70 [nranks=4] stream 0xc9e1f80
ai:487634:487634 [0] NCCL INFO AllGather: opCount 0 sendbuff 0x7fd9959ac600 recvbuff 0x7fd91e7a0000 count 4100 datatype 0 op 0 root 0 comm 0x7fd988002f70 [nranks=4] stream 0xc62dd60
ai:487635:487635 [1] NCCL INFO AllGather: opCount 0 sendbuff 0x7f04c9bfee00 recvbuff 0x7f04c97ff400 count 516 datatype 0 op 0 root 0 comm 0x7f0528002f70 [nranks=4] stream 0xc9e1f80
ai:487635:487635 [1] NCCL INFO AllGather: opCount 0 sendbuff 0x7f04c97ff600 recvbuff 0x7f04c97f3200 count 516 datatype 0 op 0 root 0 comm 0x7f0528002f70 [nranks=4] stream 0xc9e1f80
ai:487634:487634 [0] NCCL INFO AllGather: opCount 0 sendbuff 0x7fd9235f7e00 recvbuff 0x7fd925bf8000 count 1028 datatype 0 op 0 root 0 comm 0x7fd988002f70 [nranks=4] stream 0xc62dd60
ai:487635:487635 [1] NCCL INFO AllGather: opCount 0 sendbuff 0x7f04c97f3200 recvbuff 0x7f04c97f3600 count 516 datatype 0 op 0 root 0 comm 0x7f0528002f70 [nranks=4] stream 0xc9e1f80
ai:487634:487634 [0] NCCL INFO AllGather: opCount 0 sendbuff 0x7fd9235f4a00 recvbuff 0x7fd923bd2600 count 1028 datatype 0 op 0 root 0 comm 0x7fd988002f70 [nranks=4] stream 0xc62dd60
ai:487634:487634 [0] NCCL INFO AllGather: opCount 0 sendbuff 0x7fd923bd3800 recvbuff 0x7fd925beae00 count 4100 datatype 0 op 0 root 0 comm 0x7fd988002f70 [nranks=4] stream 0xc62dd60
ai:487635:487635 [1] NCCL INFO AllGather: opCount 0 sendbuff 0x7f04c97f3e00 recvbuff 0x7f04c97f9200 count 2052 datatype 0 op 0 root 0 comm 0x7f0528002f70 [nranks=4] stream 0xc9e1f80
ai:487634:487634 [0] NCCL INFO AllGather: opCount 0 sendbuff 0x7fd925bff600 recvbuff 0x7fd9239e8000 count 1028 datatype 0 op 0 root 0 comm 0x7fd988002f70 [nranks=4] stream 0xc62dd60
ai:487635:487635 [1] NCCL INFO AllGather: opCount 0 sendbuff 0x7f04c97f4600 recvbuff 0x7f04c97f9200 count 2052 datatype 0 op 0 root 0 comm 0x7f0528002f70 [nranks=4] stream 0xc9e1f80
ai:487635:487635 [1] NCCL INFO AllGather: opCount 0 sendbuff 0x7f04c97f3600 recvbuff 0x7f04c97f9200 count 516 datatype 0 op 0 root 0 comm 0x7f0528002f70 [nranks=4] stream 0xc9e1f80
ai:487634:487634 [0] NCCL INFO AllGather: opCount 0 sendbuff 0x7fd9239ecc00 recvbuff 0x7fd9239fbe00 count 1028 datatype 0 op 0 root 0 comm 0x7fd988002f70 [nranks=4] stream 0xc62dd60
ai:487635:487635 [1] NCCL INFO AllGather: opCount 0 sendbuff 0x7f04c97f9200 recvbuff 0x7f04c97f9600 count 516 datatype 0 op 0 root 0 comm 0x7f0528002f70 [nranks=4] stream 0xc9e1f80
ai:487634:487634 [0] NCCL INFO AllGather: opCount 0 sendbuff 0x7fd925bf2200 recvbuff 0x7fd9203fa400 count 4100 datatype 0 op 0 root 0 comm 0x7fd988002f70 [nranks=4] stream 0xc62dd60
ai:487635:487635 [1] NCCL INFO AllGather: opCount 0 sendbuff 0x7f04c97f9e00 recvbuff 0x7f04c97eca00 count 2052 datatype 0 op 0 root 0 comm 0x7f0528002f70 [nranks=4] stream 0xc9e1f80
ai:487635:487635 [1] NCCL INFO AllGather: opCount 0 sendbuff 0x7f04c97f9600 recvbuff 0x7f04c97fa200 count 516 datatype 0 op 0 root 0 comm 0x7f0528002f70 [nranks=4] stream 0xc9e1f80
ai:487634:487634 [0] NCCL INFO AllGather: opCount 0 sendbuff 0x7fd923be8600 recvbuff 0x7fd9203d6800 count 2052 datatype 0 op 0 root 0 comm 0x7fd988002f70 [nranks=4] stream 0xc62dd60
ai:487635:487635 [1] NCCL INFO AllGather: opCount 0 sendbuff 0x7f04c97fa200 recvbuff 0x7f04c97fa600 count 516 datatype 0 op 0 root 0 comm 0x7f0528002f70 [nranks=4] stream 0xc9e1f80
ai:487635:487635 [1] NCCL INFO AllGather: opCount 0 sendbuff 0x7f04c97eca00 recvbuff 0x7f04c9be8000 count 2052 datatype 0 op 0 root 0 comm 0x7f0528002f70 [nranks=4] stream 0xc9e1f80
ai:487634:487634 [0] NCCL INFO AllGather: opCount 0 sendbuff 0x7fd9235f6600 recvbuff 0x7fd923bfce00 count 2052 datatype 0 op 0 root 0 comm 0x7fd988002f70 [nranks=4] stream 0xc62dd60
ai:487635:487635 [1] NCCL INFO AllGather: opCount 0 sendbuff 0x7f04c97fa600 recvbuff 0x7f04c97ece00 count 1028 datatype 0 op 0 root 0 comm 0x7f0528002f70 [nranks=4] stream 0xc9e1f80
ai:487635:487635 [1] NCCL INFO AllGather: opCount 0 sendbuff 0x7f04c97ece00 recvbuff 0x7f04c97ed400 count 1028 datatype 0 op 0 root 0 comm 0x7f0528002f70 [nranks=4] stream 0xc9e1f80
ai:487634:487634 [0] NCCL INFO AllGather: opCount 0 sendbuff 0x7fd925bf3400 recvbuff 0x7fd9203d9a00 count 8196 datatype 0 op 0 root 0 comm 0x7fd988002f70 [nranks=4] stream 0xc62dd60
ai:487635:487635 [1] NCCL INFO AllGather: opCount 0 sendbuff 0x7f04c9be8000 recvbuff 0x7f04c9be9200 count 4100 datatype 0 op 0 root 0 comm 0x7f0528002f70 [nranks=4] stream 0xc9e1f80
ai:487635:487635 [1] NCCL INFO AllGather: opCount 0 sendbuff 0x7f04c9be8800 recvbuff 0x7f04c9be9a00 count 4100 datatype 0 op 0 root 0 comm 0x7f0528002f70 [nranks=4] stream 0xc9e1f80
ai:487635:487635 [1] NCCL INFO AllGather: opCount 0 sendbuff 0x7f04c97ed000 recvbuff 0x7f04c9be9a00 count 1028 datatype 0 op 0 root 0 comm 0x7f0528002f70 [nranks=4] stream 0xc9e1f80
ai:487635:487635 [1] NCCL INFO AllGather: opCount 0 sendbuff 0x7f04c97ed600 recvbuff 0x7f04c9be9a00 count 1028 datatype 0 op 0 root 0 comm 0x7f0528002f70 [nranks=4] stream 0xc9e1f80
ai:487634:487634 [0] NCCL INFO AllGather: opCount 0 sendbuff 0x7fd9203e1c00 recvbuff 0x7fd9203e5e00 count 8196 datatype 0 op 0 root 0 comm 0x7fd988002f70 [nranks=4] stream 0xc62dd60
ai:487635:487635 [1] NCCL INFO AllGather: opCount 0 sendbuff 0x7f04c9beaa00 recvbuff 0x7f04c9bebc00 count 4100 datatype 0 op 0 root 0 comm 0x7f0528002f70 [nranks=4] stream 0xc9e1f80
ai:487634:487634 [0] NCCL INFO AllGather: opCount 0 sendbuff 0x7fd98d5e5e00 recvbuff 0x7fd9203ee000 count 2052 datatype 0 op 0 root 0 comm 0x7fd988002f70 [nranks=4] stream 0xc62dd60
ai:487635:487635 [1] NCCL INFO AllGather: opCount 0 sendbuff 0x7f04c9be9a00 recvbuff 0x7f04c9bebc00 count 1028 datatype 0 op 0 root 0 comm 0x7f0528002f70 [nranks=4] stream 0xc9e1f80
ai:487634:487634 [0] NCCL INFO AllGather: opCount 0 sendbuff 0x7fd997ffe600 recvbuff 0x7fd91e7a0000 count 2052 datatype 0 op 0 root 0 comm 0x7fd988002f70 [nranks=4] stream 0xc62dd60
ai:487635:487635 [1] NCCL INFO AllGather: opCount 0 sendbuff 0x7f04c9be9c00 recvbuff 0x7f04c9bebc00 count 1028 datatype 0 op 0 root 0 comm 0x7f0528002f70 [nranks=4] stream 0xc9e1f80
ai:487635:487635 [1] NCCL INFO AllGather: opCount 0 sendbuff 0x7f04c9bec400 recvbuff 0x7f04c9bed600 count 4100 datatype 0 op 0 root 0 comm 0x7f0528002f70 [nranks=4] stream 0xc9e1f80
ai:487635:487635 [1] NCCL INFO AllGather: opCount 0 sendbuff 0x7f04c9bebe00 recvbuff 0x7f04c9bed600 count 1028 datatype 0 op 0 root 0 comm 0x7f0528002f70 [nranks=4] stream 0xc9e1f80
ai:487634:487634 [0] NCCL INFO AllGather: opCount 0 sendbuff 0x7fd925bf8000 recvbuff 0x7fd9239efa00 count 8196 datatype 0 op 0 root 0 comm 0x7fd988002f70 [nranks=4] stream 0xc62dd60
ai:487635:487635 [1] NCCL INFO AllGather: opCount 0 sendbuff 0x7f04c9bea000 recvbuff 0x7f04c9bed600 count 1028 datatype 0 op 0 root 0 comm 0x7f0528002f70 [nranks=4] stream 0xc9e1f80
ai:487635:487635 [1] NCCL INFO AllGather: opCount 0 sendbuff 0x7f04c9bee600 recvbuff 0x7f04c9bef800 count 4100 datatype 0 op 0 root 0 comm 0x7f0528002f70 [nranks=4] stream 0xc9e1f80
ai:487634:487634 [0] NCCL INFO AllGather: opCount 0 sendbuff 0x7fd91e7fea00 recvbuff 0x7fd9239f7c00 count 2052 datatype 0 op 0 root 0 comm 0x7fd988002f70 [nranks=4] stream 0xc62dd60
ai:487635:487635 [1] NCCL INFO AllGather: opCount 0 sendbuff 0x7f04c9beda00 recvbuff 0x7f04c9bef800 count 2052 datatype 0 op 0 root 0 comm 0x7f0528002f70 [nranks=4] stream 0xc9e1f80
ai:487634:487634 [0] NCCL INFO AllGather: opCount 0 sendbuff 0x7fd923be8600 recvbuff 0x7fd9203d6800 count 2052 datatype 0 op 0 root 0 comm 0x7fd988002f70 [nranks=4] stream 0xc62dd60
ai:487635:487635 [1] NCCL INFO AllGather: opCount 0 sendbuff 0x7f04c9bef800 recvbuff 0x7f04c9bf0200 count 2052 datatype 0 op 0 root 0 comm 0x7f0528002f70 [nranks=4] stream 0xc9e1f80
ai:487634:487634 [0] NCCL INFO AllGather: opCount 0 sendbuff 0x7fd9239fbe00 recvbuff 0x7fd923bd7a00 count 8196 datatype 0 op 0 root 0 comm 0x7fd988002f70 [nranks=4] stream 0xc62dd60
ai:487635:487635 [1] NCCL INFO AllGather: opCount 0 sendbuff 0x7f04c9bf1c00 recvbuff 0x7f04c3f00000 count 8196 datatype 0 op 0 root 0 comm 0x7f0528002f70 [nranks=4] stream 0xc9e1f80
ai:487634:487634 [0] NCCL INFO AllGather: opCount 0 sendbuff 0x7fd9235f6600 recvbuff 0x7fd923bdfc00 count 2052 datatype 0 op 0 root 0 comm 0x7fd988002f70 [nranks=4] stream 0xc62dd60
ai:487634:487634 [0] NCCL INFO AllGather: opCount 0 sendbuff 0x7fd9239e9000 recvbuff 0x7fd923bfce00 count 2052 datatype 0 op 0 root 0 comm 0x7fd988002f70 [nranks=4] stream 0xc62dd60
ai:487634:487634 [0] NCCL INFO AllGather: opCount 0 sendbuff 0x7fd925bf2200 recvbuff 0x7fd9203d9a00 count 8196 datatype 0 op 0 root 0 comm 0x7fd988002f70 [nranks=4] stream 0xc62dd60
ai:487634:487634 [0] NCCL INFO AllGather: opCount 0 sendbuff 0x7fd925bf5400 recvbuff 0x7fd9203f3200 count 2052 datatype 0 op 0 root 0 comm 0x7fd988002f70 [nranks=4] stream 0xc62dd60
ai:487635:487635 [1] NCCL INFO AllGather: opCount 0 sendbuff 0x7f04c9bf3c00 recvbuff 0x7f04c5b00000 count 8196 datatype 0 op 0 root 0 comm 0x7f0528002f70 [nranks=4] stream 0xc9e1f80
ai:487634:487634 [0] NCCL INFO AllGather: opCount 0 sendbuff 0x7fd9203f5800 recvbuff 0x7fd9203e1c00 count 2052 datatype 0 op 0 root 0 comm 0x7fd988002f70 [nranks=4] stream 0xc62dd60
ai:487634:487634 [0] NCCL INFO AllGather: opCount 0 sendbuff 0x7fd9203fb400 recvbuff 0x7fd9203e5e00 count 8196 datatype 0 op 0 root 0 comm 0x7fd988002f70 [nranks=4] stream 0xc62dd60
ai:487635:487635 [1] NCCL INFO AllGather: opCount 0 sendbuff 0x7f04c9bf0000 recvbuff 0x7f04c9bf5c00 count 2052 datatype 0 op 0 root 0 comm 0x7f0528002f70 [nranks=4] stream 0xc9e1f80
ai:487634:487634 [0] NCCL INFO AllGather: opCount 0 sendbuff 0x7fd9203fa400 recvbuff 0x7fd9203ee000 count 2052 datatype 0 op 0 root 0 comm 0x7fd988002f70 [nranks=4] stream 0xc62dd60
ai:487634:487634 [0] NCCL INFO AllGather: opCount 0 sendbuff 0x7fd91e7a2a00 recvbuff 0x7fd923be4e00 count 2052 datatype 0 op 0 root 0 comm 0x7fd988002f70 [nranks=4] stream 0xc62dd60
ai:487634:487634 [0] NCCL INFO AllGather: opCount 0 sendbuff 0x7fd925bebe00 recvbuff 0x7fd923bea600 count 8196 datatype 0 op 0 root 0 comm 0x7fd988002f70 [nranks=4] stream 0xc62dd60
ai:487634:487634 [0] NCCL INFO AllGather: opCount 0 sendbuff 0x7fd923bf3800 recvbuff 0x7fd9235e8000 count 4100 datatype 0 op 0 root 0 comm 0x7fd988002f70 [nranks=4] stream 0xc62dd60
ai:487635:487635 [1] NCCL INFO AllGather: opCount 0 sendbuff 0x7f04c9bf0800 recvbuff 0x7f04c9bf5c00 count 2052 datatype 0 op 0 root 0 comm 0x7f0528002f70 [nranks=4] stream 0xc9e1f80
ai:487634:487634 [0] NCCL INFO AllGather: opCount 0 sendbuff 0x7fd9235ec200 recvbuff 0x7fd9235ee600 count 4100 datatype 0 op 0 root 0 comm 0x7fd988002f70 [nranks=4] stream 0xc62dd60
ai:487634:487634 [0] NCCL INFO AllGather: opCount 0 sendbuff 0x7fd923bf6a00 recvbuff 0x7fd91e4c0000 count 16388 datatype 0 op 0 root 0 comm 0x7fd988002f70 [nranks=4] stream 0xc62dd60
ai:487634:487634 [0] NCCL INFO AllGather: opCount 0 sendbuff 0x7fd923bca000 recvbuff 0x7fd91e5d0200 count 16388 datatype 0 op 0 root 0 comm 0x7fd988002f70 [nranks=4] stream 0xc62dd60
ai:487635:487635 [1] NCCL INFO AllGather: opCount 0 sendbuff 0x7f04c5d00000 recvbuff 0x7f04c5d02200 count 8196 datatype 0 op 0 root 0 comm 0x7f0528002f70 [nranks=4] stream 0xc9e1f80
ai:487634:487634 [0] NCCL INFO AllGather: opCount 0 sendbuff 0x7fd9235fce00 recvbuff 0x7fd9239efa00 count 4100 datatype 0 op 0 root 0 comm 0x7fd988002f70 [nranks=4] stream 0xc62dd60
ai:487634:487634 [0] NCCL INFO AllGather: opCount 0 sendbuff 0x7fd923bfb400 recvbuff 0x7fd91e5e4400 count 4100 datatype 0 op 0 root 0 comm 0x7fd988002f70 [nranks=4] stream 0xc62dd60
ai:487634:487634 [0] NCCL INFO AllGather: opCount 0 sendbuff 0x7fd91e5e8600 recvbuff 0x7fd9203c0000 count 16388 datatype 0 op 0 root 0 comm 0x7fd988002f70 [nranks=4] stream 0xc62dd60
ai:487634:487634 [0] NCCL INFO AllGather: opCount 0 sendbuff 0x7fd9239f5c00 recvbuff 0x7fd9203d0200 count 4100 datatype 0 op 0 root 0 comm 0x7fd988002f70 [nranks=4] stream 0xc62dd60
ai:487634:487634 [0] NCCL INFO AllGather: opCount 0 sendbuff 0x7fd91e7a0000 recvbuff 0x7fd91e5ec800 count 4100 datatype 0 op 0 root 0 comm 0x7fd988002f70 [nranks=4] stream 0xc62dd60
ai:487634:487634 [0] NCCL INFO AllGather: opCount 0 sendbuff 0x7fd91e5f2a00 recvbuff 0x7fd91e7e4200 count 16388 datatype 0 op 0 root 0 comm 0x7fd988002f70 [nranks=4] stream 0xc62dd60
ai:487635:487635 [1] NCCL INFO AllGather: opCount 0 sendbuff 0x7f04c9bf1000 recvbuff 0x7f04c9bf5c00 count 2052 datatype 0 op 0 root 0 comm 0x7f0528002f70 [nranks=4] stream 0xc9e1f80
ai:487635:487635 [1] NCCL INFO AllGather: opCount 0 sendbuff 0x7f04c9bf5c00 recvbuff 0x7f04c5dc2200 count 2052 datatype 0 op 0 root 0 comm 0x7f0528002f70 [nranks=4] stream 0xc9e1f80
ai:487635:487635 [1] NCCL INFO AllGather: opCount 0 sendbuff 0x7f04c5dc3200 recvbuff 0x7f04c5dc5400 count 8196 datatype 0 op 0 root 0 comm 0x7f0528002f70 [nranks=4] stream 0xc9e1f80
ai:487635:487635 [1] NCCL INFO AllGather: opCount 0 sendbuff 0x7f04c5dc2200 recvbuff 0x7f04c5dc5400 count 2052 datatype 0 op 0 root 0 comm 0x7f0528002f70 [nranks=4] stream 0xc9e1f80
ai:487635:487635 [1] NCCL INFO AllGather: opCount 0 sendbuff 0x7f04c9bf6400 recvbuff 0x7f04c5dc5400 count 2052 datatype 0 op 0 root 0 comm 0x7f0528002f70 [nranks=4] stream 0xc9e1f80
ai:487634:487634 [0] NCCL INFO AllGather: opCount 0 sendbuff 0x7fd923bd7a00 recvbuff 0x7fd9127c8000 count 32768 datatype 0 op 0 root 0 comm 0x7fd988002f70 [nranks=4] stream 0xc62dd60
ai:487634:487634 [0] NCCL INFO AllGather: opCount 0 sendbuff 0x7fd9127a0000 recvbuff 0x7fd9108a8000 count 32768 datatype 0 op 0 root 0 comm 0x7fd988002f70 [nranks=4] stream 0xc62dd60
ai:487635:487635 [1] NCCL INFO AllGather: opCount 0 sendbuff 0x7f04c5dc6400 recvbuff 0x7f04c5dc8600 count 8196 datatype 0 op 0 root 0 comm 0x7f0528002f70 [nranks=4] stream 0xc9e1f80
ai:487635:487635 [1] NCCL INFO AllGather: opCount 0 sendbuff 0x7f04c5dc5400 recvbuff 0x7f04c5dc8600 count 2052 datatype 0 op 0 root 0 comm 0x7f0528002f70 [nranks=4] stream 0xc9e1f80
ai:487635:487635 [1] NCCL INFO AllGather: opCount 0 sendbuff 0x7f04c9bf6800 recvbuff 0x7f04c5dc8600 count 2052 datatype 0 op 0 root 0 comm 0x7f0528002f70 [nranks=4] stream 0xc9e1f80
ai:487635:487635 [1] NCCL INFO AllGather: opCount 0 sendbuff 0x7f04c5dc9600 recvbuff 0x7f04c5dcb800 count 8196 datatype 0 op 0 root 0 comm 0x7f0528002f70 [nranks=4] stream 0xc9e1f80
ai:487635:487635 [1] NCCL INFO AllGather: opCount 0 sendbuff 0x7f04c5dc8600 recvbuff 0x7f04c5dcb800 count 2052 datatype 0 op 0 root 0 comm 0x7f0528002f70 [nranks=4] stream 0xc9e1f80
ai:487635:487635 [1] NCCL INFO AllGather: opCount 0 sendbuff 0x7f04c9bf6c00 recvbuff 0x7f04c5dcb800 count 2052 datatype 0 op 0 root 0 comm 0x7f0528002f70 [nranks=4] stream 0xc9e1f80
ai:487635:487635 [1] NCCL INFO AllGather: opCount 0 sendbuff 0x7f04c5dcd800 recvbuff 0x7f04c5dcfa00 count 8196 datatype 0 op 0 root 0 comm 0x7f0528002f70 [nranks=4] stream 0xc9e1f80
ai:487635:487635 [1] NCCL INFO AllGather: opCount 0 sendbuff 0x7f04c5dcc000 recvbuff 0x7f04c5dcfa00 count 4100 datatype 0 op 0 root 0 comm 0x7f0528002f70 [nranks=4] stream 0xc9e1f80
ai:487635:487635 [1] NCCL INFO AllGather: opCount 0 sendbuff 0x7f04c5defa00 recvbuff 0x7f04c5df0c00 count 4100 datatype 0 op 0 root 0 comm 0x7f0528002f70 [nranks=4] stream 0xc9e1f80
ai:487635:487635 [1] NCCL INFO AllGather: opCount 0 sendbuff 0x7f04c5df4200 recvbuff 0x7f04b81e0000 count 16388 datatype 0 op 0 root 0 comm 0x7f0528002f70 [nranks=4] stream 0xc9e1f80
ai:487635:487635 [1] NCCL INFO AllGather: opCount 0 sendbuff 0x7f04c5df8200 recvbuff 0x7f04b81e0000 count 16388 datatype 0 op 0 root 0 comm 0x7f0528002f70 [nranks=4] stream 0xc9e1f80
ai:487635:487635 [1] NCCL INFO AllGather: opCount 0 sendbuff 0x7f04c5dfc200 recvbuff 0x7f04b8500000 count 4100 datatype 0 op 0 root 0 comm 0x7f0528002f70 [nranks=4] stream 0xc9e1f80
ai:487635:487635 [1] NCCL INFO AllGather: opCount 0 sendbuff 0x7f04c5dfd200 recvbuff 0x7f04b8500000 count 4100 datatype 0 op 0 root 0 comm 0x7f0528002f70 [nranks=4] stream 0xc9e1f80
ai:487635:487635 [1] NCCL INFO AllGather: opCount 0 sendbuff 0x7f04b8500000 recvbuff 0x7f04b85e4200 count 16388 datatype 0 op 0 root 0 comm 0x7f0528002f70 [nranks=4] stream 0xc9e1f80
ai:487635:487635 [1] NCCL INFO AllGather: opCount 0 sendbuff 0x7f04c5dfe200 recvbuff 0x7f04b85e4200 count 4100 datatype 0 op 0 root 0 comm 0x7f0528002f70 [nranks=4] stream 0xc9e1f80
ai:487635:487635 [1] NCCL INFO AllGather: opCount 0 sendbuff 0x7f04c5df0200 recvbuff 0x7f04b85e4200 count 4100 datatype 0 op 0 root 0 comm 0x7f0528002f70 [nranks=4] stream 0xc9e1f80
ai:487635:487635 [1] NCCL INFO AllGather: opCount 0 sendbuff 0x7f04b85e6200 recvbuff 0x7f04b85ea400 count 16388 datatype 0 op 0 root 0 comm 0x7f0528002f70 [nranks=4] stream 0xc9e1f80
ai:487635:487635 [1] NCCL INFO AllGather: opCount 0 sendbuff 0x7f04b85ea400 recvbuff 0x7f04b89a0000 count 32768 datatype 0 op 0 root 0 comm 0x7f0528002f70 [nranks=4] stream 0xc9e1f80
ai:487635:487635 [1] NCCL INFO AllGather: opCount 0 sendbuff 0x7f04b85f2400 recvbuff 0x7f04b89c0000 count 32768 datatype 0 op 0 root 0 comm 0x7f0528002f70 [nranks=4] stream 0xc9e1f80
ai:487637:487637 [3] NCCL INFO AllGather: opCount 0 sendbuff 0x7f42d2d90200 recvbuff 0x7f42d1c80000 count 32768 datatype 0 op 0 root 0 comm 0x7f4344002f70 [nranks=4] stream 0xcad1e40
ai:487634:487634 [0] NCCL INFO AllGather: opCount 0 sendbuff 0x7fd923bd7a00 recvbuff 0x7fd9127a8000 count 32768 datatype 0 op 0 root 0 comm 0x7fd988002f70 [nranks=4] stream 0xc62dd60
ai:487636:487636 [2] NCCL INFO AllGather: opCount 0 sendbuff 0x7fc058df0200 recvbuff 0x7fc057d88000 count 32768 datatype 0 op 0 root 0 comm 0x7fc0c8002f70 [nranks=4] stream 0x6b591b0
ai:487637:487637 [3] NCCL INFO AllGather: opCount 0 sendbuff 0x7f43e4986400 recvbuff 0x7f42d1dc0000 count 32768 datatype 0 op 0 root 0 comm 0x7f4344002f70 [nranks=4] stream 0xcad1e40
ai:487634:487634 [0] NCCL INFO AllGather: opCount 0 sendbuff 0x7fd9127a0000 recvbuff 0x7fd910880000 count 32768 datatype 0 op 0 root 0 comm 0x7fd988002f70 [nranks=4] stream 0xc62dd60
ai:487636:487636 [2] NCCL INFO AllGather: opCount 0 sendbuff 0x7fc058f80000 recvbuff 0x7fc057dc8000 count 32768 datatype 0 op 0 root 0 comm 0x7fc0c8002f70 [nranks=4] stream 0x6b591b0
ai:487635:487635 [1] NCCL INFO AllGather: opCount 0 sendbuff 0x7f04b85ea400 recvbuff 0x7f04b68a0000 count 32768 datatype 0 op 0 root 0 comm 0x7f0528002f70 [nranks=4] stream 0xc9e1f80
ai:487635:487635 [1] NCCL INFO AllGather: opCount 0 sendbuff 0x7f04b85f2400 recvbuff 0x7f04b69c0000 count 32768 datatype 0 op 0 root 0 comm 0x7f0528002f70 [nranks=4] stream 0xc9e1f80
[4pdvGPU Warn(487634:140572014663424:context.c:153)]: into cuCtxGetApiVersion ctx=0x5168cd0
ai:487636:493384 [2] NCCL INFO AllReduce: opCount 0 sendbuff 0x7fc058bf0200 recvbuff 0x7fc058bf0200 count 4096 datatype 7 op 0 root 0 comm 0x7fc0c8002f70 [nranks=4] stream 0x6b591b0
ai:487636:493384 [2] NCCL INFO AllReduce: opCount 0 sendbuff 0x7fc05fdf9600 recvbuff 0x7fc05fdf9600 count 1024 datatype 7 op 0 root 0 comm 0x7fc0c8002f70 [nranks=4] stream 0x6b591b0
ai:487636:493384 [2] NCCL INFO AllReduce: opCount 0 sendbuff 0x7fc0601f0400 recvbuff 0x7fc0601f0400 count 1024 datatype 7 op 0 root 0 comm 0x7fc0c8002f70 [nranks=4] stream 0x6b591b0
ai:487636:493384 [2] NCCL INFO AllReduce: opCount 0 sendbuff 0x7fc0601c6600 recvbuff 0x7fc0601c6600 count 4096 datatype 7 op 0 root 0 comm 0x7fc0c8002f70 [nranks=4] stream 0x6b591b0
ai:487636:493384 [2] NCCL INFO AllReduce: opCount 0 sendbuff 0x7fc0601f2600 recvbuff 0x7fc0601f2600 count 1024 datatype 7 op 0 root 0 comm 0x7fc0c8002f70 [nranks=4] stream 0x6b591b0
ai:487636:493384 [2] NCCL INFO AllReduce: opCount 0 sendbuff 0x7fc061de0600 recvbuff 0x7fc061de0600 count 1024 datatype 7 op 0 root 0 comm 0x7fc0c8002f70 [nranks=4] stream 0x6b591b0
ai:487636:493384 [2] NCCL INFO AllReduce: opCount 0 sendbuff 0x7fc0601fbe00 recvbuff 0x7fc0601fbe00 count 4096 datatype 7 op 0 root 0 comm 0x7fc0c8002f70 [nranks=4] stream 0x6b591b0
ai:487636:493384 [2] NCCL INFO AllReduce: opCount 0 sendbuff 0x7fc0607f0200 recvbuff 0x7fc0607f0200 count 4096 datatype 7 op 0 root 0 comm 0x7fc0c8002f70 [nranks=4] stream 0x6b591b0
ai:487636:493384 [2] NCCL INFO AllReduce: opCount 0 sendbuff 0x7fc061fe4a00 recvbuff 0x7fc061fe4a00 count 1024 datatype 7 op 0 root 0 comm 0x7fc0c8002f70 [nranks=4] stream 0x6b591b0
ai:487636:493384 [2] NCCL INFO AllReduce: opCount 0 sendbuff 0x7fc06bbf6200 recvbuff 0x7fc06bbf6200 count 1024 datatype 7 op 0 root 0 comm 0x7fc0c8002f70 [nranks=4] stream 0x6b591b0
ai:487636:493384 [2] NCCL INFO AllReduce: opCount 0 sendbuff 0x7fc05fdd1400 recvbuff 0x7fc05fdd1400 count 2048 datatype 7 op 0 root 0 comm 0x7fc0c8002f70 [nranks=4] stream 0x6b591b0
ai:487636:493384 [2] NCCL INFO AllReduce: opCount 0 sendbuff 0x7fc05fdd3a00 recvbuff 0x7fc05fdd3a00 count 512 datatype 7 op 0 root 0 comm 0x7fc0c8002f70 [nranks=4] stream 0x6b591b0
ai:487636:493384 [2] NCCL INFO AllReduce: opCount 0 sendbuff 0x7fc0607f5400 recvbuff 0x7fc0607f5400 count 512 datatype 7 op 0 root 0 comm 0x7fc0c8002f70 [nranks=4] stream 0x6b591b0
ai:487636:493384 [2] NCCL INFO AllReduce: opCount 0 sendbuff 0x7fc0d15da800 recvbuff 0x7fc0d15da800 count 2048 datatype 7 op 0 root 0 comm 0x7fc0c8002f70 [nranks=4] stream 0x6b591b0
ai:487637:493389 [3] NCCL INFO AllReduce: opCount 0 sendbuff 0x7f42da7b8400 recvbuff 0x7f42da7b8400 count 4096 datatype 7 op 0 root 0 comm 0x7f4344002f70 [nranks=4] stream 0xcad1e40
ai:487637:493389 [3] NCCL INFO AllReduce: opCount 0 sendbuff 0x7f42da4c0800 recvbuff 0x7f42da4c0800 count 1024 datatype 7 op 0 root 0 comm 0x7f4344002f70 [nranks=4] stream 0xcad1e40
ai:487637:493389 [3] NCCL INFO AllReduce: opCount 0 sendbuff 0x7f42da5fc400 recvbuff 0x7f42da5fc400 count 1024 datatype 7 op 0 root 0 comm 0x7f4344002f70 [nranks=4] stream 0xcad1e40
ai:487637:493389 [3] NCCL INFO AllReduce: opCount 0 sendbuff 0x7f42dbc00000 recvbuff 0x7f42dbc00000 count 4096 datatype 7 op 0 root 0 comm 0x7f4344002f70 [nranks=4] stream 0xcad1e40
ai:487637:493389 [3] NCCL INFO AllReduce: opCount 0 sendbuff 0x7f42da5fe600 recvbuff 0x7f42da5fe600 count 1024 datatype 7 op 0 root 0 comm 0x7f4344002f70 [nranks=4] stream 0xcad1e40
ai:487637:493389 [3] NCCL INFO AllReduce: opCount 0 sendbuff 0x7f42e11fba00 recvbuff 0x7f42e11fba00 count 1024 datatype 7 op 0 root 0 comm 0x7f4344002f70 [nranks=4] stream 0xcad1e40
ai:487637:493389 [3] NCCL INFO AllReduce: opCount 0 sendbuff 0x7f42de7ec400 recvbuff 0x7f42de7ec400 count 4096 datatype 7 op 0 root 0 comm 0x7f4344002f70 [nranks=4] stream 0xcad1e40
ai:487637:493389 [3] NCCL INFO AllReduce: opCount 0 sendbuff 0x7f42e1bf8600 recvbuff 0x7f42e1bf8600 count 4096 datatype 7 op 0 root 0 comm 0x7f4344002f70 [nranks=4] stream 0xcad1e40
ai:487637:493389 [3] NCCL INFO AllReduce: opCount 0 sendbuff 0x7f434b5db800 recvbuff 0x7f434b5db800 count 1024 datatype 7 op 0 root 0 comm 0x7f4344002f70 [nranks=4] stream 0xcad1e40
ai:487637:493389 [3] NCCL INFO AllReduce: opCount 0 sendbuff 0x7f434b5fc600 recvbuff 0x7f434b5fc600 count 1024 datatype 7 op 0 root 0 comm 0x7f4344002f70 [nranks=4] stream 0xcad1e40
ai:487637:493389 [3] NCCL INFO AllReduce: opCount 0 sendbuff 0x7f42d5d88200 recvbuff 0x7f42d5d88200 count 2048 datatype 7 op 0 root 0 comm 0x7f4344002f70 [nranks=4] stream 0xcad1e40
ai:487637:493389 [3] NCCL INFO AllReduce: opCount 0 sendbuff 0x7f42da7fd600 recvbuff 0x7f42da7fd600 count 512 datatype 7 op 0 root 0 comm 0x7f4344002f70 [nranks=4] stream 0xcad1e40
ai:487636:493384 [2] NCCL INFO AllReduce: opCount 0 sendbuff 0x7fc061dd0800 recvbuff 0x7fc061dd0800 count 512 datatype 7 op 0 root 0 comm 0x7fc0c8002f70 [nranks=4] stream 0x6b591b0
ai:487636:493384 [2] NCCL INFO AllReduce: opCount 0 sendbuff 0x7fc061dd2200 recvbuff 0x7fc061dd2200 count 512 datatype 7 op 0 root 0 comm 0x7fc0c8002f70 [nranks=4] stream 0x6b591b0
ai:487636:493384 [2] NCCL INFO AllReduce: opCount 0 sendbuff 0x7fc061dc0800 recvbuff 0x7fc061dc0800 count 2048 datatype 7 op 0 root 0 comm 0x7fc0c8002f70 [nranks=4] stream 0x6b591b0
ai:487636:493384 [2] NCCL INFO AllReduce: opCount 0 sendbuff 0x7fc06bbf8a00 recvbuff 0x7fc06bbf8a00 count 512 datatype 7 op 0 root 0 comm 0x7fc0c8002f70 [nranks=4] stream 0x6b591b0
ai:487636:493384 [2] NCCL INFO AllReduce: opCount 0 sendbuff 0x7fc0d99f3200 recvbuff 0x7fc0d99f3200 count 512 datatype 7 op 0 root 0 comm 0x7fc0c8002f70 [nranks=4] stream 0x6b591b0
ai:487636:493384 [2] NCCL INFO AllReduce: opCount 0 sendbuff 0x7fc061dcc400 recvbuff 0x7fc061dcc400 count 2048 datatype 7 op 0 root 0 comm 0x7fc0c8002f70 [nranks=4] stream 0x6b591b0
ai:487636:493384 [2] NCCL INFO AllReduce: opCount 0 sendbuff 0x7fc061de2a00 recvbuff 0x7fc061de2a00 count 512 datatype 7 op 0 root 0 comm 0x7fc0c8002f70 [nranks=4] stream 0x6b591b0
ai:487636:493384 [2] NCCL INFO AllReduce: opCount 0 sendbuff 0x7fc0d99f5200 recvbuff 0x7fc0d99f5200 count 512 datatype 7 op 0 root 0 comm 0x7fc0c8002f70 [nranks=4] stream 0x6b591b0
ai:487636:493384 [2] NCCL INFO AllReduce: opCount 0 sendbuff 0x7fc0697f3200 recvbuff 0x7fc0697f3200 count 2048 datatype 7 op 0 root 0 comm 0x7fc0c8002f70 [nranks=4] stream 0x6b591b0
ai:487636:493384 [2] NCCL INFO AllReduce: opCount 0 sendbuff 0x7fc06bdff000 recvbuff 0x7fc06bdff000 count 512 datatype 7 op 0 root 0 comm 0x7fc0c8002f70 [nranks=4] stream 0x6b591b0
ai:487636:493384 [2] NCCL INFO AllReduce: opCount 0 sendbuff 0x7fc0dbfff200 recvbuff 0x7fc0dbfff200 count 512 datatype 7 op 0 root 0 comm 0x7fc0c8002f70 [nranks=4] stream 0x6b591b0
ai:487636:493384 [2] NCCL INFO AllReduce: opCount 0 sendbuff 0x7fc0699fc600 recvbuff 0x7fc0699fc600 count 2048 datatype 7 op 0 root 0 comm 0x7fc0c8002f70 [nranks=4] stream 0x6b591b0
ai:487636:493384 [2] NCCL INFO AllReduce: opCount 0 sendbuff 0x7fc0d15fac00 recvbuff 0x7fc0d15fac00 count 2048 datatype 7 op 0 root 0 comm 0x7fc0c8002f70 [nranks=4] stream 0x6b591b0
ai:487634:493394 [0] NCCL INFO AllReduce: opCount 0 sendbuff 0x7fd9235ee600 recvbuff 0x7fd9235ee600 count 4096 datatype 7 op 0 root 0 comm 0x7fd988002f70 [nranks=4] stream 0xc62dd60
ai:487636:493384 [2] NCCL INFO AllReduce: opCount 0 sendbuff 0x7fc0607f8600 recvbuff 0x7fc0607f8600 count 512 datatype 7 op 0 root 0 comm 0x7fc0c8002f70 [nranks=4] stream 0x6b591b0
ai:487636:493384 [2] NCCL INFO AllReduce: opCount 0 sendbuff 0x7fc061dc2800 recvbuff 0x7fc061dc2800 count 512 datatype 7 op 0 root 0 comm 0x7fc0c8002f70 [nranks=4] stream 0x6b591b0
ai:487636:493384 [2] NCCL INFO AllReduce: opCount 0 sendbuff 0x7fc061ffea00 recvbuff 0x7fc061ffea00 count 1024 datatype 7 op 0 root 0 comm 0x7fc0c8002f70 [nranks=4] stream 0x6b591b0
ai:487636:493384 [2] NCCL INFO AllReduce: opCount 0 sendbuff 0x7fc05fdd3600 recvbuff 0x7fc05fdd3600 count 256 datatype 7 op 0 root 0 comm 0x7fc0c8002f70 [nranks=4] stream 0x6b591b0
ai:487636:493384 [2] NCCL INFO AllReduce: opCount 0 sendbuff 0x7fc0607f6000 recvbuff 0x7fc0607f6000 count 256 datatype 7 op 0 root 0 comm 0x7fc0c8002f70 [nranks=4] stream 0x6b591b0
ai:487636:493384 [2] NCCL INFO AllReduce: opCount 0 sendbuff 0x7fc0d99fd400 recvbuff 0x7fc0d99fd400 count 1024 datatype 7 op 0 root 0 comm 0x7fc0c8002f70 [nranks=4] stream 0x6b591b0
ai:487636:493384 [2] NCCL INFO AllReduce: opCount 0 sendbuff 0x7fc061dc3000 recvbuff 0x7fc061dc3000 count 256 datatype 7 op 0 root 0 comm 0x7fc0c8002f70 [nranks=4] stream 0x6b591b0
ai:487636:493384 [2] NCCL INFO AllReduce: opCount 0 sendbuff 0x7fc061fffa00 recvbuff 0x7fc061fffa00 count 256 datatype 7 op 0 root 0 comm 0x7fc0c8002f70 [nranks=4] stream 0x6b591b0
ai:487636:493384 [2] NCCL INFO AllReduce: opCount 0 sendbuff 0x7fc0d99dee00 recvbuff 0x7fc0d99dee00 count 1024 datatype 7 op 0 root 0 comm 0x7fc0c8002f70 [nranks=4] stream 0x6b591b0
ai:487636:493384 [2] NCCL INFO AllReduce: opCount 0 sendbuff 0x7fc061dcec00 recvbuff 0x7fc061dcec00 count 256 datatype 7 op 0 root 0 comm 0x7fc0c8002f70 [nranks=4] stream 0x6b591b0
ai:487636:493384 [2] NCCL INFO AllReduce: opCount 0 sendbuff 0x7fc061de3200 recvbuff 0x7fc061de3200 count 256 datatype 7 op 0 root 0 comm 0x7fc0c8002f70 [nranks=4] stream 0x6b591b0
ai:487636:493384 [2] NCCL INFO AllReduce: opCount 0 sendbuff 0x7fc0d99dfe00 recvbuff 0x7fc0d99dfe00 count 1024 datatype 7 op 0 root 0 comm 0x7fc0c8002f70 [nranks=4] stream 0x6b591b0
ai:487636:493384 [2] NCCL INFO AllReduce: opCount 0 sendbuff 0x7fc061dc6200 recvbuff 0x7fc061dc6200 count 1024 datatype 7 op 0 root 0 comm 0x7fc0c8002f70 [nranks=4] stream 0x6b591b0
ai:487636:493384 [2] NCCL INFO AllReduce: opCount 0 sendbuff 0x7fc061dd2e00 recvbuff 0x7fc061dd2e00 count 256 datatype 7 op 0 root 0 comm 0x7fc0c8002f70 [nranks=4] stream 0x6b591b0
ai:487634:493394 [0] NCCL INFO AllReduce: opCount 0 sendbuff 0x7fd9235f9e00 recvbuff 0x7fd9235f9e00 count 1024 datatype 7 op 0 root 0 comm 0x7fd988002f70 [nranks=4] stream 0xc62dd60
ai:487634:493394 [0] NCCL INFO AllReduce: opCount 0 sendbuff 0x7fd9235fce00 recvbuff 0x7fd9235fce00 count 1024 datatype 7 op 0 root 0 comm 0x7fd988002f70 [nranks=4] stream 0xc62dd60
ai:487634:493394 [0] NCCL INFO AllReduce: opCount 0 sendbuff 0x7fd9239efa00 recvbuff 0x7fd9239efa00 count 4096 datatype 7 op 0 root 0 comm 0x7fd988002f70 [nranks=4] stream 0xc62dd60
ai:487634:493394 [0] NCCL INFO AllReduce: opCount 0 sendbuff 0x7fd923bf3800 recvbuff 0x7fd923bf3800 count 1024 datatype 7 op 0 root 0 comm 0x7fd988002f70 [nranks=4] stream 0xc62dd60
ai:487634:493394 [0] NCCL INFO AllReduce: opCount 0 sendbuff 0x7fd923bfb400 recvbuff 0x7fd923bfb400 count 1024 datatype 7 op 0 root 0 comm 0x7fd988002f70 [nranks=4] stream 0xc62dd60
ai:487634:493394 [0] NCCL INFO AllReduce: opCount 0 sendbuff 0x7fd923bca000 recvbuff 0x7fd923bca000 count 4096 datatype 7 op 0 root 0 comm 0x7fd988002f70 [nranks=4] stream 0xc62dd60
ai:487634:493394 [0] NCCL INFO AllReduce: opCount 0 sendbuff 0x7fd923bf6a00 recvbuff 0x7fd923bf6a00 count 4096 datatype 7 op 0 root 0 comm 0x7fd988002f70 [nranks=4] stream 0xc62dd60
ai:487634:493394 [0] NCCL INFO AllReduce: opCount 0 sendbuff 0x7fd9235fae00 recvbuff 0x7fd9235fae00 count 1024 datatype 7 op 0 root 0 comm 0x7fd988002f70 [nranks=4] stream 0xc62dd60
ai:487634:493394 [0] NCCL INFO AllReduce: opCount 0 sendbuff 0x7fd9235fbe00 recvbuff 0x7fd9235fbe00 count 1024 datatype 7 op 0 root 0 comm 0x7fd988002f70 [nranks=4] stream 0xc62dd60
ai:487634:493394 [0] NCCL INFO AllReduce: opCount 0 sendbuff 0x7fd9203d6800 recvbuff 0x7fd9203d6800 count 2048 datatype 7 op 0 root 0 comm 0x7fd988002f70 [nranks=4] stream 0xc62dd60
ai:487634:493394 [0] NCCL INFO AllReduce: opCount 0 sendbuff 0x7fd91e7a2a00 recvbuff 0x7fd91e7a2a00 count 512 datatype 7 op 0 root 0 comm 0x7fd988002f70 [nranks=4] stream 0xc62dd60
ai:487634:493394 [0] NCCL INFO AllReduce: opCount 0 sendbuff 0x7fd91e7a3400 recvbuff 0x7fd91e7a3400 count 512 datatype 7 op 0 root 0 comm 0x7fd988002f70 [nranks=4] stream 0xc62dd60
ai:487634:493394 [0] NCCL INFO AllReduce: opCount 0 sendbuff 0x7fd923be4e00 recvbuff 0x7fd923be4e00 count 2048 datatype 7 op 0 root 0 comm 0x7fd988002f70 [nranks=4] stream 0xc62dd60
ai:487634:493394 [0] NCCL INFO AllReduce: opCount 0 sendbuff 0x7fd923bc8000 recvbuff 0x7fd923bc8000 count 512 datatype 7 op 0 root 0 comm 0x7fd988002f70 [nranks=4] stream 0xc62dd60
ai:487634:493394 [0] NCCL INFO AllReduce: opCount 0 sendbuff 0x7fd91e7a2000 recvbuff 0x7fd91e7a2000 count 512 datatype 7 op 0 root 0 comm 0x7fd988002f70 [nranks=4] stream 0xc62dd60
ai:487634:493394 [0] NCCL INFO AllReduce: opCount 0 sendbuff 0x7fd9235e8000 recvbuff 0x7fd9235e8000 count 2048 datatype 7 op 0 root 0 comm 0x7fd988002f70 [nranks=4] stream 0xc62dd60
ai:487634:493394 [0] NCCL INFO AllReduce: opCount 0 sendbuff 0x7fd9203f2200 recvbuff 0x7fd9203f2200 count 512 datatype 7 op 0 root 0 comm 0x7fd988002f70 [nranks=4] stream 0xc62dd60
ai:487634:493394 [0] NCCL INFO AllReduce: opCount 0 sendbuff 0x7fd9239e9a00 recvbuff 0x7fd9239e9a00 count 512 datatype 7 op 0 root 0 comm 0x7fd988002f70 [nranks=4] stream 0xc62dd60
ai:487634:493394 [0] NCCL INFO AllReduce: opCount 0 sendbuff 0x7fd9235eb000 recvbuff 0x7fd9235eb000 count 2048 datatype 7 op 0 root 0 comm 0x7fd988002f70 [nranks=4] stream 0xc62dd60
ai:487637:493389 [3] NCCL INFO AllReduce: opCount 0 sendbuff 0x7f42dbdff200 recvbuff 0x7f42dbdff200 count 512 datatype 7 op 0 root 0 comm 0x7f4344002f70 [nranks=4] stream 0xcad1e40
ai:487637:493389 [3] NCCL INFO AllReduce: opCount 0 sendbuff 0x7f43e498e400 recvbuff 0x7f43e498e400 count 2048 datatype 7 op 0 root 0 comm 0x7f4344002f70 [nranks=4] stream 0xcad1e40
ai:487637:493389 [3] NCCL INFO AllReduce: opCount 0 sendbuff 0x7f42dbca5200 recvbuff 0x7f42dbca5200 count 512 datatype 7 op 0 root 0 comm 0x7f4344002f70 [nranks=4] stream 0xcad1e40
ai:487637:493389 [3] NCCL INFO AllReduce: opCount 0 sendbuff 0x7f42e11f1800 recvbuff 0x7f42e11f1800 count 512 datatype 7 op 0 root 0 comm 0x7f4344002f70 [nranks=4] stream 0xcad1e40
ai:487637:493389 [3] NCCL INFO AllReduce: opCount 0 sendbuff 0x7f42e11eee00 recvbuff 0x7f42e11eee00 count 2048 datatype 7 op 0 root 0 comm 0x7f4344002f70 [nranks=4] stream 0xcad1e40
ai:487637:493389 [3] NCCL INFO AllReduce: opCount 0 sendbuff 0x7f42e25ee400 recvbuff 0x7f42e25ee400 count 512 datatype 7 op 0 root 0 comm 0x7f4344002f70 [nranks=4] stream 0xcad1e40
ai:487637:493389 [3] NCCL INFO AllReduce: opCount 0 sendbuff 0x7f434b5fbc00 recvbuff 0x7f434b5fbc00 count 512 datatype 7 op 0 root 0 comm 0x7f4344002f70 [nranks=4] stream 0xcad1e40
ai:487637:493389 [3] NCCL INFO AllReduce: opCount 0 sendbuff 0x7f42de1fc600 recvbuff 0x7f42de1fc600 count 2048 datatype 7 op 0 root 0 comm 0x7f4344002f70 [nranks=4] stream 0xcad1e40
ai:487637:493389 [3] NCCL INFO AllReduce: opCount 0 sendbuff 0x7f42e11eb000 recvbuff 0x7f42e11eb000 count 512 datatype 7 op 0 root 0 comm 0x7f4344002f70 [nranks=4] stream 0xcad1e40
ai:487637:493389 [3] NCCL INFO AllReduce: opCount 0 sendbuff 0x7f43e4984800 recvbuff 0x7f43e4984800 count 512 datatype 7 op 0 root 0 comm 0x7f4344002f70 [nranks=4] stream 0xcad1e40
ai:487637:493389 [3] NCCL INFO AllReduce: opCount 0 sendbuff 0x7f42e1be8000 recvbuff 0x7f42e1be8000 count 2048 datatype 7 op 0 root 0 comm 0x7f4344002f70 [nranks=4] stream 0xcad1e40
ai:487637:493389 [3] NCCL INFO AllReduce: opCount 0 sendbuff 0x7f42dbfc9200 recvbuff 0x7f42dbfc9200 count 512 datatype 7 op 0 root 0 comm 0x7f4344002f70 [nranks=4] stream 0xcad1e40
ai:487637:493389 [3] NCCL INFO AllReduce: opCount 0 sendbuff 0x7f42dbfce200 recvbuff 0x7f42dbfce200 count 512 datatype 7 op 0 root 0 comm 0x7f4344002f70 [nranks=4] stream 0xcad1e40
ai:487637:493389 [3] NCCL INFO AllReduce: opCount 0 sendbuff 0x7f42e25eb000 recvbuff 0x7f42e25eb000 count 2048 datatype 7 op 0 root 0 comm 0x7f4344002f70 [nranks=4] stream 0xcad1e40
ai:487637:493389 [3] NCCL INFO AllReduce: opCount 0 sendbuff 0x7f43e4980000 recvbuff 0x7f43e4980000 count 2048 datatype 7 op 0 root 0 comm 0x7f4344002f70 [nranks=4] stream 0xcad1e40
ai:487637:493389 [3] NCCL INFO AllReduce: opCount 0 sendbuff 0x7f42dbdfea00 recvbuff 0x7f42dbdfea00 count 512 datatype 7 op 0 root 0 comm 0x7f4344002f70 [nranks=4] stream 0xcad1e40
ai:487637:493389 [3] NCCL INFO AllReduce: opCount 0 sendbuff 0x7f43e49f5200 recvbuff 0x7f43e49f5200 count 512 datatype 7 op 0 root 0 comm 0x7f4344002f70 [nranks=4] stream 0xcad1e40
ai:487637:493389 [3] NCCL INFO AllReduce: opCount 0 sendbuff 0x7f42e25f7a00 recvbuff 0x7f42e25f7a00 count 1024 datatype 7 op 0 root 0 comm 0x7f4344002f70 [nranks=4] stream 0xcad1e40
ai:487637:493389 [3] NCCL INFO AllReduce: opCount 0 sendbuff 0x7f42dbdfe600 recvbuff 0x7f42dbdfe600 count 256 datatype 7 op 0 root 0 comm 0x7f4344002f70 [nranks=4] stream 0xcad1e40
ai:487637:493389 [3] NCCL INFO AllReduce: opCount 0 sendbuff 0x7f42dbdffc00 recvbuff 0x7f42dbdffc00 count 256 datatype 7 op 0 root 0 comm 0x7f4344002f70 [nranks=4] stream 0xcad1e40
ai:487637:493389 [3] NCCL INFO AllReduce: opCount 0 sendbuff 0x7f43e49dfe00 recvbuff 0x7f43e49dfe00 count 1024 datatype 7 op 0 root 0 comm 0x7f4344002f70 [nranks=4] stream 0xcad1e40
ai:487637:493389 [3] NCCL INFO AllReduce: opCount 0 sendbuff 0x7f42dbfc9a00 recvbuff 0x7f42dbfc9a00 count 256 datatype 7 op 0 root 0 comm 0x7f4344002f70 [nranks=4] stream 0xcad1e40
ai:487637:493389 [3] NCCL INFO AllReduce: opCount 0 sendbuff 0x7f42e11f8e00 recvbuff 0x7f42e11f8e00 count 256 datatype 7 op 0 root 0 comm 0x7f4344002f70 [nranks=4] stream 0xcad1e40
ai:487637:493389 [3] NCCL INFO AllReduce: opCount 0 sendbuff 0x7f43e4982000 recvbuff 0x7f43e4982000 count 1024 datatype 7 op 0 root 0 comm 0x7f4344002f70 [nranks=4] stream 0xcad1e40
ai:487637:493389 [3] NCCL INFO AllReduce: opCount 0 sendbuff 0x7f42de1fee00 recvbuff 0x7f42de1fee00 count 256 datatype 7 op 0 root 0 comm 0x7f4344002f70 [nranks=4] stream 0xcad1e40
ai:487637:493389 [3] NCCL INFO AllReduce: opCount 0 sendbuff 0x7f42e1bea800 recvbuff 0x7f42e1bea800 count 256 datatype 7 op 0 root 0 comm 0x7f4344002f70 [nranks=4] stream 0xcad1e40
ai:487637:493389 [3] NCCL INFO AllReduce: opCount 0 sendbuff 0x7f42dbfc0000 recvbuff 0x7f42dbfc0000 count 1024 datatype 7 op 0 root 0 comm 0x7f4344002f70 [nranks=4] stream 0xcad1e40
ai:487636:493384 [2] NCCL INFO AllReduce: opCount 0 sendbuff 0x7fc061dd2a00 recvbuff 0x7fc061dd2a00 count 256 datatype 7 op 0 root 0 comm 0x7fc0c8002f70 [nranks=4] stream 0x6b591b0
ai:487636:493384 [2] NCCL INFO AllReduce: opCount 0 sendbuff 0x7fc061ded200 recvbuff 0x7fc061ded200 count 512 datatype 7 op 0 root 0 comm 0x7fc0c8002f70 [nranks=4] stream 0x6b591b0
ai:487636:493384 [2] NCCL INFO AllReduce: opCount 0 sendbuff 0x7fc0697faa00 recvbuff 0x7fc0697faa00 count 128 datatype 7 op 0 root 0 comm 0x7fc0c8002f70 [nranks=4] stream 0x6b591b0
ai:487636:493384 [2] NCCL INFO AllReduce: opCount 0 sendbuff 0x7fc0697ffe00 recvbuff 0x7fc0697ffe00 count 128 datatype 7 op 0 root 0 comm 0x7fc0c8002f70 [nranks=4] stream 0x6b591b0
ai:487634:493394 [0] NCCL INFO AllReduce: opCount 0 sendbuff 0x7fd925bfa000 recvbuff 0x7fd925bfa000 count 512 datatype 7 op 0 root 0 comm 0x7fd988002f70 [nranks=4] stream 0xc62dd60
ai:487636:493384 [2] NCCL INFO AllReduce: opCount 0 sendbuff 0x7fc061dcf000 recvbuff 0x7fc061dcf000 count 512 datatype 7 op 0 root 0 comm 0x7fc0c8002f70 [nranks=4] stream 0x6b591b0
ai:487634:493394 [0] NCCL INFO AllReduce: opCount 0 sendbuff 0x7fd923be3e00 recvbuff 0x7fd923be3e00 count 512 datatype 7 op 0 root 0 comm 0x7fd988002f70 [nranks=4] stream 0xc62dd60
ai:487636:493384 [2] NCCL INFO AllReduce: opCount 0 sendbuff 0x7fc06bbefa00 recvbuff 0x7fc06bbefa00 count 128 datatype 7 op 0 root 0 comm 0x7fc0c8002f70 [nranks=4] stream 0x6b591b0
ai:487636:493384 [2] NCCL INFO AllReduce: opCount 0 sendbuff 0x7fc06bbffc00 recvbuff 0x7fc06bbffc00 count 128 datatype 7 op 0 root 0 comm 0x7fc0c8002f70 [nranks=4] stream 0x6b591b0
ai:487634:493394 [0] NCCL INFO AllReduce: opCount 0 sendbuff 0x7fd9239f4a00 recvbuff 0x7fd9239f4a00 count 2048 datatype 7 op 0 root 0 comm 0x7fd988002f70 [nranks=4] stream 0xc62dd60
ai:487636:493384 [2] NCCL INFO AllReduce: opCount 0 sendbuff 0x7fc061df7400 recvbuff 0x7fc061df7400 count 512 datatype 7 op 0 root 0 comm 0x7fc0c8002f70 [nranks=4] stream 0x6b591b0
ai:487636:493384 [2] NCCL INFO AllReduce: opCount 0 sendbuff 0x7fc061dc3400 recvbuff 0x7fc061dc3400 count 512 datatype 7 op 0 root 0 comm 0x7fc0c8002f70 [nranks=4] stream 0x6b591b0
ai:487634:493394 [0] NCCL INFO AllReduce: opCount 0 sendbuff 0x7fd923be4600 recvbuff 0x7fd923be4600 count 512 datatype 7 op 0 root 0 comm 0x7fd988002f70 [nranks=4] stream 0xc62dd60
ai:487636:493384 [2] NCCL INFO AllReduce: opCount 0 sendbuff 0x7fc06bdfec00 recvbuff 0x7fc06bdfec00 count 128 datatype 7 op 0 root 0 comm 0x7fc0c8002f70 [nranks=4] stream 0x6b591b0
ai:487634:493394 [0] NCCL INFO AllReduce: opCount 0 sendbuff 0x7fd9239e8000 recvbuff 0x7fd9239e8000 count 512 datatype 7 op 0 root 0 comm 0x7fd988002f70 [nranks=4] stream 0xc62dd60
ai:487636:493384 [2] NCCL INFO AllReduce: opCount 0 sendbuff 0x7fc0d15da600 recvbuff 0x7fc0d15da600 count 128 datatype 7 op 0 root 0 comm 0x7fc0c8002f70 [nranks=4] stream 0x6b591b0
ai:487634:493394 [0] NCCL INFO AllReduce: opCount 0 sendbuff 0x7fd9239f7a00 recvbuff 0x7fd9239f7a00 count 2048 datatype 7 op 0 root 0 comm 0x7fd988002f70 [nranks=4] stream 0xc62dd60
ai:487636:493384 [2] NCCL INFO AllReduce: opCount 0 sendbuff 0x7fc0d15ff400 recvbuff 0x7fc0d15ff400 count 128 datatype 7 op 0 root 0 comm 0x7fc0c8002f70 [nranks=4] stream 0x6b591b0
ai:487636:493384 [2] NCCL INFO AllReduce: opCount 0 sendbuff 0x7fc064ff5e00 recvbuff 0x7fc064ff5e00 count 4096 datatype 7 op 0 root 0 comm 0x7fc0c8002f70 [nranks=4] stream 0x6b591b0
ai:487636:493384 [2] NCCL INFO AllReduce: opCount 0 sendbuff 0x7fc0dbff3400 recvbuff 0x7fc0dbff3400 count 1024 datatype 7 op 0 root 0 comm 0x7fc0c8002f70 [nranks=4] stream 0x6b591b0
ai:487636:493384 [2] NCCL INFO AllReduce: opCount 0 sendbuff 0x7fc0be000000 recvbuff 0x7fc0be000000 count 5510144 datatype 7 op 0 root 0 comm 0x7fc0c8002f70 [nranks=4] stream 0x6b591b0
ai:487634:493394 [0] NCCL INFO AllReduce: opCount 0 sendbuff 0x7fd923bce000 recvbuff 0x7fd923bce000 count 2048 datatype 7 op 0 root 0 comm 0x7fd988002f70 [nranks=4] stream 0xc62dd60
ai:487636:493384 [2] NCCL INFO AllReduce: opCount 0 sendbuff 0x7fc0607f4400 recvbuff 0x7fc0607f4400 count 1024 datatype 7 op 0 root 0 comm 0x7fc0c8002f70 [nranks=4] stream 0x6b591b0
ai:487634:493394 [0] NCCL INFO AllReduce: opCount 0 sendbuff 0x7fd9239e8800 recvbuff 0x7fd9239e8800 count 512 datatype 7 op 0 root 0 comm 0x7fd988002f70 [nranks=4] stream 0xc62dd60
ai:487636:493384 [2] NCCL INFO AllReduce: opCount 0 sendbuff 0x7fc06bdf8600 recvbuff 0x7fc06bdf8600 count 4096 datatype 7 op 0 root 0 comm 0x7fc0c8002f70 [nranks=4] stream 0x6b591b0
ai:487636:493384 [2] NCCL INFO AllReduce: opCount 0 sendbuff 0x7fc0601f1600 recvbuff 0x7fc0601f1600 count 1024 datatype 7 op 0 root 0 comm 0x7fc0c8002f70 [nranks=4] stream 0x6b591b0
ai:487634:493394 [0] NCCL INFO AllReduce: opCount 0 sendbuff 0x7fd925bfe000 recvbuff 0x7fd925bfe000 count 512 datatype 7 op 0 root 0 comm 0x7fd988002f70 [nranks=4] stream 0xc62dd60
ai:487636:493384 [2] NCCL INFO AllReduce: opCount 0 sendbuff 0x7fc061dc4c00 recvbuff 0x7fc061dc4c00 count 1024 datatype 7 op 0 root 0 comm 0x7fc0c8002f70 [nranks=4] stream 0x6b591b0
ai:487636:493384 [2] NCCL INFO AllReduce: opCount 0 sendbuff 0x7fc073bec400 recvbuff 0x7fc073bec400 count 4096 datatype 7 op 0 root 0 comm 0x7fc0c8002f70 [nranks=4] stream 0x6b591b0
ai:487634:493394 [0] NCCL INFO AllReduce: opCount 0 sendbuff 0x7fd98d5faa00 recvbuff 0x7fd98d5faa00 count 1024 datatype 7 op 0 root 0 comm 0x7fd988002f70 [nranks=4] stream 0xc62dd60
ai:487636:493384 [2] NCCL INFO AllReduce: opCount 0 sendbuff 0x7fc064fd2800 recvbuff 0x7fc064fd2800 count 4096 datatype 7 op 0 root 0 comm 0x7fc0c8002f70 [nranks=4] stream 0x6b591b0
ai:487636:493384 [2] NCCL INFO AllReduce: opCount 0 sendbuff 0x7fc0c0000000 recvbuff 0x7fc0c0000000 count 7875584 datatype 7 op 0 root 0 comm 0x7fc0c8002f70 [nranks=4] stream 0x6b591b0
ai:487636:493384 [2] NCCL INFO AllReduce: opCount 0 sendbuff 0x7fc061dcaa00 recvbuff 0x7fc061dcaa00 count 1024 datatype 7 op 0 root 0 comm 0x7fc0c8002f70 [nranks=4] stream 0x6b591b0
ai:487634:493394 [0] NCCL INFO AllReduce: opCount 0 sendbuff 0x7fd91e7ff400 recvbuff 0x7fd91e7ff400 count 256 datatype 7 op 0 root 0 comm 0x7fd988002f70 [nranks=4] stream 0xc62dd60
ai:487636:493384 [2] NCCL INFO AllReduce: opCount 0 sendbuff 0x7fc0607f6e00 recvbuff 0x7fc0607f6e00 count 1024 datatype 7 op 0 root 0 comm 0x7fc0c8002f70 [nranks=4] stream 0x6b591b0
ai:487636:493384 [2] NCCL INFO AllReduce: opCount 0 sendbuff 0x7fc061dc7200 recvbuff 0x7fc061dc7200 count 2048 datatype 7 op 0 root 0 comm 0x7fc0c8002f70 [nranks=4] stream 0x6b591b0
ai:487634:493394 [0] NCCL INFO AllReduce: opCount 0 sendbuff 0x7fd9203f2e00 recvbuff 0x7fd9203f2e00 count 256 datatype 7 op 0 root 0 comm 0x7fd988002f70 [nranks=4] stream 0xc62dd60
ai:487636:493384 [2] NCCL INFO AllReduce: opCount 0 sendbuff 0x7fc0607f6600 recvbuff 0x7fc0607f6600 count 512 datatype 7 op 0 root 0 comm 0x7fc0c8002f70 [nranks=4] stream 0x6b591b0
ai:487636:493384 [2] NCCL INFO AllReduce: opCount 0 sendbuff 0x7fc0697fa200 recvbuff 0x7fc0697fa200 count 512 datatype 7 op 0 root 0 comm 0x7fc0c8002f70 [nranks=4] stream 0x6b591b0
ai:487634:493394 [0] NCCL INFO AllReduce: opCount 0 sendbuff 0x7fd9203fe400 recvbuff 0x7fd9203fe400 count 1024 datatype 7 op 0 root 0 comm 0x7fd988002f70 [nranks=4] stream 0xc62dd60
ai:487636:493384 [2] NCCL INFO AllReduce: opCount 0 sendbuff 0x7fc06bdf3800 recvbuff 0x7fc06bdf3800 count 2048 datatype 7 op 0 root 0 comm 0x7fc0c8002f70 [nranks=4] stream 0x6b591b0
ai:487636:493384 [2] NCCL INFO AllReduce: opCount 0 sendbuff 0x7fc0d99b3600 recvbuff 0x7fc0d99b3600 count 512 datatype 7 op 0 root 0 comm 0x7fc0c8002f70 [nranks=4] stream 0x6b591b0
ai:487634:493394 [0] NCCL INFO AllReduce: opCount 0 sendbuff 0x7fd9203ff400 recvbuff 0x7fd9203ff400 count 256 datatype 7 op 0 root 0 comm 0x7fd988002f70 [nranks=4] stream 0xc62dd60
ai:487636:493384 [2] NCCL INFO AllReduce: opCount 0 sendbuff 0x7fc0c1e0b000 recvbuff 0x7fc0c1e0b000 count 7417344 datatype 7 op 0 root 0 comm 0x7fc0c8002f70 [nranks=4] stream 0x6b591b0
ai:487636:493384 [2] NCCL INFO AllReduce: opCount 0 sendbuff 0x7fc064f85400 recvbuff 0x7fc064f85400 count 512 datatype 7 op 0 root 0 comm 0x7fc0c8002f70 [nranks=4] stream 0x6b591b0
ai:487634:493394 [0] NCCL INFO AllReduce: opCount 0 sendbuff 0x7fd9239ec800 recvbuff 0x7fd9239ec800 count 256 datatype 7 op 0 root 0 comm 0x7fd988002f70 [nranks=4] stream 0xc62dd60
ai:487636:493384 [2] NCCL INFO AllReduce: opCount 0 sendbuff 0x7fc05fdf4600 recvbuff 0x7fc05fdf4600 count 2048 datatype 7 op 0 root 0 comm 0x7fc0c8002f70 [nranks=4] stream 0x6b591b0
ai:487634:493394 [0] NCCL INFO AllReduce: opCount 0 sendbuff 0x7fd923bd0800 recvbuff 0x7fd923bd0800 count 1024 datatype 7 op 0 root 0 comm 0x7fd988002f70 [nranks=4] stream 0xc62dd60
ai:487636:493384 [2] NCCL INFO AllReduce: opCount 0 sendbuff 0x7fc073bf0c00 recvbuff 0x7fc073bf0c00 count 512 datatype 7 op 0 root 0 comm 0x7fc0c8002f70 [nranks=4] stream 0x6b591b0
ai:487636:493384 [2] NCCL INFO AllReduce: opCount 0 sendbuff 0x7fc073bf0400 recvbuff 0x7fc073bf0400 count 512 datatype 7 op 0 root 0 comm 0x7fc0c8002f70 [nranks=4] stream 0x6b591b0
ai:487634:493394 [0] NCCL INFO AllReduce: opCount 0 sendbuff 0x7fd9235f8400 recvbuff 0x7fd9235f8400 count 256 datatype 7 op 0 root 0 comm 0x7fd988002f70 [nranks=4] stream 0xc62dd60
ai:487636:493384 [2] NCCL INFO AllReduce: opCount 0 sendbuff 0x7fc073bfac00 recvbuff 0x7fc073bfac00 count 2048 datatype 7 op 0 root 0 comm 0x7fc0c8002f70 [nranks=4] stream 0x6b591b0
ai:487634:493394 [0] NCCL INFO AllReduce: opCount 0 sendbuff 0x7fd923bd6200 recvbuff 0x7fd923bd6200 count 256 datatype 7 op 0 root 0 comm 0x7fd988002f70 [nranks=4] stream 0xc62dd60
ai:487636:493384 [2] NCCL INFO AllReduce: opCount 0 sendbuff 0x7fc06bdfe400 recvbuff 0x7fc06bdfe400 count 512 datatype 7 op 0 root 0 comm 0x7fc0c8002f70 [nranks=4] stream 0x6b591b0
ai:487636:493384 [2] NCCL INFO AllReduce: opCount 0 sendbuff 0x7fc073bf2200 recvbuff 0x7fc073bf2200 count 512 datatype 7 op 0 root 0 comm 0x7fc0c8002f70 [nranks=4] stream 0x6b591b0
ai:487634:493394 [0] NCCL INFO AllReduce: opCount 0 sendbuff 0x7fd923bd1800 recvbuff 0x7fd923bd1800 count 1024 datatype 7 op 0 root 0 comm 0x7fd988002f70 [nranks=4] stream 0xc62dd60
ai:487634:493394 [0] NCCL INFO AllReduce: opCount 0 sendbuff 0x7fd923bd2800 recvbuff 0x7fd923bd2800 count 1024 datatype 7 op 0 root 0 comm 0x7fd988002f70 [nranks=4] stream 0xc62dd60
ai:487634:493394 [0] NCCL INFO AllReduce: opCount 0 sendbuff 0x7fd923bd6800 recvbuff 0x7fd923bd6800 count 256 datatype 7 op 0 root 0 comm 0x7fd988002f70 [nranks=4] stream 0xc62dd60
ai:487634:493394 [0] NCCL INFO AllReduce: opCount 0 sendbuff 0x7fd923be7e00 recvbuff 0x7fd923be7e00 count 256 datatype 7 op 0 root 0 comm 0x7fd988002f70 [nranks=4] stream 0xc62dd60
ai:487634:493394 [0] NCCL INFO AllReduce: opCount 0 sendbuff 0x7fd925bf1a00 recvbuff 0x7fd925bf1a00 count 512 datatype 7 op 0 root 0 comm 0x7fd988002f70 [nranks=4] stream 0xc62dd60
ai:487634:493394 [0] NCCL INFO AllReduce: opCount 0 sendbuff 0x7fd925bf5200 recvbuff 0x7fd925bf5200 count 128 datatype 7 op 0 root 0 comm 0x7fd988002f70 [nranks=4] stream 0xc62dd60
ai:487634:493394 [0] NCCL INFO AllReduce: opCount 0 sendbuff 0x7fd925bfa800 recvbuff 0x7fd925bfa800 count 128 datatype 7 op 0 root 0 comm 0x7fd988002f70 [nranks=4] stream 0xc62dd60
ai:487634:493394 [0] NCCL INFO AllReduce: opCount 0 sendbuff 0x7fd98d5fc400 recvbuff 0x7fd98d5fc400 count 512 datatype 7 op 0 root 0 comm 0x7fd988002f70 [nranks=4] stream 0xc62dd60
ai:487634:493394 [0] NCCL INFO AllReduce: opCount 0 sendbuff 0x7fd925bfe800 recvbuff 0x7fd925bfe800 count 128 datatype 7 op 0 root 0 comm 0x7fd988002f70 [nranks=4] stream 0xc62dd60
ai:487634:493394 [0] NCCL INFO AllReduce: opCount 0 sendbuff 0x7fd98d5e6600 recvbuff 0x7fd98d5e6600 count 128 datatype 7 op 0 root 0 comm 0x7fd988002f70 [nranks=4] stream 0xc62dd60
ai:487634:493394 [0] NCCL INFO AllReduce: opCount 0 sendbuff 0x7fd997ffde00 recvbuff 0x7fd997ffde00 count 512 datatype 7 op 0 root 0 comm 0x7fd988002f70 [nranks=4] stream 0xc62dd60
ai:487634:493394 [0] NCCL INFO AllReduce: opCount 0 sendbuff 0x7fd91e5fe800 recvbuff 0x7fd91e5fe800 count 512 datatype 7 op 0 root 0 comm 0x7fd988002f70 [nranks=4] stream 0xc62dd60
ai:487634:493394 [0] NCCL INFO AllReduce: opCount 0 sendbuff 0x7fd9235f5200 recvbuff 0x7fd9235f5200 count 128 datatype 7 op 0 root 0 comm 0x7fd988002f70 [nranks=4] stream 0xc62dd60
ai:487634:493394 [0] NCCL INFO AllReduce: opCount 0 sendbuff 0x7fd98d5f9800 recvbuff 0x7fd98d5f9800 count 128 datatype 7 op 0 root 0 comm 0x7fd988002f70 [nranks=4] stream 0xc62dd60
ai:487634:493394 [0] NCCL INFO AllReduce: opCount 0 sendbuff 0x7fd98d5fba00 recvbuff 0x7fd98d5fba00 count 128 datatype 7 op 0 root 0 comm 0x7fd988002f70 [nranks=4] stream 0xc62dd60
ai:487634:493394 [0] NCCL INFO AllReduce: opCount 0 sendbuff 0x7fd91e5da200 recvbuff 0x7fd91e5da200 count 4096 datatype 7 op 0 root 0 comm 0x7fd988002f70 [nranks=4] stream 0xc62dd60
ai:487634:493394 [0] NCCL INFO AllReduce: opCount 0 sendbuff 0x7fd923bf2600 recvbuff 0x7fd923bf2600 count 1024 datatype 7 op 0 root 0 comm 0x7fd988002f70 [nranks=4] stream 0xc62dd60
ai:487634:493394 [0] NCCL INFO AllReduce: opCount 0 sendbuff 0x7fd97a000000 recvbuff 0x7fd97a000000 count 5510144 datatype 7 op 0 root 0 comm 0x7fd988002f70 [nranks=4] stream 0xc62dd60
ai:487634:493394 [0] NCCL INFO AllReduce: opCount 0 sendbuff 0x7fd91e5fc800 recvbuff 0x7fd91e5fc800 count 1024 datatype 7 op 0 root 0 comm 0x7fd988002f70 [nranks=4] stream 0xc62dd60
ai:487634:493394 [0] NCCL INFO AllReduce: opCount 0 sendbuff 0x7fd9203ede00 recvbuff 0x7fd9203ede00 count 4096 datatype 7 op 0 root 0 comm 0x7fd988002f70 [nranks=4] stream 0xc62dd60
ai:487634:493394 [0] NCCL INFO AllReduce: opCount 0 sendbuff 0x7fd91fdfea00 recvbuff 0x7fd91fdfea00 count 1024 datatype 7 op 0 root 0 comm 0x7fd988002f70 [nranks=4] stream 0xc62dd60
ai:487634:493394 [0] NCCL INFO AllReduce: opCount 0 sendbuff 0x7fd923bd3800 recvbuff 0x7fd923bd3800 count 1024 datatype 7 op 0 root 0 comm 0x7fd988002f70 [nranks=4] stream 0xc62dd60
ai:487637:493389 [3] NCCL INFO AllReduce: opCount 0 sendbuff 0x7f42dbfc1000 recvbuff 0x7f42dbfc1000 count 1024 datatype 7 op 0 root 0 comm 0x7f4344002f70 [nranks=4] stream 0xcad1e40
ai:487637:493389 [3] NCCL INFO AllReduce: opCount 0 sendbuff 0x7f434b5dd000 recvbuff 0x7f434b5dd000 count 256 datatype 7 op 0 root 0 comm 0x7f4344002f70 [nranks=4] stream 0xcad1e40
ai:487637:493389 [3] NCCL INFO AllReduce: opCount 0 sendbuff 0x7f434b5f9200 recvbuff 0x7f434b5f9200 count 256 datatype 7 op 0 root 0 comm 0x7f4344002f70 [nranks=4] stream 0xcad1e40
ai:487635:493391 [1] NCCL INFO AllReduce: opCount 0 sendbuff 0x7f04b6880000 recvbuff 0x7f04b6880000 count 4096 datatype 7 op 0 root 0 comm 0x7f0528002f70 [nranks=4] stream 0xc9e1f80
ai:487637:493389 [3] NCCL INFO AllReduce: opCount 0 sendbuff 0x7f43e2ffe000 recvbuff 0x7f43e2ffe000 count 512 datatype 7 op 0 root 0 comm 0x7f4344002f70 [nranks=4] stream 0xcad1e40
ai:487637:493389 [3] NCCL INFO AllReduce: opCount 0 sendbuff 0x7f42e25efa00 recvbuff 0x7f42e25efa00 count 128 datatype 7 op 0 root 0 comm 0x7f4344002f70 [nranks=4] stream 0xcad1e40
ai:487637:493389 [3] NCCL INFO AllReduce: opCount 0 sendbuff 0x7f42e25f9600 recvbuff 0x7f42e25f9600 count 128 datatype 7 op 0 root 0 comm 0x7f4344002f70 [nranks=4] stream 0xcad1e40
ai:487637:493389 [3] NCCL INFO AllReduce: opCount 0 sendbuff 0x7f43e2ff2600 recvbuff 0x7f43e2ff2600 count 512 datatype 7 op 0 root 0 comm 0x7f4344002f70 [nranks=4] stream 0xcad1e40
ai:487637:493389 [3] NCCL INFO AllReduce: opCount 0 sendbuff 0x7f42e25f9c00 recvbuff 0x7f42e25f9c00 count 128 datatype 7 op 0 root 0 comm 0x7f4344002f70 [nranks=4] stream 0xcad1e40
ai:487637:493389 [3] NCCL INFO AllReduce: opCount 0 sendbuff 0x7f434b5fc400 recvbuff 0x7f434b5fc400 count 128 datatype 7 op 0 root 0 comm 0x7f4344002f70 [nranks=4] stream 0xcad1e40
ai:487637:493389 [3] NCCL INFO AllReduce: opCount 0 sendbuff 0x7f42dbfc9e00 recvbuff 0x7f42dbfc9e00 count 512 datatype 7 op 0 root 0 comm 0x7f4344002f70 [nranks=4] stream 0xcad1e40
ai:487637:493389 [3] NCCL INFO AllReduce: opCount 0 sendbuff 0x7f43e49f9600 recvbuff 0x7f43e49f9600 count 512 datatype 7 op 0 root 0 comm 0x7f4344002f70 [nranks=4] stream 0xcad1e40
ai:487637:493389 [3] NCCL INFO AllReduce: opCount 0 sendbuff 0x7f434b5fd600 recvbuff 0x7f434b5fd600 count 128 datatype 7 op 0 root 0 comm 0x7f4344002f70 [nranks=4] stream 0xcad1e40
ai:487637:493389 [3] NCCL INFO AllReduce: opCount 0 sendbuff 0x7f434b5ff800 recvbuff 0x7f434b5ff800 count 128 datatype 7 op 0 root 0 comm 0x7f4344002f70 [nranks=4] stream 0xcad1e40
ai:487637:493389 [3] NCCL INFO AllReduce: opCount 0 sendbuff 0x7f43e2ff1c00 recvbuff 0x7f43e2ff1c00 count 128 datatype 7 op 0 root 0 comm 0x7f4344002f70 [nranks=4] stream 0xcad1e40
ai:487637:493389 [3] NCCL INFO AllReduce: opCount 0 sendbuff 0x7f42da7b8400 recvbuff 0x7f42da7b8400 count 4096 datatype 7 op 0 root 0 comm 0x7f4344002f70 [nranks=4] stream 0xcad1e40
ai:487637:493389 [3] NCCL INFO AllReduce: opCount 0 sendbuff 0x7f42e11ece00 recvbuff 0x7f42e11ece00 count 1024 datatype 7 op 0 root 0 comm 0x7f4344002f70 [nranks=4] stream 0xcad1e40
ai:487637:493389 [3] NCCL INFO AllReduce: opCount 0 sendbuff 0x7f4342400000 recvbuff 0x7f4342400000 count 5510144 datatype 7 op 0 root 0 comm 0x7f4344002f70 [nranks=4] stream 0xcad1e40
ai:487637:493389 [3] NCCL INFO AllReduce: opCount 0 sendbuff 0x7f434b5da600 recvbuff 0x7f434b5da600 count 1024 datatype 7 op 0 root 0 comm 0x7f4344002f70 [nranks=4] stream 0xcad1e40
ai:487635:493391 [1] NCCL INFO AllReduce: opCount 0 sendbuff 0x7f04c5df0a00 recvbuff 0x7f04c5df0a00 count 1024 datatype 7 op 0 root 0 comm 0x7f0528002f70 [nranks=4] stream 0xc9e1f80
ai:487637:493389 [3] NCCL INFO AllReduce: opCount 0 sendbuff 0x7f42e25efe00 recvbuff 0x7f42e25efe00 count 4096 datatype 7 op 0 root 0 comm 0x7f4344002f70 [nranks=4] stream 0xcad1e40
ai:487637:493389 [3] NCCL INFO AllReduce: opCount 0 sendbuff 0x7f42e11ede00 recvbuff 0x7f42e11ede00 count 1024 datatype 7 op 0 root 0 comm 0x7f4344002f70 [nranks=4] stream 0xcad1e40
ai:487635:493391 [1] NCCL INFO AllReduce: opCount 0 sendbuff 0x7f04c5df0a00 recvbuff 0x7f04c5df0a00 count 1024 datatype 7 op 0 root 0 comm 0x7f0528002f70 [nranks=4] stream 0xc9e1f80
ai:487637:493389 [3] NCCL INFO AllReduce: opCount 0 sendbuff 0x7f42da5fc200 recvbuff 0x7f42da5fc200 count 1024 datatype 7 op 0 root 0 comm 0x7f4344002f70 [nranks=4] stream 0xcad1e40
ai:487637:493389 [3] NCCL INFO AllReduce: opCount 0 sendbuff 0x7f42e25fa600 recvbuff 0x7f42e25fa600 count 4096 datatype 7 op 0 root 0 comm 0x7f4344002f70 [nranks=4] stream 0xcad1e40
ai:487635:493391 [1] NCCL INFO AllReduce: opCount 0 sendbuff 0x7f04b6880000 recvbuff 0x7f04b6880000 count 4096 datatype 7 op 0 root 0 comm 0x7f0528002f70 [nranks=4] stream 0xc9e1f80
ai:487637:493389 [3] NCCL INFO AllReduce: opCount 0 sendbuff 0x7f42da5ee400 recvbuff 0x7f42da5ee400 count 4096 datatype 7 op 0 root 0 comm 0x7f4344002f70 [nranks=4] stream 0xcad1e40
ai:487637:493389 [3] NCCL INFO AllReduce: opCount 0 sendbuff 0x7f4334000000 recvbuff 0x7f4334000000 count 7875584 datatype 7 op 0 root 0 comm 0x7f4344002f70 [nranks=4] stream 0xcad1e40
ai:487635:493391 [1] NCCL INFO AllReduce: opCount 0 sendbuff 0x7f04c5df0a00 recvbuff 0x7f04c5df0a00 count 1024 datatype 7 op 0 root 0 comm 0x7f0528002f70 [nranks=4] stream 0xc9e1f80
ai:487637:493389 [3] NCCL INFO AllReduce: opCount 0 sendbuff 0x7f42da5fe600 recvbuff 0x7f42da5fe600 count 1024 datatype 7 op 0 root 0 comm 0x7f4344002f70 [nranks=4] stream 0xcad1e40
ai:487635:493391 [1] NCCL INFO AllReduce: opCount 0 sendbuff 0x7f04c5df0a00 recvbuff 0x7f04c5df0a00 count 1024 datatype 7 op 0 root 0 comm 0x7f0528002f70 [nranks=4] stream 0xc9e1f80
ai:487635:493391 [1] NCCL INFO AllReduce: opCount 0 sendbuff 0x7f04b81e6000 recvbuff 0x7f04b81e6000 count 4096 datatype 7 op 0 root 0 comm 0x7f0528002f70 [nranks=4] stream 0xc9e1f80
ai:487637:493389 [3] NCCL INFO AllReduce: opCount 0 sendbuff 0x7f42e11fba00 recvbuff 0x7f42e11fba00 count 1024 datatype 7 op 0 root 0 comm 0x7f4344002f70 [nranks=4] stream 0xcad1e40
ai:487637:493389 [3] NCCL INFO AllReduce: opCount 0 sendbuff 0x7f42dbfcc200 recvbuff 0x7f42dbfcc200 count 2048 datatype 7 op 0 root 0 comm 0x7f4344002f70 [nranks=4] stream 0xcad1e40
ai:487635:493391 [1] NCCL INFO AllReduce: opCount 0 sendbuff 0x7f04b81e6000 recvbuff 0x7f04b81e6000 count 4096 datatype 7 op 0 root 0 comm 0x7f0528002f70 [nranks=4] stream 0xc9e1f80
ai:487635:493391 [1] NCCL INFO AllReduce: opCount 0 sendbuff 0x7f04c5df0a00 recvbuff 0x7f04c5df0a00 count 1024 datatype 7 op 0 root 0 comm 0x7f0528002f70 [nranks=4] stream 0xc9e1f80
ai:487637:493389 [3] NCCL INFO AllReduce: opCount 0 sendbuff 0x7f42e11f1000 recvbuff 0x7f42e11f1000 count 512 datatype 7 op 0 root 0 comm 0x7f4344002f70 [nranks=4] stream 0xcad1e40
ai:487635:493391 [1] NCCL INFO AllReduce: opCount 0 sendbuff 0x7f04c5df1200 recvbuff 0x7f04c5df1200 count 1024 datatype 7 op 0 root 0 comm 0x7f0528002f70 [nranks=4] stream 0xc9e1f80
ai:487637:493389 [3] NCCL INFO AllReduce: opCount 0 sendbuff 0x7f42e11fa000 recvbuff 0x7f42e11fa000 count 512 datatype 7 op 0 root 0 comm 0x7f4344002f70 [nranks=4] stream 0xcad1e40
ai:487635:493391 [1] NCCL INFO AllReduce: opCount 0 sendbuff 0x7f04c5df4200 recvbuff 0x7f04c5df4200 count 2048 datatype 7 op 0 root 0 comm 0x7f0528002f70 [nranks=4] stream 0xc9e1f80
ai:487637:493389 [3] NCCL INFO AllReduce: opCount 0 sendbuff 0x7f42de7fa800 recvbuff 0x7f42de7fa800 count 2048 datatype 7 op 0 root 0 comm 0x7f4344002f70 [nranks=4] stream 0xcad1e40
ai:487637:493389 [3] NCCL INFO AllReduce: opCount 0 sendbuff 0x7f42e1beb600 recvbuff 0x7f42e1beb600 count 512 datatype 7 op 0 root 0 comm 0x7f4344002f70 [nranks=4] stream 0xcad1e40
ai:487635:493391 [1] NCCL INFO AllReduce: opCount 0 sendbuff 0x7f04c5df1200 recvbuff 0x7f04c5df1200 count 512 datatype 7 op 0 root 0 comm 0x7f0528002f70 [nranks=4] stream 0xc9e1f80
ai:487637:493389 [3] NCCL INFO AllReduce: opCount 0 sendbuff 0x7f4335e0b000 recvbuff 0x7f4335e0b000 count 7417344 datatype 7 op 0 root 0 comm 0x7f4344002f70 [nranks=4] stream 0xcad1e40
ai:487637:493389 [3] NCCL INFO AllReduce: opCount 0 sendbuff 0x7f42e1bfd800 recvbuff 0x7f42e1bfd800 count 512 datatype 7 op 0 root 0 comm 0x7f4344002f70 [nranks=4] stream 0xcad1e40
ai:487635:493391 [1] NCCL INFO AllReduce: opCount 0 sendbuff 0x7f04c5df1200 recvbuff 0x7f04c5df1200 count 512 datatype 7 op 0 root 0 comm 0x7f0528002f70 [nranks=4] stream 0xc9e1f80
ai:487637:493389 [3] NCCL INFO AllReduce: opCount 0 sendbuff 0x7f42e1bf4200 recvbuff 0x7f42e1bf4200 count 2048 datatype 7 op 0 root 0 comm 0x7f4344002f70 [nranks=4] stream 0xcad1e40
ai:487637:493389 [3] NCCL INFO AllReduce: opCount 0 sendbuff 0x7f42dbdff200 recvbuff 0x7f42dbdff200 count 512 datatype 7 op 0 root 0 comm 0x7f4344002f70 [nranks=4] stream 0xcad1e40
ai:487635:493391 [1] NCCL INFO AllReduce: opCount 0 sendbuff 0x7f04b81e6000 recvbuff 0x7f04b81e6000 count 2048 datatype 7 op 0 root 0 comm 0x7f0528002f70 [nranks=4] stream 0xc9e1f80
ai:487637:493389 [3] NCCL INFO AllReduce: opCount 0 sendbuff 0x7f42de7f0800 recvbuff 0x7f42de7f0800 count 512 datatype 7 op 0 root 0 comm 0x7f4344002f70 [nranks=4] stream 0xcad1e40
ai:487635:493391 [1] NCCL INFO AllReduce: opCount 0 sendbuff 0x7f04c5df1200 recvbuff 0x7f04c5df1200 count 512 datatype 7 op 0 root 0 comm 0x7f0528002f70 [nranks=4] stream 0xc9e1f80
ai:487635:493391 [1] NCCL INFO AllReduce: opCount 0 sendbuff 0x7f04c5df1200 recvbuff 0x7f04c5df1200 count 512 datatype 7 op 0 root 0 comm 0x7f0528002f70 [nranks=4] stream 0xc9e1f80
ai:487635:493391 [1] NCCL INFO AllReduce: opCount 0 sendbuff 0x7f04b81e6000 recvbuff 0x7f04b81e6000 count 2048 datatype 7 op 0 root 0 comm 0x7f0528002f70 [nranks=4] stream 0xc9e1f80
ai:487636:493384 [2] NCCL INFO AllReduce: opCount 0 sendbuff 0x7fc05fdf6600 recvbuff 0x7fc05fdf6600 count 2048 datatype 7 op 0 root 0 comm 0x7fc0c8002f70 [nranks=4] stream 0x6b591b0
ai:487636:493384 [2] NCCL INFO AllReduce: opCount 0 sendbuff 0x7fc05fdd3a00 recvbuff 0x7fc05fdd3a00 count 512 datatype 7 op 0 root 0 comm 0x7fc0c8002f70 [nranks=4] stream 0x6b591b0
ai:487636:493384 [2] NCCL INFO AllReduce: opCount 0 sendbuff 0x7fc0607f5400 recvbuff 0x7fc0607f5400 count 512 datatype 7 op 0 root 0 comm 0x7fc0c8002f70 [nranks=4] stream 0x6b591b0
ai:487636:493384 [2] NCCL INFO AllReduce: opCount 0 sendbuff 0x7fc0d15da800 recvbuff 0x7fc0d15da800 count 2048 datatype 7 op 0 root 0 comm 0x7fc0c8002f70 [nranks=4] stream 0x6b591b0
ai:487636:493384 [2] NCCL INFO AllReduce: opCount 0 sendbuff 0x7fc073bea000 recvbuff 0x7fc073bea000 count 2048 datatype 7 op 0 root 0 comm 0x7fc0c8002f70 [nranks=4] stream 0x6b591b0
ai:487636:493384 [2] NCCL INFO AllReduce: opCount 0 sendbuff 0x7fc061dd0800 recvbuff 0x7fc061dd0800 count 512 datatype 7 op 0 root 0 comm 0x7fc0c8002f70 [nranks=4] stream 0x6b591b0
ai:487636:493384 [2] NCCL INFO AllReduce: opCount 0 sendbuff 0x7fc061dd2200 recvbuff 0x7fc061dd2200 count 512 datatype 7 op 0 root 0 comm 0x7fc0c8002f70 [nranks=4] stream 0x6b591b0
ai:487636:493384 [2] NCCL INFO AllReduce: opCount 0 sendbuff 0x7fc0697f6600 recvbuff 0x7fc0697f6600 count 1024 datatype 7 op 0 root 0 comm 0x7fc0c8002f70 [nranks=4] stream 0x6b591b0
ai:487636:493384 [2] NCCL INFO AllReduce: opCount 0 sendbuff 0x7fc061dffc00 recvbuff 0x7fc061dffc00 count 256 datatype 7 op 0 root 0 comm 0x7fc0c8002f70 [nranks=4] stream 0x6b591b0
ai:487634:493394 [0] NCCL INFO AllReduce: opCount 0 sendbuff 0x7fd9235ee600 recvbuff 0x7fd9235ee600 count 4096 datatype 7 op 0 root 0 comm 0x7fd988002f70 [nranks=4] stream 0xc62dd60
ai:487634:493394 [0] NCCL INFO AllReduce: opCount 0 sendbuff 0x7fd9235f9e00 recvbuff 0x7fd9235f9e00 count 4096 datatype 7 op 0 root 0 comm 0x7fd988002f70 [nranks=4] stream 0xc62dd60
ai:487634:493394 [0] NCCL INFO AllReduce: opCount 0 sendbuff 0x7fd97c000000 recvbuff 0x7fd97c000000 count 7875584 datatype 7 op 0 root 0 comm 0x7fd988002f70 [nranks=4] stream 0xc62dd60
ai:487634:493394 [0] NCCL INFO AllReduce: opCount 0 sendbuff 0x7fd923bfb400 recvbuff 0x7fd923bfb400 count 1024 datatype 7 op 0 root 0 comm 0x7fd988002f70 [nranks=4] stream 0xc62dd60
ai:487634:493394 [0] NCCL INFO AllReduce: opCount 0 sendbuff 0x7fd9235f8e00 recvbuff 0x7fd9235f8e00 count 1024 datatype 7 op 0 root 0 comm 0x7fd988002f70 [nranks=4] stream 0xc62dd60
ai:487634:493394 [0] NCCL INFO AllReduce: opCount 0 sendbuff 0x7fd923bdfa00 recvbuff 0x7fd923bdfa00 count 2048 datatype 7 op 0 root 0 comm 0x7fd988002f70 [nranks=4] stream 0xc62dd60
ai:487634:493394 [0] NCCL INFO AllReduce: opCount 0 sendbuff 0x7fd9235f2600 recvbuff 0x7fd9235f2600 count 512 datatype 7 op 0 root 0 comm 0x7fd988002f70 [nranks=4] stream 0xc62dd60
ai:487634:493394 [0] NCCL INFO AllReduce: opCount 0 sendbuff 0x7fd925bf5400 recvbuff 0x7fd925bf5400 count 512 datatype 7 op 0 root 0 comm 0x7fd988002f70 [nranks=4] stream 0xc62dd60
ai:487634:493394 [0] NCCL INFO AllReduce: opCount 0 sendbuff 0x7fd925bebe00 recvbuff 0x7fd925bebe00 count 2048 datatype 7 op 0 root 0 comm 0x7fd988002f70 [nranks=4] stream 0xc62dd60
ai:487634:493394 [0] NCCL INFO AllReduce: opCount 0 sendbuff 0x7fd925bf5e00 recvbuff 0x7fd925bf5e00 count 512 datatype 7 op 0 root 0 comm 0x7fd988002f70 [nranks=4] stream 0xc62dd60
ai:487634:493394 [0] NCCL INFO AllReduce: opCount 0 sendbuff 0x7fd97de0b000 recvbuff 0x7fd97de0b000 count 7417344 datatype 7 op 0 root 0 comm 0x7fd988002f70 [nranks=4] stream 0xc62dd60
ai:487634:493394 [0] NCCL INFO AllReduce: opCount 0 sendbuff 0x7fd98d5f9000 recvbuff 0x7fd98d5f9000 count 512 datatype 7 op 0 root 0 comm 0x7fd988002f70 [nranks=4] stream 0xc62dd60
ai:487634:493394 [0] NCCL INFO AllReduce: opCount 0 sendbuff 0x7fd925bf2200 recvbuff 0x7fd925bf2200 count 2048 datatype 7 op 0 root 0 comm 0x7fd988002f70 [nranks=4] stream 0xc62dd60
ai:487634:493394 [0] NCCL INFO AllReduce: opCount 0 sendbuff 0x7fd98d5fde00 recvbuff 0x7fd98d5fde00 count 512 datatype 7 op 0 root 0 comm 0x7fd988002f70 [nranks=4] stream 0xc62dd60
ai:487634:493394 [0] NCCL INFO AllReduce: opCount 0 sendbuff 0x7fd9959abe00 recvbuff 0x7fd9959abe00 count 512 datatype 7 op 0 root 0 comm 0x7fd988002f70 [nranks=4] stream 0xc62dd60
ai:487634:493394 [0] NCCL INFO AllReduce: opCount 0 sendbuff 0x7fd923bfce00 recvbuff 0x7fd923bfce00 count 2048 datatype 7 op 0 root 0 comm 0x7fd988002f70 [nranks=4] stream 0xc62dd60
ai:487634:493394 [0] NCCL INFO AllReduce: opCount 0 sendbuff 0x7fd997ff2400 recvbuff 0x7fd997ff2400 count 512 datatype 7 op 0 root 0 comm 0x7fd988002f70 [nranks=4] stream 0xc62dd60
ai:487634:493394 [0] NCCL INFO AllReduce: opCount 0 sendbuff 0x7fd997ffe600 recvbuff 0x7fd997ffe600 count 512 datatype 7 op 0 root 0 comm 0x7fd988002f70 [nranks=4] stream 0xc62dd60
ai:487634:493394 [0] NCCL INFO AllReduce: opCount 0 sendbuff 0x7fd925bf8000 recvbuff 0x7fd925bf8000 count 2048 datatype 7 op 0 root 0 comm 0x7fd988002f70 [nranks=4] stream 0xc62dd60
ai:487634:493394 [0] NCCL INFO AllReduce: opCount 0 sendbuff 0x7fd9235f7000 recvbuff 0x7fd9235f7000 count 512 datatype 7 op 0 root 0 comm 0x7fd988002f70 [nranks=4] stream 0xc62dd60
ai:487634:493394 [0] NCCL INFO AllReduce: opCount 0 sendbuff 0x7fd923bd6c00 recvbuff 0x7fd923bd6c00 count 512 datatype 7 op 0 root 0 comm 0x7fd988002f70 [nranks=4] stream 0xc62dd60
ai:487634:493394 [0] NCCL INFO AllReduce: opCount 0 sendbuff 0x7fd923be1e00 recvbuff 0x7fd923be1e00 count 2048 datatype 7 op 0 root 0 comm 0x7fd988002f70 [nranks=4] stream 0xc62dd60
ai:487634:493394 [0] NCCL INFO AllReduce: opCount 0 sendbuff 0x7fd9239fe000 recvbuff 0x7fd9239fe000 count 2048 datatype 7 op 0 root 0 comm 0x7fd988002f70 [nranks=4] stream 0xc62dd60
ai:487634:493394 [0] NCCL INFO AllReduce: opCount 0 sendbuff 0x7fd923be9000 recvbuff 0x7fd923be9000 count 512 datatype 7 op 0 root 0 comm 0x7fd988002f70 [nranks=4] stream 0xc62dd60
ai:487634:493394 [0] NCCL INFO AllReduce: opCount 0 sendbuff 0x7fd9239ed200 recvbuff 0x7fd9239ed200 count 512 datatype 7 op 0 root 0 comm 0x7fd988002f70 [nranks=4] stream 0xc62dd60
ai:487634:493394 [0] NCCL INFO AllReduce: opCount 0 sendbuff 0x7fd91e5fd800 recvbuff 0x7fd91e5fd800 count 1024 datatype 7 op 0 root 0 comm 0x7fd988002f70 [nranks=4] stream 0xc62dd60
ai:487634:493394 [0] NCCL INFO AllReduce: opCount 0 sendbuff 0x7fd9239ecc00 recvbuff 0x7fd9239ecc00 count 256 datatype 7 op 0 root 0 comm 0x7fd988002f70 [nranks=4] stream 0xc62dd60
ai:487635:493391 [1] NCCL INFO AllReduce: opCount 0 sendbuff 0x7f04c5df1600 recvbuff 0x7f04c5df1600 count 512 datatype 7 op 0 root 0 comm 0x7f0528002f70 [nranks=4] stream 0xc9e1f80
ai:487635:493391 [1] NCCL INFO AllReduce: opCount 0 sendbuff 0x7f04c5df1600 recvbuff 0x7f04c5df1600 count 512 datatype 7 op 0 root 0 comm 0x7f0528002f70 [nranks=4] stream 0xc9e1f80
ai:487634:493394 [0] NCCL INFO AllReduce: opCount 0 sendbuff 0x7fd997fef200 recvbuff 0x7fd997fef200 count 256 datatype 7 op 0 root 0 comm 0x7fd988002f70 [nranks=4] stream 0xc62dd60
ai:487636:493384 [2] NCCL INFO AllReduce: opCount 0 sendbuff 0x7fc06bdffa00 recvbuff 0x7fc06bdffa00 count 256 datatype 7 op 0 root 0 comm 0x7fc0c8002f70 [nranks=4] stream 0x6b591b0
ai:487635:493391 [1] NCCL INFO AllReduce: opCount 0 sendbuff 0x7f04b81e6000 recvbuff 0x7f04b81e6000 count 2048 datatype 7 op 0 root 0 comm 0x7f0528002f70 [nranks=4] stream 0xc9e1f80
ai:487634:493394 [0] NCCL INFO AllReduce: opCount 0 sendbuff 0x7fd997ffce00 recvbuff 0x7fd997ffce00 count 1024 datatype 7 op 0 root 0 comm 0x7fd988002f70 [nranks=4] stream 0xc62dd60
ai:487636:493384 [2] NCCL INFO AllReduce: opCount 0 sendbuff 0x7fc06bbf6200 recvbuff 0x7fc06bbf6200 count 1024 datatype 7 op 0 root 0 comm 0x7fc0c8002f70 [nranks=4] stream 0x6b591b0
ai:487635:493391 [1] NCCL INFO AllReduce: opCount 0 sendbuff 0x7f04c5df1600 recvbuff 0x7f04c5df1600 count 512 datatype 7 op 0 root 0 comm 0x7f0528002f70 [nranks=4] stream 0xc9e1f80
ai:487635:493391 [1] NCCL INFO AllReduce: opCount 0 sendbuff 0x7f04c5df1600 recvbuff 0x7f04c5df1600 count 512 datatype 7 op 0 root 0 comm 0x7f0528002f70 [nranks=4] stream 0xc9e1f80
ai:487636:493384 [2] NCCL INFO AllReduce: opCount 0 sendbuff 0x7fc0d15e6400 recvbuff 0x7fc0d15e6400 count 256 datatype 7 op 0 root 0 comm 0x7fc0c8002f70 [nranks=4] stream 0x6b591b0
ai:487635:493391 [1] NCCL INFO AllReduce: opCount 0 sendbuff 0x7f04b81e6000 recvbuff 0x7f04b81e6000 count 2048 datatype 7 op 0 root 0 comm 0x7f0528002f70 [nranks=4] stream 0xc9e1f80
ai:487636:493384 [2] NCCL INFO AllReduce: opCount 0 sendbuff 0x7fc0d15f9a00 recvbuff 0x7fc0d15f9a00 count 256 datatype 7 op 0 root 0 comm 0x7fc0c8002f70 [nranks=4] stream 0x6b591b0
ai:487635:493391 [1] NCCL INFO AllReduce: opCount 0 sendbuff 0x7f04c9bf1000 recvbuff 0x7f04c9bf1000 count 512 datatype 7 op 0 root 0 comm 0x7f0528002f70 [nranks=4] stream 0xc9e1f80
ai:487635:493391 [1] NCCL INFO AllReduce: opCount 0 sendbuff 0x7f04c5df1a00 recvbuff 0x7f04c5df1a00 count 512 datatype 7 op 0 root 0 comm 0x7f0528002f70 [nranks=4] stream 0xc9e1f80
ai:487636:493384 [2] NCCL INFO AllReduce: opCount 0 sendbuff 0x7fc0d99f4200 recvbuff 0x7fc0d99f4200 count 1024 datatype 7 op 0 root 0 comm 0x7fc0c8002f70 [nranks=4] stream 0x6b591b0
ai:487635:493391 [1] NCCL INFO AllReduce: opCount 0 sendbuff 0x7f04b81e7000 recvbuff 0x7f04b81e7000 count 2048 datatype 7 op 0 root 0 comm 0x7f0528002f70 [nranks=4] stream 0xc9e1f80
ai:487637:493389 [3] NCCL INFO AllReduce: opCount 0 sendbuff 0x7f42de1fc600 recvbuff 0x7f42de1fc600 count 2048 datatype 7 op 0 root 0 comm 0x7f4344002f70 [nranks=4] stream 0xcad1e40
ai:487636:493384 [2] NCCL INFO AllReduce: opCount 0 sendbuff 0x7fc06bbeee00 recvbuff 0x7fc06bbeee00 count 256 datatype 7 op 0 root 0 comm 0x7fc0c8002f70 [nranks=4] stream 0x6b591b0
ai:487637:493389 [3] NCCL INFO AllReduce: opCount 0 sendbuff 0x7f42dbfc9200 recvbuff 0x7f42dbfc9200 count 512 datatype 7 op 0 root 0 comm 0x7f4344002f70 [nranks=4] stream 0xcad1e40
ai:487635:493391 [1] NCCL INFO AllReduce: opCount 0 sendbuff 0x7f04b81e7000 recvbuff 0x7f04b81e7000 count 2048 datatype 7 op 0 root 0 comm 0x7f0528002f70 [nranks=4] stream 0xc9e1f80
ai:487637:493389 [3] NCCL INFO AllReduce: opCount 0 sendbuff 0x7f42dbfce200 recvbuff 0x7f42dbfce200 count 512 datatype 7 op 0 root 0 comm 0x7f4344002f70 [nranks=4] stream 0xcad1e40
ai:487635:493391 [1] NCCL INFO AllReduce: opCount 0 sendbuff 0x7f04c5df1a00 recvbuff 0x7f04c5df1a00 count 512 datatype 7 op 0 root 0 comm 0x7f0528002f70 [nranks=4] stream 0xc9e1f80
ai:487637:493389 [3] NCCL INFO AllReduce: opCount 0 sendbuff 0x7f42de7fcc00 recvbuff 0x7f42de7fcc00 count 2048 datatype 7 op 0 root 0 comm 0x7f4344002f70 [nranks=4] stream 0xcad1e40
ai:487636:493384 [2] NCCL INFO AllReduce: opCount 0 sendbuff 0x7fc0d99f3200 recvbuff 0x7fc0d99f3200 count 256 datatype 7 op 0 root 0 comm 0x7fc0c8002f70 [nranks=4] stream 0x6b591b0
ai:487637:493389 [3] NCCL INFO AllReduce: opCount 0 sendbuff 0x7f42dbdfea00 recvbuff 0x7f42dbdfea00 count 512 datatype 7 op 0 root 0 comm 0x7f4344002f70 [nranks=4] stream 0xcad1e40
ai:487635:493391 [1] NCCL INFO AllReduce: opCount 0 sendbuff 0x7f04c9bef800 recvbuff 0x7f04c9bef800 count 512 datatype 7 op 0 root 0 comm 0x7f0528002f70 [nranks=4] stream 0xc9e1f80
ai:487636:493384 [2] NCCL INFO AllReduce: opCount 0 sendbuff 0x7fc0d15fac00 recvbuff 0x7fc0d15fac00 count 1024 datatype 7 op 0 root 0 comm 0x7fc0c8002f70 [nranks=4] stream 0x6b591b0
ai:487637:493389 [3] NCCL INFO AllReduce: opCount 0 sendbuff 0x7f42e11eb000 recvbuff 0x7f42e11eb000 count 512 datatype 7 op 0 root 0 comm 0x7f4344002f70 [nranks=4] stream 0xcad1e40
ai:487635:493391 [1] NCCL INFO AllReduce: opCount 0 sendbuff 0x7f04c9bf0800 recvbuff 0x7f04c9bf0800 count 1024 datatype 7 op 0 root 0 comm 0x7f0528002f70 [nranks=4] stream 0xc9e1f80
ai:487637:493389 [3] NCCL INFO AllReduce: opCount 0 sendbuff 0x7f42e11eee00 recvbuff 0x7f42e11eee00 count 2048 datatype 7 op 0 root 0 comm 0x7f4344002f70 [nranks=4] stream 0xcad1e40
ai:487637:493389 [3] NCCL INFO AllReduce: opCount 0 sendbuff 0x7f42de1fa600 recvbuff 0x7f42de1fa600 count 2048 datatype 7 op 0 root 0 comm 0x7f4344002f70 [nranks=4] stream 0xcad1e40
ai:487635:493391 [1] NCCL INFO AllReduce: opCount 0 sendbuff 0x7f04b85fe800 recvbuff 0x7f04b85fe800 count 256 datatype 7 op 0 root 0 comm 0x7f0528002f70 [nranks=4] stream 0xc9e1f80
ai:487637:493389 [3] NCCL INFO AllReduce: opCount 0 sendbuff 0x7f42e11f1800 recvbuff 0x7f42e11f1800 count 512 datatype 7 op 0 root 0 comm 0x7f4344002f70 [nranks=4] stream 0xcad1e40
ai:487636:493384 [2] NCCL INFO AllReduce: opCount 0 sendbuff 0x7fc0d15fbc00 recvbuff 0x7fc0d15fbc00 count 1024 datatype 7 op 0 root 0 comm 0x7fc0c8002f70 [nranks=4] stream 0x6b591b0
ai:487635:493391 [1] NCCL INFO AllReduce: opCount 0 sendbuff 0x7f04b85fe800 recvbuff 0x7f04b85fe800 count 256 datatype 7 op 0 root 0 comm 0x7f0528002f70 [nranks=4] stream 0xc9e1f80
ai:487637:493389 [3] NCCL INFO AllReduce: opCount 0 sendbuff 0x7f42e1beac00 recvbuff 0x7f42e1beac00 count 512 datatype 7 op 0 root 0 comm 0x7f4344002f70 [nranks=4] stream 0xcad1e40
ai:487636:493384 [2] NCCL INFO AllReduce: opCount 0 sendbuff 0x7fc05fdd3600 recvbuff 0x7fc05fdd3600 count 256 datatype 7 op 0 root 0 comm 0x7fc0c8002f70 [nranks=4] stream 0x6b591b0
ai:487635:493391 [1] NCCL INFO AllReduce: opCount 0 sendbuff 0x7f04c9beee00 recvbuff 0x7f04c9beee00 count 1024 datatype 7 op 0 root 0 comm 0x7f0528002f70 [nranks=4] stream 0xc9e1f80
ai:487637:493389 [3] NCCL INFO AllReduce: opCount 0 sendbuff 0x7f43e49dfe00 recvbuff 0x7f43e49dfe00 count 1024 datatype 7 op 0 root 0 comm 0x7f4344002f70 [nranks=4] stream 0xcad1e40
ai:487635:493391 [1] NCCL INFO AllReduce: opCount 0 sendbuff 0x7f04b85fe800 recvbuff 0x7f04b85fe800 count 256 datatype 7 op 0 root 0 comm 0x7f0528002f70 [nranks=4] stream 0xc9e1f80
ai:487636:493384 [2] NCCL INFO AllReduce: opCount 0 sendbuff 0x7fc0607f6000 recvbuff 0x7fc0607f6000 count 256 datatype 7 op 0 root 0 comm 0x7fc0c8002f70 [nranks=4] stream 0x6b591b0
ai:487637:493389 [3] NCCL INFO AllReduce: opCount 0 sendbuff 0x7f42dbfc9a00 recvbuff 0x7f42dbfc9a00 count 256 datatype 7 op 0 root 0 comm 0x7f4344002f70 [nranks=4] stream 0xcad1e40
ai:487635:493391 [1] NCCL INFO AllReduce: opCount 0 sendbuff 0x7f04b85fe800 recvbuff 0x7f04b85fe800 count 256 datatype 7 op 0 root 0 comm 0x7f0528002f70 [nranks=4] stream 0xc9e1f80
ai:487635:493391 [1] NCCL INFO AllReduce: opCount 0 sendbuff 0x7f04c9bf1c00 recvbuff 0x7f04c9bf1c00 count 1024 datatype 7 op 0 root 0 comm 0x7f0528002f70 [nranks=4] stream 0xc9e1f80
ai:487636:493384 [2] NCCL INFO AllReduce: opCount 0 sendbuff 0x7fc0c3a56800 recvbuff 0x7fc0c3a56800 count 6804992 datatype 7 op 0 root 0 comm 0x7fc0c8002f70 [nranks=4] stream 0x6b591b0
ai:487637:493389 [3] NCCL INFO AllReduce: opCount 0 sendbuff 0x7f43e2fef400 recvbuff 0x7f43e2fef400 count 256 datatype 7 op 0 root 0 comm 0x7f4344002f70 [nranks=4] stream 0xcad1e40
ai:487635:493391 [1] NCCL INFO AllReduce: opCount 0 sendbuff 0x7f04b85fe800 recvbuff 0x7f04b85fe800 count 256 datatype 7 op 0 root 0 comm 0x7f0528002f70 [nranks=4] stream 0xc9e1f80
ai:487636:493384 [2] NCCL INFO AllReduce: opCount 0 sendbuff 0x7fc061fc6000 recvbuff 0x7fc061fc6000 count 512 datatype 7 op 0 root 0 comm 0x7fc0c8002f70 [nranks=4] stream 0x6b591b0
ai:487635:493391 [1] NCCL INFO AllReduce: opCount 0 sendbuff 0x7f04b85fe800 recvbuff 0x7f04b85fe800 count 256 datatype 7 op 0 root 0 comm 0x7f0528002f70 [nranks=4] stream 0xc9e1f80
ai:487636:493384 [2] NCCL INFO AllReduce: opCount 0 sendbuff 0x7fc06bbeec00 recvbuff 0x7fc06bbeec00 count 128 datatype 7 op 0 root 0 comm 0x7fc0c8002f70 [nranks=4] stream 0x6b591b0
ai:487635:493391 [1] NCCL INFO AllReduce: opCount 0 sendbuff 0x7f04c9bf1c00 recvbuff 0x7f04c9bf1c00 count 1024 datatype 7 op 0 root 0 comm 0x7f0528002f70 [nranks=4] stream 0xc9e1f80
ai:487637:493389 [3] NCCL INFO AllReduce: opCount 0 sendbuff 0x7f42e11f2200 recvbuff 0x7f42e11f2200 count 1024 datatype 7 op 0 root 0 comm 0x7f4344002f70 [nranks=4] stream 0xcad1e40
ai:487636:493384 [2] NCCL INFO AllReduce: opCount 0 sendbuff 0x7fc06bbf7400 recvbuff 0x7fc06bbf7400 count 128 datatype 7 op 0 root 0 comm 0x7fc0c8002f70 [nranks=4] stream 0x6b591b0
ai:487637:493389 [3] NCCL INFO AllReduce: opCount 0 sendbuff 0x7f42de1fee00 recvbuff 0x7f42de1fee00 count 256 datatype 7 op 0 root 0 comm 0x7f4344002f70 [nranks=4] stream 0xcad1e40
ai:487635:493391 [1] NCCL INFO AllReduce: opCount 0 sendbuff 0x7f04c9bf1c00 recvbuff 0x7f04c9bf1c00 count 1024 datatype 7 op 0 root 0 comm 0x7f0528002f70 [nranks=4] stream 0xc9e1f80
ai:487636:493384 [2] NCCL INFO AllReduce: opCount 0 sendbuff 0x7fc0697fac00 recvbuff 0x7fc0697fac00 count 512 datatype 7 op 0 root 0 comm 0x7fc0c8002f70 [nranks=4] stream 0x6b591b0
ai:487635:493391 [1] NCCL INFO AllReduce: opCount 0 sendbuff 0x7f04b85fe800 recvbuff 0x7f04b85fe800 count 256 datatype 7 op 0 root 0 comm 0x7f0528002f70 [nranks=4] stream 0xc9e1f80
ai:487637:493389 [3] NCCL INFO AllReduce: opCount 0 sendbuff 0x7f42da5ff600 recvbuff 0x7f42da5ff600 count 256 datatype 7 op 0 root 0 comm 0x7f4344002f70 [nranks=4] stream 0xcad1e40
ai:487636:493384 [2] NCCL INFO AllReduce: opCount 0 sendbuff 0x7fc06bdffe00 recvbuff 0x7fc06bdffe00 count 128 datatype 7 op 0 root 0 comm 0x7fc0c8002f70 [nranks=4] stream 0x6b591b0
ai:487637:493389 [3] NCCL INFO AllReduce: opCount 0 sendbuff 0x7f43e49fd400 recvbuff 0x7f43e49fd400 count 1024 datatype 7 op 0 root 0 comm 0x7f4344002f70 [nranks=4] stream 0xcad1e40
ai:487637:493389 [3] NCCL INFO AllReduce: opCount 0 sendbuff 0x7f42e25eee00 recvbuff 0x7f42e25eee00 count 256 datatype 7 op 0 root 0 comm 0x7f4344002f70 [nranks=4] stream 0xcad1e40
ai:487635:493391 [1] NCCL INFO AllReduce: opCount 0 sendbuff 0x7f04b85fe800 recvbuff 0x7f04b85fe800 count 256 datatype 7 op 0 root 0 comm 0x7f0528002f70 [nranks=4] stream 0xc9e1f80
ai:487636:493384 [2] NCCL INFO AllReduce: opCount 0 sendbuff 0x7fc0d15e6800 recvbuff 0x7fc0d15e6800 count 128 datatype 7 op 0 root 0 comm 0x7fc0c8002f70 [nranks=4] stream 0x6b591b0
ai:487637:493389 [3] NCCL INFO AllReduce: opCount 0 sendbuff 0x7f42de7ffc00 recvbuff 0x7f42de7ffc00 count 256 datatype 7 op 0 root 0 comm 0x7f4344002f70 [nranks=4] stream 0xcad1e40
ai:487635:493391 [1] NCCL INFO AllReduce: opCount 0 sendbuff 0x7f04c9be8000 recvbuff 0x7f04c9be8000 count 512 datatype 7 op 0 root 0 comm 0x7f0528002f70 [nranks=4] stream 0xc9e1f80
ai:487637:493389 [3] NCCL INFO AllReduce: opCount 0 sendbuff 0x7f42e25f5200 recvbuff 0x7f42e25f5200 count 1024 datatype 7 op 0 root 0 comm 0x7f4344002f70 [nranks=4] stream 0xcad1e40
ai:487637:493389 [3] NCCL INFO AllReduce: opCount 0 sendbuff 0x7f43e49fae00 recvbuff 0x7f43e49fae00 count 1024 datatype 7 op 0 root 0 comm 0x7f4344002f70 [nranks=4] stream 0xcad1e40
ai:487635:493391 [1] NCCL INFO AllReduce: opCount 0 sendbuff 0x7f053bffec00 recvbuff 0x7f053bffec00 count 128 datatype 7 op 0 root 0 comm 0x7f0528002f70 [nranks=4] stream 0xc9e1f80
ai:487637:493389 [3] NCCL INFO AllReduce: opCount 0 sendbuff 0x7f42e25efa00 recvbuff 0x7f42e25efa00 count 256 datatype 7 op 0 root 0 comm 0x7f4344002f70 [nranks=4] stream 0xcad1e40
ai:487636:493384 [2] NCCL INFO AllReduce: opCount 0 sendbuff 0x7fc0d99f1a00 recvbuff 0x7fc0d99f1a00 count 512 datatype 7 op 0 root 0 comm 0x7fc0c8002f70 [nranks=4] stream 0x6b591b0
ai:487637:493389 [3] NCCL INFO AllReduce: opCount 0 sendbuff 0x7f42e25f9200 recvbuff 0x7f42e25f9200 count 256 datatype 7 op 0 root 0 comm 0x7f4344002f70 [nranks=4] stream 0xcad1e40
ai:487635:493391 [1] NCCL INFO AllReduce: opCount 0 sendbuff 0x7f04b85fe800 recvbuff 0x7f04b85fe800 count 128 datatype 7 op 0 root 0 comm 0x7f0528002f70 [nranks=4] stream 0xc9e1f80
ai:487637:493389 [3] NCCL INFO AllReduce: opCount 0 sendbuff 0x7f4337a56800 recvbuff 0x7f4337a56800 count 6804992 datatype 7 op 0 root 0 comm 0x7f4344002f70 [nranks=4] stream 0xcad1e40
ai:487637:493389 [3] NCCL INFO AllReduce: opCount 0 sendbuff 0x7f42e11f5c00 recvbuff 0x7f42e11f5c00 count 512 datatype 7 op 0 root 0 comm 0x7f4344002f70 [nranks=4] stream 0xcad1e40
ai:487635:493391 [1] NCCL INFO AllReduce: opCount 0 sendbuff 0x7f04c9be8000 recvbuff 0x7f04c9be8000 count 512 datatype 7 op 0 root 0 comm 0x7f0528002f70 [nranks=4] stream 0xc9e1f80
ai:487637:493389 [3] NCCL INFO AllReduce: opCount 0 sendbuff 0x7f42e25ffa00 recvbuff 0x7f42e25ffa00 count 128 datatype 7 op 0 root 0 comm 0x7f4344002f70 [nranks=4] stream 0xcad1e40
ai:487636:493384 [2] NCCL INFO AllReduce: opCount 0 sendbuff 0x7fc0d99f3600 recvbuff 0x7fc0d99f3600 count 512 datatype 7 op 0 root 0 comm 0x7fc0c8002f70 [nranks=4] stream 0x6b591b0
ai:487635:493391 [1] NCCL INFO AllReduce: opCount 0 sendbuff 0x7f04b85fea00 recvbuff 0x7f04b85fea00 count 128 datatype 7 op 0 root 0 comm 0x7f0528002f70 [nranks=4] stream 0xc9e1f80
ai:487637:493389 [3] NCCL INFO AllReduce: opCount 0 sendbuff 0x7f43e2fe9600 recvbuff 0x7f43e2fe9600 count 128 datatype 7 op 0 root 0 comm 0x7f4344002f70 [nranks=4] stream 0xcad1e40
ai:487636:493384 [2] NCCL INFO AllReduce: opCount 0 sendbuff 0x7fc0d99f3e00 recvbuff 0x7fc0d99f3e00 count 128 datatype 7 op 0 root 0 comm 0x7fc0c8002f70 [nranks=4] stream 0x6b591b0
ai:487635:493391 [1] NCCL INFO AllReduce: opCount 0 sendbuff 0x7f04c5df1e00 recvbuff 0x7f04c5df1e00 count 128 datatype 7 op 0 root 0 comm 0x7f0528002f70 [nranks=4] stream 0xc9e1f80
ai:487637:493389 [3] NCCL INFO AllReduce: opCount 0 sendbuff 0x7f43e2ff2600 recvbuff 0x7f43e2ff2600 count 512 datatype 7 op 0 root 0 comm 0x7f4344002f70 [nranks=4] stream 0xcad1e40
ai:487635:493391 [1] NCCL INFO AllReduce: opCount 0 sendbuff 0x7f04c9be8000 recvbuff 0x7f04c9be8000 count 512 datatype 7 op 0 root 0 comm 0x7f0528002f70 [nranks=4] stream 0xc9e1f80
ai:487636:493384 [2] NCCL INFO AllReduce: opCount 0 sendbuff 0x7fc0d99fbe00 recvbuff 0x7fc0d99fbe00 count 128 datatype 7 op 0 root 0 comm 0x7fc0c8002f70 [nranks=4] stream 0x6b591b0
ai:487635:493391 [1] NCCL INFO AllReduce: opCount 0 sendbuff 0x7f04c97f4600 recvbuff 0x7f04c97f4600 count 512 datatype 7 op 0 root 0 comm 0x7f0528002f70 [nranks=4] stream 0xc9e1f80
ai:487637:493389 [3] NCCL INFO AllReduce: opCount 0 sendbuff 0x7f42da7ff000 recvbuff 0x7f42da7ff000 count 128 datatype 7 op 0 root 0 comm 0x7f4344002f70 [nranks=4] stream 0xcad1e40
ai:487635:493391 [1] NCCL INFO AllReduce: opCount 0 sendbuff 0x7f04c97f5000 recvbuff 0x7f04c97f5000 count 128 datatype 7 op 0 root 0 comm 0x7f0528002f70 [nranks=4] stream 0xc9e1f80
ai:487637:493389 [3] NCCL INFO AllReduce: opCount 0 sendbuff 0x7f43e49dec00 recvbuff 0x7f43e49dec00 count 128 datatype 7 op 0 root 0 comm 0x7f4344002f70 [nranks=4] stream 0xcad1e40
ai:487636:493384 [2] NCCL INFO AllReduce: opCount 0 sendbuff 0x7fc0d15faa00 recvbuff 0x7fc0d15faa00 count 128 datatype 7 op 0 root 0 comm 0x7fc0c8002f70 [nranks=4] stream 0x6b591b0
ai:487637:493389 [3] NCCL INFO AllReduce: opCount 0 sendbuff 0x7f42dbfc9e00 recvbuff 0x7f42dbfc9e00 count 512 datatype 7 op 0 root 0 comm 0x7f4344002f70 [nranks=4] stream 0xcad1e40
ai:487637:493389 [3] NCCL INFO AllReduce: opCount 0 sendbuff 0x7f42e11faa00 recvbuff 0x7f42e11faa00 count 512 datatype 7 op 0 root 0 comm 0x7f4344002f70 [nranks=4] stream 0xcad1e40
ai:487637:493389 [3] NCCL INFO AllReduce: opCount 0 sendbuff 0x7f43e2ff3e00 recvbuff 0x7f43e2ff3e00 count 128 datatype 7 op 0 root 0 comm 0x7f4344002f70 [nranks=4] stream 0xcad1e40
ai:487637:493389 [3] NCCL INFO AllReduce: opCount 0 sendbuff 0x7f42e1bfe200 recvbuff 0x7f42e1bfe200 count 128 datatype 7 op 0 root 0 comm 0x7f4344002f70 [nranks=4] stream 0xcad1e40
ai:487634:493394 [0] NCCL INFO AllReduce: opCount 0 sendbuff 0x7fd91e7ff400 recvbuff 0x7fd91e7ff400 count 256 datatype 7 op 0 root 0 comm 0x7fd988002f70 [nranks=4] stream 0xc62dd60
ai:487634:493394 [0] NCCL INFO AllReduce: opCount 0 sendbuff 0x7fd9203f2e00 recvbuff 0x7fd9203f2e00 count 256 datatype 7 op 0 root 0 comm 0x7fd988002f70 [nranks=4] stream 0xc62dd60
ai:487634:493394 [0] NCCL INFO AllReduce: opCount 0 sendbuff 0x7fd9235f3a00 recvbuff 0x7fd9235f3a00 count 1024 datatype 7 op 0 root 0 comm 0x7fd988002f70 [nranks=4] stream 0xc62dd60
ai:487634:493394 [0] NCCL INFO AllReduce: opCount 0 sendbuff 0x7fd9239ec800 recvbuff 0x7fd9239ec800 count 256 datatype 7 op 0 root 0 comm 0x7fd988002f70 [nranks=4] stream 0xc62dd60
ai:487634:493394 [0] NCCL INFO AllReduce: opCount 0 sendbuff 0x7fd923bd6800 recvbuff 0x7fd923bd6800 count 256 datatype 7 op 0 root 0 comm 0x7fd988002f70 [nranks=4] stream 0xc62dd60
ai:487634:493394 [0] NCCL INFO AllReduce: opCount 0 sendbuff 0x7fd9239ea600 recvbuff 0x7fd9239ea600 count 1024 datatype 7 op 0 root 0 comm 0x7fd988002f70 [nranks=4] stream 0xc62dd60
ai:487634:493394 [0] NCCL INFO AllReduce: opCount 0 sendbuff 0x7fd923be3e00 recvbuff 0x7fd923be3e00 count 1024 datatype 7 op 0 root 0 comm 0x7fd988002f70 [nranks=4] stream 0xc62dd60
ai:487634:493394 [0] NCCL INFO AllReduce: opCount 0 sendbuff 0x7fd923be7e00 recvbuff 0x7fd923be7e00 count 256 datatype 7 op 0 root 0 comm 0x7fd988002f70 [nranks=4] stream 0xc62dd60
ai:487634:493394 [0] NCCL INFO AllReduce: opCount 0 sendbuff 0x7fd9235f7800 recvbuff 0x7fd9235f7800 count 256 datatype 7 op 0 root 0 comm 0x7fd988002f70 [nranks=4] stream 0xc62dd60
ai:487634:493394 [0] NCCL INFO AllReduce: opCount 0 sendbuff 0x7fd97fa56800 recvbuff 0x7fd97fa56800 count 6804992 datatype 7 op 0 root 0 comm 0x7fd988002f70 [nranks=4] stream 0xc62dd60
ai:487634:493394 [0] NCCL INFO AllReduce: opCount 0 sendbuff 0x7fd9235f8400 recvbuff 0x7fd9235f8400 count 512 datatype 7 op 0 root 0 comm 0x7fd988002f70 [nranks=4] stream 0xc62dd60
ai:487634:493394 [0] NCCL INFO AllReduce: opCount 0 sendbuff 0x7fd923bfc400 recvbuff 0x7fd923bfc400 count 128 datatype 7 op 0 root 0 comm 0x7fd988002f70 [nranks=4] stream 0xc62dd60
ai:487634:493394 [0] NCCL INFO AllReduce: opCount 0 sendbuff 0x7fd925bfb400 recvbuff 0x7fd925bfb400 count 128 datatype 7 op 0 root 0 comm 0x7fd988002f70 [nranks=4] stream 0xc62dd60
ai:487634:493394 [0] NCCL INFO AllReduce: opCount 0 sendbuff 0x7fd925bfbc00 recvbuff 0x7fd925bfbc00 count 512 datatype 7 op 0 root 0 comm 0x7fd988002f70 [nranks=4] stream 0xc62dd60
ai:487634:493394 [0] NCCL INFO AllReduce: opCount 0 sendbuff 0x7fd925bff200 recvbuff 0x7fd925bff200 count 128 datatype 7 op 0 root 0 comm 0x7fd988002f70 [nranks=4] stream 0xc62dd60
ai:487634:493394 [0] NCCL INFO AllReduce: opCount 0 sendbuff 0x7fd9959a2400 recvbuff 0x7fd9959a2400 count 128 datatype 7 op 0 root 0 comm 0x7fd988002f70 [nranks=4] stream 0xc62dd60
ai:487634:493394 [0] NCCL INFO AllReduce: opCount 0 sendbuff 0x7fd98d5f9e00 recvbuff 0x7fd98d5f9e00 count 512 datatype 7 op 0 root 0 comm 0x7fd988002f70 [nranks=4] stream 0xc62dd60
ai:487634:493394 [0] NCCL INFO AllReduce: opCount 0 sendbuff 0x7fd997ffc600 recvbuff 0x7fd997ffc600 count 512 datatype 7 op 0 root 0 comm 0x7fd988002f70 [nranks=4] stream 0xc62dd60
ai:487634:493394 [0] NCCL INFO AllReduce: opCount 0 sendbuff 0x7fd997fee400 recvbuff 0x7fd997fee400 count 128 datatype 7 op 0 root 0 comm 0x7fd988002f70 [nranks=4] stream 0xc62dd60
ai:487634:493394 [0] NCCL INFO AllReduce: opCount 0 sendbuff 0x7fd9235f5000 recvbuff 0x7fd9235f5000 count 128 datatype 7 op 0 root 0 comm 0x7fd988002f70 [nranks=4] stream 0xc62dd60
ai:487634:493394 [0] NCCL INFO AllReduce: opCount 0 sendbuff 0x7fd997fee600 recvbuff 0x7fd997fee600 count 128 datatype 7 op 0 root 0 comm 0x7fd988002f70 [nranks=4] stream 0xc62dd60
ai:487635:493391 [1] NCCL INFO AllReduce: opCount 0 sendbuff 0x7f04c97ffc00 recvbuff 0x7f04c97ffc00 count 128 datatype 7 op 0 root 0 comm 0x7f0528002f70 [nranks=4] stream 0xc9e1f80
ai:487634:493394 [0] NCCL INFO AllReduce: opCount 0 sendbuff 0x7fd995580000 recvbuff 0x7fd995580000 count 356416 datatype 7 op 0 root 0 comm 0x7fd988002f70 [nranks=4] stream 0xc62dd60
ai:487636:493384 [2] NCCL INFO AllReduce: opCount 0 sendbuff 0x7fc0d9580000 recvbuff 0x7fc0d9580000 count 356416 datatype 7 op 0 root 0 comm 0x7fc0c8002f70 [nranks=4] stream 0x6b591b0
ai:487635:493391 [1] NCCL INFO AllReduce: opCount 0 sendbuff 0x7f053bff0c00 recvbuff 0x7f053bff0c00 count 128 datatype 7 op 0 root 0 comm 0x7f0528002f70 [nranks=4] stream 0xc9e1f80
ai:487637:493389 [3] NCCL INFO AllReduce: opCount 0 sendbuff 0x7f43e2ff3000 recvbuff 0x7f43e2ff3000 count 128 datatype 7 op 0 root 0 comm 0x7f4344002f70 [nranks=4] stream 0xcad1e40
ai:487637:493389 [3] NCCL INFO AllReduce: opCount 0 sendbuff 0x7f43e4580000 recvbuff 0x7f43e4580000 count 356416 datatype 7 op 0 root 0 comm 0x7f4344002f70 [nranks=4] stream 0xcad1e40
ai:487635:493391 [1] NCCL INFO AllReduce: opCount 0 sendbuff 0x7f04bd7f2000 recvbuff 0x7f04bd7f2000 count 4096 datatype 7 op 0 root 0 comm 0x7f0528002f70 [nranks=4] stream 0xc9e1f80
ai:487635:493391 [1] NCCL INFO AllReduce: opCount 0 sendbuff 0x7f04c97f3c00 recvbuff 0x7f04c97f3c00 count 1024 datatype 7 op 0 root 0 comm 0x7f0528002f70 [nranks=4] stream 0xc9e1f80
ai:487635:493391 [1] NCCL INFO AllReduce: opCount 0 sendbuff 0x7f051e000000 recvbuff 0x7f051e000000 count 5510144 datatype 7 op 0 root 0 comm 0x7f0528002f70 [nranks=4] stream 0xc9e1f80
ai:487635:493391 [1] NCCL INFO AllReduce: opCount 0 sendbuff 0x7f04c97f3c00 recvbuff 0x7f04c97f3c00 count 1024 datatype 7 op 0 root 0 comm 0x7f0528002f70 [nranks=4] stream 0xc9e1f80
ai:487635:493391 [1] NCCL INFO AllReduce: opCount 0 sendbuff 0x7f04c5dec000 recvbuff 0x7f04c5dec000 count 4096 datatype 7 op 0 root 0 comm 0x7f0528002f70 [nranks=4] stream 0xc9e1f80
ai:487635:493391 [1] NCCL INFO AllReduce: opCount 0 sendbuff 0x7f04b85fea00 recvbuff 0x7f04b85fea00 count 1024 datatype 7 op 0 root 0 comm 0x7f0528002f70 [nranks=4] stream 0xc9e1f80
ai:487635:493391 [1] NCCL INFO AllReduce: opCount 0 sendbuff 0x7f04c97f3c00 recvbuff 0x7f04c97f3c00 count 1024 datatype 7 op 0 root 0 comm 0x7f0528002f70 [nranks=4] stream 0xc9e1f80
ai:487635:493391 [1] NCCL INFO AllReduce: opCount 0 sendbuff 0x7f04c5dec000 recvbuff 0x7f04c5dec000 count 4096 datatype 7 op 0 root 0 comm 0x7f0528002f70 [nranks=4] stream 0xc9e1f80
ai:487635:493391 [1] NCCL INFO AllReduce: opCount 0 sendbuff 0x7f04c5dec000 recvbuff 0x7f04c5dec000 count 4096 datatype 7 op 0 root 0 comm 0x7f0528002f70 [nranks=4] stream 0xc9e1f80
ai:487635:493391 [1] NCCL INFO AllReduce: opCount 0 sendbuff 0x7f0520000000 recvbuff 0x7f0520000000 count 7875584 datatype 7 op 0 root 0 comm 0x7f0528002f70 [nranks=4] stream 0xc9e1f80
ai:487635:493391 [1] NCCL INFO AllReduce: opCount 0 sendbuff 0x7f04c97f3c00 recvbuff 0x7f04c97f3c00 count 1024 datatype 7 op 0 root 0 comm 0x7f0528002f70 [nranks=4] stream 0xc9e1f80
ai:487635:493391 [1] NCCL INFO AllReduce: opCount 0 sendbuff 0x7f04c9bfd800 recvbuff 0x7f04c9bfd800 count 1024 datatype 7 op 0 root 0 comm 0x7f0528002f70 [nranks=4] stream 0xc9e1f80
ai:487635:493391 [1] NCCL INFO AllReduce: opCount 0 sendbuff 0x7f04c9bebe00 recvbuff 0x7f04c9bebe00 count 2048 datatype 7 op 0 root 0 comm 0x7f0528002f70 [nranks=4] stream 0xc9e1f80
ai:487635:493391 [1] NCCL INFO AllReduce: opCount 0 sendbuff 0x7f04c9bfee00 recvbuff 0x7f04c9bfee00 count 512 datatype 7 op 0 root 0 comm 0x7f0528002f70 [nranks=4] stream 0xc9e1f80
ai:487635:493391 [1] NCCL INFO AllReduce: opCount 0 sendbuff 0x7f04c95ff400 recvbuff 0x7f04c95ff400 count 512 datatype 7 op 0 root 0 comm 0x7f0528002f70 [nranks=4] stream 0xc9e1f80
ai:487635:493391 [1] NCCL INFO AllReduce: opCount 0 sendbuff 0x7f04c5dfb200 recvbuff 0x7f04c5dfb200 count 2048 datatype 7 op 0 root 0 comm 0x7f0528002f70 [nranks=4] stream 0xc9e1f80
ai:487635:493391 [1] NCCL INFO AllReduce: opCount 0 sendbuff 0x7f04c95fe800 recvbuff 0x7f04c95fe800 count 512 datatype 7 op 0 root 0 comm 0x7f0528002f70 [nranks=4] stream 0xc9e1f80
ai:487635:493391 [1] NCCL INFO AllReduce: opCount 0 sendbuff 0x7f0521e0b000 recvbuff 0x7f0521e0b000 count 7417344 datatype 7 op 0 root 0 comm 0x7f0528002f70 [nranks=4] stream 0xc9e1f80
ai:487635:493391 [1] NCCL INFO AllReduce: opCount 0 sendbuff 0x7f04c95f7a00 recvbuff 0x7f04c95f7a00 count 512 datatype 7 op 0 root 0 comm 0x7f0528002f70 [nranks=4] stream 0xc9e1f80
ai:487635:493391 [1] NCCL INFO AllReduce: opCount 0 sendbuff 0x7f04c95fc600 recvbuff 0x7f04c95fc600 count 2048 datatype 7 op 0 root 0 comm 0x7f0528002f70 [nranks=4] stream 0xc9e1f80
ai:487635:493391 [1] NCCL INFO AllReduce: opCount 0 sendbuff 0x7f04c95f4a00 recvbuff 0x7f04c95f4a00 count 512 datatype 7 op 0 root 0 comm 0x7f0528002f70 [nranks=4] stream 0xc9e1f80
ai:487635:493391 [1] NCCL INFO AllReduce: opCount 0 sendbuff 0x7f04c95fe800 recvbuff 0x7f04c95fe800 count 512 datatype 7 op 0 root 0 comm 0x7f0528002f70 [nranks=4] stream 0xc9e1f80
ai:487635:493391 [1] NCCL INFO AllReduce: opCount 0 sendbuff 0x7f04c95f8600 recvbuff 0x7f04c95f8600 count 2048 datatype 7 op 0 root 0 comm 0x7f0528002f70 [nranks=4] stream 0xc9e1f80
ai:487635:493391 [1] NCCL INFO AllReduce: opCount 0 sendbuff 0x7f04c95ff400 recvbuff 0x7f04c95ff400 count 512 datatype 7 op 0 root 0 comm 0x7f0528002f70 [nranks=4] stream 0xc9e1f80
ai:487635:493391 [1] NCCL INFO AllReduce: opCount 0 sendbuff 0x7f04c9bf6400 recvbuff 0x7f04c9bf6400 count 512 datatype 7 op 0 root 0 comm 0x7f0528002f70 [nranks=4] stream 0xc9e1f80
ai:487635:493391 [1] NCCL INFO AllReduce: opCount 0 sendbuff 0x7f04c95fc600 recvbuff 0x7f04c95fc600 count 2048 datatype 7 op 0 root 0 comm 0x7f0528002f70 [nranks=4] stream 0xc9e1f80
ai:487635:493391 [1] NCCL INFO AllReduce: opCount 0 sendbuff 0x7f04c95ef200 recvbuff 0x7f04c95ef200 count 512 datatype 7 op 0 root 0 comm 0x7f0528002f70 [nranks=4] stream 0xc9e1f80
ai:487635:493391 [1] NCCL INFO AllReduce: opCount 0 sendbuff 0x7f04c95ef200 recvbuff 0x7f04c95ef200 count 512 datatype 7 op 0 root 0 comm 0x7f0528002f70 [nranks=4] stream 0xc9e1f80
ai:487635:493391 [1] NCCL INFO AllReduce: opCount 0 sendbuff 0x7f04c95f8600 recvbuff 0x7f04c95f8600 count 2048 datatype 7 op 0 root 0 comm 0x7f0528002f70 [nranks=4] stream 0xc9e1f80
ai:487635:493391 [1] NCCL INFO AllReduce: opCount 0 sendbuff 0x7f04c95f8600 recvbuff 0x7f04c95f8600 count 2048 datatype 7 op 0 root 0 comm 0x7f0528002f70 [nranks=4] stream 0xc9e1f80
ai:487635:493391 [1] NCCL INFO AllReduce: opCount 0 sendbuff 0x7f04c95ea000 recvbuff 0x7f04c95ea000 count 512 datatype 7 op 0 root 0 comm 0x7f0528002f70 [nranks=4] stream 0xc9e1f80
ai:487635:493391 [1] NCCL INFO AllReduce: opCount 0 sendbuff 0x7f04c95ea000 recvbuff 0x7f04c95ea000 count 512 datatype 7 op 0 root 0 comm 0x7f0528002f70 [nranks=4] stream 0xc9e1f80
ai:487635:493391 [1] NCCL INFO AllReduce: opCount 0 sendbuff 0x7f04c9bf4c00 recvbuff 0x7f04c9bf4c00 count 1024 datatype 7 op 0 root 0 comm 0x7f0528002f70 [nranks=4] stream 0xc9e1f80
ai:487635:493391 [1] NCCL INFO AllReduce: opCount 0 sendbuff 0x7f04c9bf7c00 recvbuff 0x7f04c9bf7c00 count 256 datatype 7 op 0 root 0 comm 0x7f0528002f70 [nranks=4] stream 0xc9e1f80
ai:487635:493391 [1] NCCL INFO AllReduce: opCount 0 sendbuff 0x7f04c9bf7c00 recvbuff 0x7f04c9bf7c00 count 256 datatype 7 op 0 root 0 comm 0x7f0528002f70 [nranks=4] stream 0xc9e1f80
ai:487635:493391 [1] NCCL INFO AllReduce: opCount 0 sendbuff 0x7f04c9bf4c00 recvbuff 0x7f04c9bf4c00 count 1024 datatype 7 op 0 root 0 comm 0x7f0528002f70 [nranks=4] stream 0xc9e1f80
ai:487635:493391 [1] NCCL INFO AllReduce: opCount 0 sendbuff 0x7f04c9bf7c00 recvbuff 0x7f04c9bf7c00 count 256 datatype 7 op 0 root 0 comm 0x7f0528002f70 [nranks=4] stream 0xc9e1f80
ai:487635:493391 [1] NCCL INFO AllReduce: opCount 0 sendbuff 0x7f04c9bf7c00 recvbuff 0x7f04c9bf7c00 count 256 datatype 7 op 0 root 0 comm 0x7f0528002f70 [nranks=4] stream 0xc9e1f80
ai:487635:493391 [1] NCCL INFO AllReduce: opCount 0 sendbuff 0x7f04c9bf4c00 recvbuff 0x7f04c9bf4c00 count 1024 datatype 7 op 0 root 0 comm 0x7f0528002f70 [nranks=4] stream 0xc9e1f80
ai:487635:493391 [1] NCCL INFO AllReduce: opCount 0 sendbuff 0x7f04c9bf7c00 recvbuff 0x7f04c9bf7c00 count 256 datatype 7 op 0 root 0 comm 0x7f0528002f70 [nranks=4] stream 0xc9e1f80
ai:487635:493391 [1] NCCL INFO AllReduce: opCount 0 sendbuff 0x7f05315fd800 recvbuff 0x7f05315fd800 count 256 datatype 7 op 0 root 0 comm 0x7f0528002f70 [nranks=4] stream 0xc9e1f80
ai:487635:493391 [1] NCCL INFO AllReduce: opCount 0 sendbuff 0x7f04c9bf4c00 recvbuff 0x7f04c9bf4c00 count 1024 datatype 7 op 0 root 0 comm 0x7f0528002f70 [nranks=4] stream 0xc9e1f80
ai:487635:493391 [1] NCCL INFO AllReduce: opCount 0 sendbuff 0x7f04c9bf4c00 recvbuff 0x7f04c9bf4c00 count 1024 datatype 7 op 0 root 0 comm 0x7f0528002f70 [nranks=4] stream 0xc9e1f80
ai:487635:493391 [1] NCCL INFO AllReduce: opCount 0 sendbuff 0x7f05399fa000 recvbuff 0x7f05399fa000 count 256 datatype 7 op 0 root 0 comm 0x7f0528002f70 [nranks=4] stream 0xc9e1f80
ai:487635:493391 [1] NCCL INFO AllReduce: opCount 0 sendbuff 0x7f05399ff800 recvbuff 0x7f05399ff800 count 256 datatype 7 op 0 root 0 comm 0x7f0528002f70 [nranks=4] stream 0xc9e1f80
ai:487635:493391 [1] NCCL INFO AllReduce: opCount 0 sendbuff 0x7f0523a56800 recvbuff 0x7f0523a56800 count 6804992 datatype 7 op 0 root 0 comm 0x7f0528002f70 [nranks=4] stream 0xc9e1f80
ai:487635:493391 [1] NCCL INFO AllReduce: opCount 0 sendbuff 0x7f04c95e8400 recvbuff 0x7f04c95e8400 count 512 datatype 7 op 0 root 0 comm 0x7f0528002f70 [nranks=4] stream 0xc9e1f80
ai:487635:493391 [1] NCCL INFO AllReduce: opCount 0 sendbuff 0x7f04c9be9800 recvbuff 0x7f04c9be9800 count 128 datatype 7 op 0 root 0 comm 0x7f0528002f70 [nranks=4] stream 0xc9e1f80
ai:487635:493391 [1] NCCL INFO AllReduce: opCount 0 sendbuff 0x7f053bff0c00 recvbuff 0x7f053bff0c00 count 128 datatype 7 op 0 root 0 comm 0x7f0528002f70 [nranks=4] stream 0xc9e1f80
ai:487635:493391 [1] NCCL INFO AllReduce: opCount 0 sendbuff 0x7f053bffc600 recvbuff 0x7f053bffc600 count 512 datatype 7 op 0 root 0 comm 0x7f0528002f70 [nranks=4] stream 0xc9e1f80
ai:487635:493391 [1] NCCL INFO AllReduce: opCount 0 sendbuff 0x7f053bffc400 recvbuff 0x7f053bffc400 count 128 datatype 7 op 0 root 0 comm 0x7f0528002f70 [nranks=4] stream 0xc9e1f80
ai:487635:493391 [1] NCCL INFO AllReduce: opCount 0 sendbuff 0x7f04c97fa200 recvbuff 0x7f04c97fa200 count 128 datatype 7 op 0 root 0 comm 0x7f0528002f70 [nranks=4] stream 0xc9e1f80
ai:487635:493391 [1] NCCL INFO AllReduce: opCount 0 sendbuff 0x7f04c9be8800 recvbuff 0x7f04c9be8800 count 512 datatype 7 op 0 root 0 comm 0x7f0528002f70 [nranks=4] stream 0xc9e1f80
ai:487635:493391 [1] NCCL INFO AllReduce: opCount 0 sendbuff 0x7f053bfff800 recvbuff 0x7f053bfff800 count 512 datatype 7 op 0 root 0 comm 0x7f0528002f70 [nranks=4] stream 0xc9e1f80
ai:487635:493391 [1] NCCL INFO AllReduce: opCount 0 sendbuff 0x7f053bff0c00 recvbuff 0x7f053bff0c00 count 128 datatype 7 op 0 root 0 comm 0x7f0528002f70 [nranks=4] stream 0xc9e1f80
ai:487635:493391 [1] NCCL INFO AllReduce: opCount 0 sendbuff 0x7f04c95e8600 recvbuff 0x7f04c95e8600 count 128 datatype 7 op 0 root 0 comm 0x7f0528002f70 [nranks=4] stream 0xc9e1f80
ai:487635:493391 [1] NCCL INFO AllReduce: opCount 0 sendbuff 0x7f053bfee600 recvbuff 0x7f053bfee600 count 128 datatype 7 op 0 root 0 comm 0x7f0528002f70 [nranks=4] stream 0xc9e1f80
ai:487635:493391 [1] NCCL INFO AllReduce: opCount 0 sendbuff 0x7f0539580000 recvbuff 0x7f0539580000 count 356416 datatype 7 op 0 root 0 comm 0x7f0528002f70 [nranks=4] stream 0xc9e1f80
ai:487637:487637 [3] NCCL INFO AllReduce: opCount 0 sendbuff 0x7f42da7ff000 recvbuff 0x7f42da7ff000 count 1 datatype 7 op 0 root 0 comm 0x7f4344002f70 [nranks=4] stream 0xcad1e40
ai:487636:487636 [2] NCCL INFO AllReduce: opCount 0 sendbuff 0x7fc06bbf7400 recvbuff 0x7fc06bbf7400 count 1 datatype 7 op 0 root 0 comm 0x7fc0c8002f70 [nranks=4] stream 0x6b591b0
ai:487634:487634 [0] NCCL INFO AllReduce: opCount 0 sendbuff 0x7fd9235f5000 recvbuff 0x7fd9235f5000 count 1 datatype 7 op 0 root 0 comm 0x7fd988002f70 [nranks=4] stream 0xc62dd60
ai:487635:487635 [1] NCCL INFO AllReduce: opCount 0 sendbuff 0x7f04c97ffc00 recvbuff 0x7f04c97ffc00 count 1 datatype 7 op 0 root 0 comm 0x7f0528002f70 [nranks=4] stream 0xc9e1f80
Step [0/97]	 Loss: 7.00616979598999	 NT_Xent: 6.921408653259277	 CCL: 8.47573184967041	 #do_dims: 48
ai:487637:487637 [3] NCCL INFO Broadcast: opCount 0 sendbuff 0x7f42da5fbc00 recvbuff 0x7f42da5fbc00 count 648 datatype 0 op 0 root 0 comm 0x7f4344002f70 [nranks=4] stream 0xcad1e40
ai:487636:487636 [2] NCCL INFO Broadcast: opCount 0 sendbuff 0x7fc0607f6000 recvbuff 0x7fc0607f6000 count 648 datatype 0 op 0 root 0 comm 0x7fc0c8002f70 [nranks=4] stream 0x6b591b0
ai:487634:487634 [0] NCCL INFO Broadcast: opCount 0 sendbuff 0x7fd91e7ff400 recvbuff 0x7fd91e7ff400 count 648 datatype 0 op 0 root 0 comm 0x7fd988002f70 [nranks=4] stream 0xc62dd60
ai:487634:487634 [0] NCCL INFO Broadcast: opCount 0 sendbuff 0x7fd9203f6000 recvbuff 0x7fd9203f6000 count 20 datatype 0 op 0 root 0 comm 0x7fd988002f70 [nranks=4] stream 0xc62dd60
ai:487634:487634 [0] NCCL INFO Broadcast: opCount 0 sendbuff 0x7fd9128b4000 recvbuff 0x7fd9128b4000 count 212480 datatype 0 op 0 root 0 comm 0x7fd988002f70 [nranks=4] stream 0xc62dd60
ai:487634:487634 [0] NCCL INFO Broadcast: opCount 0 sendbuff 0x7fd9203f6000 recvbuff 0x7fd9203f6000 count 424 datatype 0 op 0 root 0 comm 0x7fd988002f70 [nranks=4] stream 0xc62dd60
ai:487634:487634 [0] NCCL INFO AllGather: opCount 0 sendbuff 0x7fd91e7ff400 recvbuff 0x7fd98d5ff200 count 516 datatype 0 op 0 root 0 comm 0x7fd988002f70 [nranks=4] stream 0xc62dd60
ai:487634:487634 [0] NCCL INFO AllGather: opCount 0 sendbuff 0x7fd9203f2e00 recvbuff 0x7fd9959be800 count 516 datatype 0 op 0 root 0 comm 0x7fd988002f70 [nranks=4] stream 0xc62dd60
ai:487634:487634 [0] NCCL INFO AllGather: opCount 0 sendbuff 0x7fd923be7e00 recvbuff 0x7fd9959bf400 count 516 datatype 0 op 0 root 0 comm 0x7fd988002f70 [nranks=4] stream 0xc62dd60
ai:487634:487634 [0] NCCL INFO AllGather: opCount 0 sendbuff 0x7fd923bd6800 recvbuff 0x7fd98d5fc400 count 2052 datatype 0 op 0 root 0 comm 0x7fd988002f70 [nranks=4] stream 0xc62dd60
ai:487634:487634 [0] NCCL INFO AllGather: opCount 0 sendbuff 0x7fd98d5f9000 recvbuff 0x7fd997fef200 count 2052 datatype 0 op 0 root 0 comm 0x7fd988002f70 [nranks=4] stream 0xc62dd60
ai:487634:487634 [0] NCCL INFO AllGather: opCount 0 sendbuff 0x7fd9235f8800 recvbuff 0x7fd9239ed200 count 516 datatype 0 op 0 root 0 comm 0x7fd988002f70 [nranks=4] stream 0xc62dd60
ai:487634:487634 [0] NCCL INFO AllGather: opCount 0 sendbuff 0x7fd9239edc00 recvbuff 0x7fd9235f3a00 count 516 datatype 0 op 0 root 0 comm 0x7fd988002f70 [nranks=4] stream 0xc62dd60
ai:487634:487634 [0] NCCL INFO AllGather: opCount 0 sendbuff 0x7fd9239ea600 recvbuff 0x7fd923be1e00 count 2052 datatype 0 op 0 root 0 comm 0x7fd988002f70 [nranks=4] stream 0xc62dd60
ai:487634:487634 [0] NCCL INFO AllGather: opCount 0 sendbuff 0x7fd9203f1a00 recvbuff 0x7fd923be4000 count 516 datatype 0 op 0 root 0 comm 0x7fd988002f70 [nranks=4] stream 0xc62dd60
ai:487634:487634 [0] NCCL INFO AllGather: opCount 0 sendbuff 0x7fd9239ecc00 recvbuff 0x7fd997fff000 count 516 datatype 0 op 0 root 0 comm 0x7fd988002f70 [nranks=4] stream 0xc62dd60
ai:487634:487634 [0] NCCL INFO AllGather: opCount 0 sendbuff 0x7fd9235fe200 recvbuff 0x7fd98d5f5c00 count 2052 datatype 0 op 0 root 0 comm 0x7fd988002f70 [nranks=4] stream 0xc62dd60
ai:487634:487634 [0] NCCL INFO AllGather: opCount 0 sendbuff 0x7fd91e7fe000 recvbuff 0x7fd997ff2400 count 1028 datatype 0 op 0 root 0 comm 0x7fd988002f70 [nranks=4] stream 0xc62dd60
ai:487634:487634 [0] NCCL INFO AllGather: opCount 0 sendbuff 0x7fd9235fec00 recvbuff 0x7fd9203fe400 count 1028 datatype 0 op 0 root 0 comm 0x7fd988002f70 [nranks=4] stream 0xc62dd60
ai:487634:487634 [0] NCCL INFO AllGather: opCount 0 sendbuff 0x7fd925bf0200 recvbuff 0x7fd9239f7a00 count 4100 datatype 0 op 0 root 0 comm 0x7fd988002f70 [nranks=4] stream 0xc62dd60
ai:487634:487634 [0] NCCL INFO AllGather: opCount 0 sendbuff 0x7fd9235f6200 recvbuff 0x7fd925bf6e00 count 4100 datatype 0 op 0 root 0 comm 0x7fd988002f70 [nranks=4] stream 0xc62dd60
ai:487634:487634 [0] NCCL INFO AllGather: opCount 0 sendbuff 0x7fd923be9000 recvbuff 0x7fd925bfce00 count 1028 datatype 0 op 0 root 0 comm 0x7fd988002f70 [nranks=4] stream 0xc62dd60
ai:487634:487634 [0] NCCL INFO AllGather: opCount 0 sendbuff 0x7fd925bf5400 recvbuff 0x7fd9959bc600 count 1028 datatype 0 op 0 root 0 comm 0x7fd988002f70 [nranks=4] stream 0xc62dd60
ai:487634:487634 [0] NCCL INFO AllGather: opCount 0 sendbuff 0x7fd98d5f9e00 recvbuff 0x7fd9235f8e00 count 4100 datatype 0 op 0 root 0 comm 0x7fd988002f70 [nranks=4] stream 0xc62dd60
ai:487634:487634 [0] NCCL INFO AllGather: opCount 0 sendbuff 0x7fd9959abe00 recvbuff 0x7fd9235eb000 count 1028 datatype 0 op 0 root 0 comm 0x7fd988002f70 [nranks=4] stream 0xc62dd60
ai:487634:487634 [0] NCCL INFO AllGather: opCount 0 sendbuff 0x7fd997ffe600 recvbuff 0x7fd9239fe000 count 1028 datatype 0 op 0 root 0 comm 0x7fd988002f70 [nranks=4] stream 0xc62dd60
ai:487634:487634 [0] NCCL INFO AllGather: opCount 0 sendbuff 0x7fd923bdfa00 recvbuff 0x7fd9235ed400 count 4100 datatype 0 op 0 root 0 comm 0x7fd988002f70 [nranks=4] stream 0xc62dd60
ai:487634:487634 [0] NCCL INFO AllGather: opCount 0 sendbuff 0x7fd9235fd800 recvbuff 0x7fd9235f1600 count 1028 datatype 0 op 0 root 0 comm 0x7fd988002f70 [nranks=4] stream 0xc62dd60
ai:487634:487634 [0] NCCL INFO AllGather: opCount 0 sendbuff 0x7fd9235f2800 recvbuff 0x7fd923bfce00 count 1028 datatype 0 op 0 root 0 comm 0x7fd988002f70 [nranks=4] stream 0xc62dd60
ai:487634:487634 [0] NCCL INFO AllGather: opCount 0 sendbuff 0x7fd925bebe00 recvbuff 0x7fd9239ef000 count 4100 datatype 0 op 0 root 0 comm 0x7fd988002f70 [nranks=4] stream 0xc62dd60
ai:487634:487634 [0] NCCL INFO AllGather: opCount 0 sendbuff 0x7fd98d5fb000 recvbuff 0x7fd9959a0000 count 2052 datatype 0 op 0 root 0 comm 0x7fd988002f70 [nranks=4] stream 0xc62dd60
ai:487634:487634 [0] NCCL INFO AllGather: opCount 0 sendbuff 0x7fd9235ec200 recvbuff 0x7fd9239f3200 count 2052 datatype 0 op 0 root 0 comm 0x7fd988002f70 [nranks=4] stream 0xc62dd60
ai:487634:487634 [0] NCCL INFO AllGather: opCount 0 sendbuff 0x7fd923bd2000 recvbuff 0x7fd98d5dd200 count 8196 datatype 0 op 0 root 0 comm 0x7fd988002f70 [nranks=4] stream 0xc62dd60
ai:487634:487634 [0] NCCL INFO AllGather: opCount 0 sendbuff 0x7fd9128fc000 recvbuff 0x7fd923bea400 count 8196 datatype 0 op 0 root 0 comm 0x7fd988002f70 [nranks=4] stream 0xc62dd60
ai:487634:487634 [0] NCCL INFO AllGather: opCount 0 sendbuff 0x7fd925bed000 recvbuff 0x7fd91e5da200 count 2052 datatype 0 op 0 root 0 comm 0x7fd988002f70 [nranks=4] stream 0xc62dd60
ai:487634:487634 [0] NCCL INFO AllGather: opCount 0 sendbuff 0x7fd925bf3200 recvbuff 0x7fd91e4c6000 count 2052 datatype 0 op 0 root 0 comm 0x7fd988002f70 [nranks=4] stream 0xc62dd60
ai:487634:487634 [0] NCCL INFO AllGather: opCount 0 sendbuff 0x7fd91e4c8200 recvbuff 0x7fd997ff3800 count 8196 datatype 0 op 0 root 0 comm 0x7fd988002f70 [nranks=4] stream 0xc62dd60
ai:487634:487634 [0] NCCL INFO AllGather: opCount 0 sendbuff 0x7fd98d5f8200 recvbuff 0x7fd91e4ca400 count 2052 datatype 0 op 0 root 0 comm 0x7fd988002f70 [nranks=4] stream 0xc62dd60
ai:487634:487634 [0] NCCL INFO AllGather: opCount 0 sendbuff 0x7fd9128fee00 recvbuff 0x7fd91e4cc600 count 2052 datatype 0 op 0 root 0 comm 0x7fd988002f70 [nranks=4] stream 0xc62dd60
ai:487634:487634 [0] NCCL INFO AllGather: opCount 0 sendbuff 0x7fd9165b4000 recvbuff 0x7fd9165b6200 count 8196 datatype 0 op 0 root 0 comm 0x7fd988002f70 [nranks=4] stream 0xc62dd60
ai:487634:487634 [0] NCCL INFO AllGather: opCount 0 sendbuff 0x7fd91e4ce800 recvbuff 0x7fd9203c9000 count 2052 datatype 0 op 0 root 0 comm 0x7fd988002f70 [nranks=4] stream 0xc62dd60
ai:487634:487634 [0] NCCL INFO AllGather: opCount 0 sendbuff 0x7fd91e5dc400 recvbuff 0x7fd9203cb200 count 2052 datatype 0 op 0 root 0 comm 0x7fd988002f70 [nranks=4] stream 0xc62dd60
ai:487634:487634 [0] NCCL INFO AllGather: opCount 0 sendbuff 0x7fd9203ce400 recvbuff 0x7fd91fdf2000 count 8196 datatype 0 op 0 root 0 comm 0x7fd988002f70 [nranks=4] stream 0xc62dd60
ai:487634:487634 [0] NCCL INFO AllGather: opCount 0 sendbuff 0x7fd91e5dd600 recvbuff 0x7fd91fdfa200 count 2052 datatype 0 op 0 root 0 comm 0x7fd988002f70 [nranks=4] stream 0xc62dd60
ai:487634:487634 [0] NCCL INFO AllGather: opCount 0 sendbuff 0x7fd9203d2600 recvbuff 0x7fd91fdfc400 count 2052 datatype 0 op 0 root 0 comm 0x7fd988002f70 [nranks=4] stream 0xc62dd60
ai:487634:487634 [0] NCCL INFO AllGather: opCount 0 sendbuff 0x7fd91e5f0200 recvbuff 0x7fd91e5f2400 count 8196 datatype 0 op 0 root 0 comm 0x7fd988002f70 [nranks=4] stream 0xc62dd60
ai:487634:487634 [0] NCCL INFO AllGather: opCount 0 sendbuff 0x7fd91fdff000 recvbuff 0x7fd91e5fc600 count 2052 datatype 0 op 0 root 0 comm 0x7fd988002f70 [nranks=4] stream 0xc62dd60
ai:487634:487634 [0] NCCL INFO AllGather: opCount 0 sendbuff 0x7fd9203d3000 recvbuff 0x7fd925bd9a00 count 2052 datatype 0 op 0 root 0 comm 0x7fd988002f70 [nranks=4] stream 0xc62dd60
ai:487634:487634 [0] NCCL INFO AllGather: opCount 0 sendbuff 0x7fd925bddc00 recvbuff 0x7fd925bdfe00 count 8196 datatype 0 op 0 root 0 comm 0x7fd988002f70 [nranks=4] stream 0xc62dd60
ai:487634:487634 [0] NCCL INFO AllGather: opCount 0 sendbuff 0x7fd925bdbc00 recvbuff 0x7fd9235c0000 count 4100 datatype 0 op 0 root 0 comm 0x7fd988002f70 [nranks=4] stream 0xc62dd60
ai:487634:487634 [0] NCCL INFO AllGather: opCount 0 sendbuff 0x7fd9235e4a00 recvbuff 0x7fd9239c0000 count 4100 datatype 0 op 0 root 0 comm 0x7fd988002f70 [nranks=4] stream 0xc62dd60
ai:487634:487634 [0] NCCL INFO AllGather: opCount 0 sendbuff 0x7fd98d5a0000 recvbuff 0x7fd98d5a4200 count 16388 datatype 0 op 0 root 0 comm 0x7fd988002f70 [nranks=4] stream 0xc62dd60
ai:487634:487634 [0] NCCL INFO AllGather: opCount 0 sendbuff 0x7fd98d5b8400 recvbuff 0x7fd98d5bc600 count 16388 datatype 0 op 0 root 0 comm 0x7fd988002f70 [nranks=4] stream 0xc62dd60
ai:487634:487634 [0] NCCL INFO AllGather: opCount 0 sendbuff 0x7fd9239e4200 recvbuff 0x7fd98d5d0800 count 4100 datatype 0 op 0 root 0 comm 0x7fd988002f70 [nranks=4] stream 0xc62dd60
ai:487634:487634 [0] NCCL INFO AllGather: opCount 0 sendbuff 0x7fd9239e5c00 recvbuff 0x7fd98d5d4a00 count 4100 datatype 0 op 0 root 0 comm 0x7fd988002f70 [nranks=4] stream 0xc62dd60
ai:487634:487634 [0] NCCL INFO AllGather: opCount 0 sendbuff 0x7fd91e340000 recvbuff 0x7fd91e344200 count 16388 datatype 0 op 0 root 0 comm 0x7fd988002f70 [nranks=4] stream 0xc62dd60
ai:487634:487634 [0] NCCL INFO AllGather: opCount 0 sendbuff 0x7fd98d5d8c00 recvbuff 0x7fd91e3f8400 count 4100 datatype 0 op 0 root 0 comm 0x7fd988002f70 [nranks=4] stream 0xc62dd60
ai:487634:487634 [0] NCCL INFO AllGather: opCount 0 sendbuff 0x7fd98d5da600 recvbuff 0x7fd920040000 count 4100 datatype 0 op 0 root 0 comm 0x7fd988002f70 [nranks=4] stream 0xc62dd60
ai:487634:487634 [0] NCCL INFO AllGather: opCount 0 sendbuff 0x7fd9200e6200 recvbuff 0x7fd9200ea400 count 16388 datatype 0 op 0 root 0 comm 0x7fd988002f70 [nranks=4] stream 0xc62dd60
ai:487634:487634 [0] NCCL INFO AllGather: opCount 0 sendbuff 0x7fd9239e8200 recvbuff 0x7fd925bea000 count 516 datatype 0 op 0 root 0 comm 0x7fd988002f70 [nranks=4] stream 0xc62dd60
ai:487634:487634 [0] NCCL INFO AllGather: opCount 0 sendbuff 0x7fd9201fe800 recvbuff 0x7fd9201fec00 count 516 datatype 0 op 0 root 0 comm 0x7fd988002f70 [nranks=4] stream 0xc62dd60
ai:487634:487634 [0] NCCL INFO AllGather: opCount 0 sendbuff 0x7fd9201ffc00 recvbuff 0x7fd9200e4200 count 516 datatype 0 op 0 root 0 comm 0x7fd988002f70 [nranks=4] stream 0xc62dd60
ai:487634:487634 [0] NCCL INFO AllGather: opCount 0 sendbuff 0x7fd9200e5800 recvbuff 0x7fd91e3fc600 count 2052 datatype 0 op 0 root 0 comm 0x7fd988002f70 [nranks=4] stream 0xc62dd60
ai:487634:487634 [0] NCCL INFO AllGather: opCount 0 sendbuff 0x7fd91e3ff000 recvbuff 0x7fd9205c0000 count 2052 datatype 0 op 0 root 0 comm 0x7fd988002f70 [nranks=4] stream 0xc62dd60
ai:487634:487634 [0] NCCL INFO AllGather: opCount 0 sendbuff 0x7fd9200e5400 recvbuff 0x7fd9205c2600 count 516 datatype 0 op 0 root 0 comm 0x7fd988002f70 [nranks=4] stream 0xc62dd60
ai:487634:487634 [0] NCCL INFO AllGather: opCount 0 sendbuff 0x7fd9205c3600 recvbuff 0x7fd9205c3a00 count 516 datatype 0 op 0 root 0 comm 0x7fd988002f70 [nranks=4] stream 0xc62dd60
ai:487634:487634 [0] NCCL INFO AllGather: opCount 0 sendbuff 0x7fd9205c5000 recvbuff 0x7fd9205c5a00 count 2052 datatype 0 op 0 root 0 comm 0x7fd988002f70 [nranks=4] stream 0xc62dd60
ai:487634:487634 [0] NCCL INFO AllGather: opCount 0 sendbuff 0x7fd9205c4c00 recvbuff 0x7fd9205c8400 count 516 datatype 0 op 0 root 0 comm 0x7fd988002f70 [nranks=4] stream 0xc62dd60
ai:487634:487634 [0] NCCL INFO AllGather: opCount 0 sendbuff 0x7fd9205c9400 recvbuff 0x7fd9205c9800 count 516 datatype 0 op 0 root 0 comm 0x7fd988002f70 [nranks=4] stream 0xc62dd60
ai:487634:487634 [0] NCCL INFO AllGather: opCount 0 sendbuff 0x7fd9205cae00 recvbuff 0x7fd9205cb800 count 2052 datatype 0 op 0 root 0 comm 0x7fd988002f70 [nranks=4] stream 0xc62dd60
ai:487634:487634 [0] NCCL INFO AllGather: opCount 0 sendbuff 0x7fd9205ce200 recvbuff 0x7fd9205ce800 count 1028 datatype 0 op 0 root 0 comm 0x7fd988002f70 [nranks=4] stream 0xc62dd60
ai:487634:487634 [0] NCCL INFO AllGather: opCount 0 sendbuff 0x7fd9205cfc00 recvbuff 0x7fd9205d0200 count 1028 datatype 0 op 0 root 0 comm 0x7fd988002f70 [nranks=4] stream 0xc62dd60
ai:487634:487634 [0] NCCL INFO AllGather: opCount 0 sendbuff 0x7fd9205d2800 recvbuff 0x7fd9205d3a00 count 4100 datatype 0 op 0 root 0 comm 0x7fd988002f70 [nranks=4] stream 0xc62dd60
ai:487634:487634 [0] NCCL INFO AllGather: opCount 0 sendbuff 0x7fd9205d8c00 recvbuff 0x7fd9205d9e00 count 4100 datatype 0 op 0 root 0 comm 0x7fd988002f70 [nranks=4] stream 0xc62dd60
ai:487634:487634 [0] NCCL INFO AllGather: opCount 0 sendbuff 0x7fd9205d1e00 recvbuff 0x7fd9205df000 count 1028 datatype 0 op 0 root 0 comm 0x7fd988002f70 [nranks=4] stream 0xc62dd60
ai:487634:487634 [0] NCCL INFO AllGather: opCount 0 sendbuff 0x7fd9205e0400 recvbuff 0x7fd9205e0a00 count 1028 datatype 0 op 0 root 0 comm 0x7fd988002f70 [nranks=4] stream 0xc62dd60
ai:487634:487634 [0] NCCL INFO AllGather: opCount 0 sendbuff 0x7fd9205e3000 recvbuff 0x7fd9205e4200 count 4100 datatype 0 op 0 root 0 comm 0x7fd988002f70 [nranks=4] stream 0xc62dd60
ai:487634:487634 [0] NCCL INFO AllGather: opCount 0 sendbuff 0x7fd9205e2400 recvbuff 0x7fd9205e9400 count 1028 datatype 0 op 0 root 0 comm 0x7fd988002f70 [nranks=4] stream 0xc62dd60
ai:487634:487634 [0] NCCL INFO AllGather: opCount 0 sendbuff 0x7fd9205ea600 recvbuff 0x7fd9205eac00 count 1028 datatype 0 op 0 root 0 comm 0x7fd988002f70 [nranks=4] stream 0xc62dd60
ai:487634:487634 [0] NCCL INFO AllGather: opCount 0 sendbuff 0x7fd9205ed200 recvbuff 0x7fd9205ee400 count 4100 datatype 0 op 0 root 0 comm 0x7fd988002f70 [nranks=4] stream 0xc62dd60
ai:487634:487634 [0] NCCL INFO AllGather: opCount 0 sendbuff 0x7fd9205ec600 recvbuff 0x7fd9205f3600 count 1028 datatype 0 op 0 root 0 comm 0x7fd988002f70 [nranks=4] stream 0xc62dd60
ai:487634:487634 [0] NCCL INFO AllGather: opCount 0 sendbuff 0x7fd9205f4800 recvbuff 0x7fd9205f4e00 count 1028 datatype 0 op 0 root 0 comm 0x7fd988002f70 [nranks=4] stream 0xc62dd60
ai:487634:487634 [0] NCCL INFO AllGather: opCount 0 sendbuff 0x7fd9205f7400 recvbuff 0x7fd9205f8600 count 4100 datatype 0 op 0 root 0 comm 0x7fd988002f70 [nranks=4] stream 0xc62dd60
ai:487634:487634 [0] NCCL INFO AllGather: opCount 0 sendbuff 0x7fd9205fd800 recvbuff 0x7fd927000000 count 2052 datatype 0 op 0 root 0 comm 0x7fd988002f70 [nranks=4] stream 0xc62dd60
ai:487634:487634 [0] NCCL INFO AllGather: opCount 0 sendbuff 0x7fd9205fe600 recvbuff 0x7fd927142200 count 2052 datatype 0 op 0 root 0 comm 0x7fd988002f70 [nranks=4] stream 0xc62dd60
ai:487634:487634 [0] NCCL INFO AllGather: opCount 0 sendbuff 0x7fd927186400 recvbuff 0x7fd927188600 count 8196 datatype 0 op 0 root 0 comm 0x7fd988002f70 [nranks=4] stream 0xc62dd60
ai:487634:487634 [0] NCCL INFO AllGather: opCount 0 sendbuff 0x7fd927192800 recvbuff 0x7fd927194a00 count 8196 datatype 0 op 0 root 0 comm 0x7fd988002f70 [nranks=4] stream 0xc62dd60
ai:487634:487634 [0] NCCL INFO AllGather: opCount 0 sendbuff 0x7fd927184400 recvbuff 0x7fd9271dec00 count 2052 datatype 0 op 0 root 0 comm 0x7fd988002f70 [nranks=4] stream 0xc62dd60
ai:487634:487634 [0] NCCL INFO AllGather: opCount 0 sendbuff 0x7fd927185600 recvbuff 0x7fd9271e0e00 count 2052 datatype 0 op 0 root 0 comm 0x7fd988002f70 [nranks=4] stream 0xc62dd60
ai:487634:487634 [0] NCCL INFO AllGather: opCount 0 sendbuff 0x7fd9271e5400 recvbuff 0x7fd9271e7600 count 8196 datatype 0 op 0 root 0 comm 0x7fd988002f70 [nranks=4] stream 0xc62dd60
ai:487634:487634 [0] NCCL INFO AllGather: opCount 0 sendbuff 0x7fd9271e3800 recvbuff 0x7fd9271f1800 count 2052 datatype 0 op 0 root 0 comm 0x7fd988002f70 [nranks=4] stream 0xc62dd60
ai:487634:487634 [0] NCCL INFO AllGather: opCount 0 sendbuff 0x7fd9271e4a00 recvbuff 0x7fd9271f3a00 count 2052 datatype 0 op 0 root 0 comm 0x7fd988002f70 [nranks=4] stream 0xc62dd60
ai:487635:487635 [1] NCCL INFO Broadcast: opCount 0 sendbuff 0x7f04c5dcb800 recvbuff 0x7f04c5dcb800 count 648 datatype 0 op 0 root 0 comm 0x7f0528002f70 [nranks=4] stream 0xc9e1f80
ai:487636:487636 [2] NCCL INFO Broadcast: opCount 0 sendbuff 0x7fc061dca200 recvbuff 0x7fc061dca200 count 20 datatype 0 op 0 root 0 comm 0x7fc0c8002f70 [nranks=4] stream 0x6b591b0
ai:487637:487637 [3] NCCL INFO Broadcast: opCount 0 sendbuff 0x7f42dbfc6c00 recvbuff 0x7f42dbfc6c00 count 20 datatype 0 op 0 root 0 comm 0x7f4344002f70 [nranks=4] stream 0xcad1e40
ai:487635:487635 [1] NCCL INFO Broadcast: opCount 0 sendbuff 0x7f04b85ffc00 recvbuff 0x7f04b85ffc00 count 20 datatype 0 op 0 root 0 comm 0x7f0528002f70 [nranks=4] stream 0xc9e1f80
ai:487636:487636 [2] NCCL INFO Broadcast: opCount 0 sendbuff 0x7fc058fc8000 recvbuff 0x7fc058fc8000 count 212480 datatype 0 op 0 root 0 comm 0x7fc0c8002f70 [nranks=4] stream 0x6b591b0
ai:487637:487637 [3] NCCL INFO Broadcast: opCount 0 sendbuff 0x7f42d1fc0000 recvbuff 0x7f42d1fc0000 count 212480 datatype 0 op 0 root 0 comm 0x7f4344002f70 [nranks=4] stream 0xcad1e40
ai:487636:487636 [2] NCCL INFO Broadcast: opCount 0 sendbuff 0x7fc061dca200 recvbuff 0x7fc061dca200 count 424 datatype 0 op 0 root 0 comm 0x7fc0c8002f70 [nranks=4] stream 0x6b591b0
ai:487637:487637 [3] NCCL INFO Broadcast: opCount 0 sendbuff 0x7f42dbfc6c00 recvbuff 0x7f42dbfc6c00 count 424 datatype 0 op 0 root 0 comm 0x7f4344002f70 [nranks=4] stream 0xcad1e40
ai:487636:487636 [2] NCCL INFO AllGather: opCount 0 sendbuff 0x7fc0607f6000 recvbuff 0x7fc061fc5e00 count 516 datatype 0 op 0 root 0 comm 0x7fc0c8002f70 [nranks=4] stream 0x6b591b0
ai:487637:487637 [3] NCCL INFO AllGather: opCount 0 sendbuff 0x7f42da5fbc00 recvbuff 0x7f42e1bfe200 count 516 datatype 0 op 0 root 0 comm 0x7f4344002f70 [nranks=4] stream 0xcad1e40
ai:487635:487635 [1] NCCL INFO Broadcast: opCount 0 sendbuff 0x7f04ba390000 recvbuff 0x7f04ba390000 count 212480 datatype 0 op 0 root 0 comm 0x7f0528002f70 [nranks=4] stream 0xc9e1f80
ai:487636:487636 [2] NCCL INFO AllGather: opCount 0 sendbuff 0x7fc061dffc00 recvbuff 0x7fc064f85200 count 516 datatype 0 op 0 root 0 comm 0x7fc0c8002f70 [nranks=4] stream 0x6b591b0
ai:487637:487637 [3] NCCL INFO AllGather: opCount 0 sendbuff 0x7f42de1fee00 recvbuff 0x7f43e2ffea00 count 516 datatype 0 op 0 root 0 comm 0x7f4344002f70 [nranks=4] stream 0xcad1e40
ai:487635:487635 [1] NCCL INFO Broadcast: opCount 0 sendbuff 0x7f04b85ffc00 recvbuff 0x7f04b85ffc00 count 424 datatype 0 op 0 root 0 comm 0x7f0528002f70 [nranks=4] stream 0xc9e1f80
ai:487636:487636 [2] NCCL INFO AllGather: opCount 0 sendbuff 0x7fc0d99fb200 recvbuff 0x7fc06bdfe400 count 516 datatype 0 op 0 root 0 comm 0x7fc0c8002f70 [nranks=4] stream 0x6b591b0
ai:487637:487637 [3] NCCL INFO AllGather: opCount 0 sendbuff 0x7f42de7ffc00 recvbuff 0x7f43e2fff600 count 516 datatype 0 op 0 root 0 comm 0x7f4344002f70 [nranks=4] stream 0xcad1e40
ai:487636:487636 [2] NCCL INFO AllGather: opCount 0 sendbuff 0x7fc0d15f9a00 recvbuff 0x7fc0d15fd400 count 2052 datatype 0 op 0 root 0 comm 0x7fc0c8002f70 [nranks=4] stream 0x6b591b0
ai:487637:487637 [3] NCCL INFO AllGather: opCount 0 sendbuff 0x7f42de7f1a00 recvbuff 0x7f42e11fda00 count 2052 datatype 0 op 0 root 0 comm 0x7f4344002f70 [nranks=4] stream 0xcad1e40
ai:487636:487636 [2] NCCL INFO AllGather: opCount 0 sendbuff 0x7fc05fdd3600 recvbuff 0x7fc0d15fa800 count 2052 datatype 0 op 0 root 0 comm 0x7fc0c8002f70 [nranks=4] stream 0x6b591b0
ai:487637:487637 [3] NCCL INFO AllGather: opCount 0 sendbuff 0x7f434b5fd600 recvbuff 0x7f43e49fae00 count 2052 datatype 0 op 0 root 0 comm 0x7f4344002f70 [nranks=4] stream 0xcad1e40
ai:487636:487636 [2] NCCL INFO AllGather: opCount 0 sendbuff 0x7fc06bbeec00 recvbuff 0x7fc064fd7000 count 516 datatype 0 op 0 root 0 comm 0x7fc0c8002f70 [nranks=4] stream 0x6b591b0
ai:487635:487635 [1] NCCL INFO AllGather: opCount 0 sendbuff 0x7f04c5dcb800 recvbuff 0x7f053bffd200 count 516 datatype 0 op 0 root 0 comm 0x7f0528002f70 [nranks=4] stream 0xc9e1f80
ai:487634:487634 [0] NCCL INFO AllGather: opCount 0 sendbuff 0x7fd9271f8400 recvbuff 0x7fd927dc0000 count 8196 datatype 0 op 0 root 0 comm 0x7fd988002f70 [nranks=4] stream 0xc62dd60
ai:487637:487637 [3] NCCL INFO AllGather: opCount 0 sendbuff 0x7f42da5fbc00 recvbuff 0x7f42e1bfe200 count 516 datatype 0 op 0 root 0 comm 0x7f4344002f70 [nranks=4] stream 0xcad1e40
ai:487636:487636 [2] NCCL INFO AllGather: opCount 0 sendbuff 0x7fc0607f6000 recvbuff 0x7fc061fc5e00 count 516 datatype 0 op 0 root 0 comm 0x7fc0c8002f70 [nranks=4] stream 0x6b591b0
ai:487635:487635 [1] NCCL INFO AllGather: opCount 0 sendbuff 0x7f04c5dcb800 recvbuff 0x7f053bffd200 count 516 datatype 0 op 0 root 0 comm 0x7f0528002f70 [nranks=4] stream 0xc9e1f80
ai:487637:487637 [3] NCCL INFO AllGather: opCount 0 sendbuff 0x7f42de1fee00 recvbuff 0x7f43e2ffea00 count 516 datatype 0 op 0 root 0 comm 0x7f4344002f70 [nranks=4] stream 0xcad1e40
ai:487636:487636 [2] NCCL INFO AllGather: opCount 0 sendbuff 0x7fc064f85200 recvbuff 0x7fc0d99f4200 count 2052 datatype 0 op 0 root 0 comm 0x7fc0c8002f70 [nranks=4] stream 0x6b591b0
ai:487635:487635 [1] NCCL INFO AllGather: opCount 0 sendbuff 0x7f04c5dcb800 recvbuff 0x7f053bffd200 count 516 datatype 0 op 0 root 0 comm 0x7f0528002f70 [nranks=4] stream 0xc9e1f80
ai:487637:487637 [3] NCCL INFO AllGather: opCount 0 sendbuff 0x7f43e2fff600 recvbuff 0x7f434b5fa000 count 2052 datatype 0 op 0 root 0 comm 0x7f4344002f70 [nranks=4] stream 0xcad1e40
ai:487636:487636 [2] NCCL INFO AllGather: opCount 0 sendbuff 0x7fc061dd2600 recvbuff 0x7fc06bdfe400 count 516 datatype 0 op 0 root 0 comm 0x7fc0c8002f70 [nranks=4] stream 0x6b591b0
ai:487635:487635 [1] NCCL INFO AllGather: opCount 0 sendbuff 0x7f053bffd200 recvbuff 0x7f04c5df2e00 count 2052 datatype 0 op 0 root 0 comm 0x7f0528002f70 [nranks=4] stream 0xc9e1f80
ai:487636:487636 [2] NCCL INFO AllGather: opCount 0 sendbuff 0x7fc061dffc00 recvbuff 0x7fc0d15f9a00 count 516 datatype 0 op 0 root 0 comm 0x7fc0c8002f70 [nranks=4] stream 0x6b591b0
ai:487635:487635 [1] NCCL INFO AllGather: opCount 0 sendbuff 0x7f053bffd200 recvbuff 0x7f04c5df2e00 count 2052 datatype 0 op 0 root 0 comm 0x7f0528002f70 [nranks=4] stream 0xc9e1f80
ai:487637:487637 [3] NCCL INFO AllGather: opCount 0 sendbuff 0x7f42de7ffc00 recvbuff 0x7f42de7f1a00 count 516 datatype 0 op 0 root 0 comm 0x7f4344002f70 [nranks=4] stream 0xcad1e40
ai:487636:487636 [2] NCCL INFO AllGather: opCount 0 sendbuff 0x7fc05fdd3600 recvbuff 0x7fc0d15fa800 count 2052 datatype 0 op 0 root 0 comm 0x7fc0c8002f70 [nranks=4] stream 0x6b591b0
ai:487635:487635 [1] NCCL INFO AllGather: opCount 0 sendbuff 0x7f04c5dcb800 recvbuff 0x7f053bffd200 count 516 datatype 0 op 0 root 0 comm 0x7f0528002f70 [nranks=4] stream 0xc9e1f80
ai:487637:487637 [3] NCCL INFO AllGather: opCount 0 sendbuff 0x7f42e11eb400 recvbuff 0x7f434b5fd600 count 516 datatype 0 op 0 root 0 comm 0x7f4344002f70 [nranks=4] stream 0xcad1e40
ai:487636:487636 [2] NCCL INFO AllGather: opCount 0 sendbuff 0x7fc064ff3600 recvbuff 0x7fc0dbff1e00 count 1028 datatype 0 op 0 root 0 comm 0x7fc0c8002f70 [nranks=4] stream 0x6b591b0
ai:487635:487635 [1] NCCL INFO AllGather: opCount 0 sendbuff 0x7f04c5dcb800 recvbuff 0x7f053bffd200 count 516 datatype 0 op 0 root 0 comm 0x7f0528002f70 [nranks=4] stream 0xc9e1f80
ai:487637:487637 [3] NCCL INFO AllGather: opCount 0 sendbuff 0x7f42e1bfe200 recvbuff 0x7f42e11fda00 count 2052 datatype 0 op 0 root 0 comm 0x7f4344002f70 [nranks=4] stream 0xcad1e40
ai:487636:487636 [2] NCCL INFO AllGather: opCount 0 sendbuff 0x7fc0697fac00 recvbuff 0x7fc0607f6600 count 1028 datatype 0 op 0 root 0 comm 0x7fc0c8002f70 [nranks=4] stream 0x6b591b0
ai:487635:487635 [1] NCCL INFO AllGather: opCount 0 sendbuff 0x7f053bffd200 recvbuff 0x7f04c5df2e00 count 2052 datatype 0 op 0 root 0 comm 0x7f0528002f70 [nranks=4] stream 0xc9e1f80
ai:487637:487637 [3] NCCL INFO AllGather: opCount 0 sendbuff 0x7f42e11faa00 recvbuff 0x7f434b5fe400 count 1028 datatype 0 op 0 root 0 comm 0x7f4344002f70 [nranks=4] stream 0xcad1e40
ai:487636:487636 [2] NCCL INFO AllGather: opCount 0 sendbuff 0x7fc064ffde00 recvbuff 0x7fc0dbfe9400 count 4100 datatype 0 op 0 root 0 comm 0x7fc0c8002f70 [nranks=4] stream 0x6b591b0
ai:487635:487635 [1] NCCL INFO AllGather: opCount 0 sendbuff 0x7f04c5dcb800 recvbuff 0x7f053bffd200 count 516 datatype 0 op 0 root 0 comm 0x7f0528002f70 [nranks=4] stream 0xc9e1f80
ai:487637:487637 [3] NCCL INFO AllGather: opCount 0 sendbuff 0x7f42e1beb600 recvbuff 0x7f43e2ffbe00 count 1028 datatype 0 op 0 root 0 comm 0x7f4344002f70 [nranks=4] stream 0xcad1e40
ai:487636:487636 [2] NCCL INFO AllGather: opCount 0 sendbuff 0x7fc0d15fd400 recvbuff 0x7fc073bec400 count 4100 datatype 0 op 0 root 0 comm 0x7fc0c8002f70 [nranks=4] stream 0x6b591b0
ai:487635:487635 [1] NCCL INFO AllGather: opCount 0 sendbuff 0x7f04c5dcb800 recvbuff 0x7f053bffd200 count 516 datatype 0 op 0 root 0 comm 0x7f0528002f70 [nranks=4] stream 0xc9e1f80
ai:487637:487637 [3] NCCL INFO AllGather: opCount 0 sendbuff 0x7f43e49f8c00 recvbuff 0x7f42da5e8000 count 4100 datatype 0 op 0 root 0 comm 0x7f4344002f70 [nranks=4] stream 0xcad1e40
ai:487636:487636 [2] NCCL INFO AllGather: opCount 0 sendbuff 0x7fc0607f7800 recvbuff 0x7fc0d99f4200 count 1028 datatype 0 op 0 root 0 comm 0x7fc0c8002f70 [nranks=4] stream 0x6b591b0
ai:487635:487635 [1] NCCL INFO AllGather: opCount 0 sendbuff 0x7f053bffd200 recvbuff 0x7f04c5df2e00 count 2052 datatype 0 op 0 root 0 comm 0x7f0528002f70 [nranks=4] stream 0xc9e1f80
ai:487637:487637 [3] NCCL INFO AllGather: opCount 0 sendbuff 0x7f42da5fe600 recvbuff 0x7f42e25efa00 count 4100 datatype 0 op 0 root 0 comm 0x7f4344002f70 [nranks=4] stream 0xcad1e40
ai:487636:487636 [2] NCCL INFO AllGather: opCount 0 sendbuff 0x7fc06bdff800 recvbuff 0x7fc0d15fa800 count 1028 datatype 0 op 0 root 0 comm 0x7fc0c8002f70 [nranks=4] stream 0x6b591b0
ai:487635:487635 [1] NCCL INFO AllGather: opCount 0 sendbuff 0x7f053bfff800 recvbuff 0x7f04c9bfd800 count 1028 datatype 0 op 0 root 0 comm 0x7f0528002f70 [nranks=4] stream 0xc9e1f80
ai:487637:487637 [3] NCCL INFO AllGather: opCount 0 sendbuff 0x7f42e11faa00 recvbuff 0x7f434b5fe400 count 1028 datatype 0 op 0 root 0 comm 0x7f4344002f70 [nranks=4] stream 0xcad1e40
ai:487636:487636 [2] NCCL INFO AllGather: opCount 0 sendbuff 0x7fc0dbff1e00 recvbuff 0x7fc061ffac00 count 4100 datatype 0 op 0 root 0 comm 0x7fc0c8002f70 [nranks=4] stream 0x6b591b0
ai:487635:487635 [1] NCCL INFO AllGather: opCount 0 sendbuff 0x7f053bfff800 recvbuff 0x7f04c9bfd800 count 1028 datatype 0 op 0 root 0 comm 0x7f0528002f70 [nranks=4] stream 0xc9e1f80
ai:487637:487637 [3] NCCL INFO AllGather: opCount 0 sendbuff 0x7f42e1beb600 recvbuff 0x7f43e2ffbe00 count 1028 datatype 0 op 0 root 0 comm 0x7f4344002f70 [nranks=4] stream 0xcad1e40
ai:487636:487636 [2] NCCL INFO AllGather: opCount 0 sendbuff 0x7fc064ff3600 recvbuff 0x7fc0607f6600 count 1028 datatype 0 op 0 root 0 comm 0x7fc0c8002f70 [nranks=4] stream 0x6b591b0
ai:487635:487635 [1] NCCL INFO AllGather: opCount 0 sendbuff 0x7f04c9bfd800 recvbuff 0x7f053bfe9400 count 4100 datatype 0 op 0 root 0 comm 0x7f0528002f70 [nranks=4] stream 0xc9e1f80
ai:487637:487637 [3] NCCL INFO AllGather: opCount 0 sendbuff 0x7f43e49f8c00 recvbuff 0x7f42da5e8000 count 4100 datatype 0 op 0 root 0 comm 0x7f4344002f70 [nranks=4] stream 0xcad1e40
ai:487636:487636 [2] NCCL INFO AllGather: opCount 0 sendbuff 0x7fc0697fac00 recvbuff 0x7fc064ffde00 count 1028 datatype 0 op 0 root 0 comm 0x7fc0c8002f70 [nranks=4] stream 0x6b591b0
ai:487635:487635 [1] NCCL INFO AllGather: opCount 0 sendbuff 0x7f04c9bfd800 recvbuff 0x7f053bfe9400 count 4100 datatype 0 op 0 root 0 comm 0x7f0528002f70 [nranks=4] stream 0xc9e1f80
ai:487637:487637 [3] NCCL INFO AllGather: opCount 0 sendbuff 0x7f42e1bfd800 recvbuff 0x7f42da5fe600 count 1028 datatype 0 op 0 root 0 comm 0x7f4344002f70 [nranks=4] stream 0xcad1e40
ai:487636:487636 [2] NCCL INFO AllGather: opCount 0 sendbuff 0x7fc0d15fd400 recvbuff 0x7fc0dbfe9400 count 4100 datatype 0 op 0 root 0 comm 0x7fc0c8002f70 [nranks=4] stream 0x6b591b0
ai:487635:487635 [1] NCCL INFO AllGather: opCount 0 sendbuff 0x7f04c97ee400 recvbuff 0x7f04c9bfd800 count 1028 datatype 0 op 0 root 0 comm 0x7f0528002f70 [nranks=4] stream 0xc9e1f80
ai:487637:487637 [3] NCCL INFO AllGather: opCount 0 sendbuff 0x7f42e11faa00 recvbuff 0x7f434b5fe400 count 1028 datatype 0 op 0 root 0 comm 0x7f4344002f70 [nranks=4] stream 0xcad1e40
ai:487636:487636 [2] NCCL INFO AllGather: opCount 0 sendbuff 0x7fc0607f7800 recvbuff 0x7fc0d99f4200 count 1028 datatype 0 op 0 root 0 comm 0x7fc0c8002f70 [nranks=4] stream 0x6b591b0
ai:487635:487635 [1] NCCL INFO AllGather: opCount 0 sendbuff 0x7f04c97ee400 recvbuff 0x7f04c9bfd800 count 1028 datatype 0 op 0 root 0 comm 0x7f0528002f70 [nranks=4] stream 0xc9e1f80
ai:487637:487637 [3] NCCL INFO AllGather: opCount 0 sendbuff 0x7f43e2ffbe00 recvbuff 0x7f42e25efa00 count 4100 datatype 0 op 0 root 0 comm 0x7f4344002f70 [nranks=4] stream 0xcad1e40
ai:487636:487636 [2] NCCL INFO AllGather: opCount 0 sendbuff 0x7fc06bdff800 recvbuff 0x7fc0d15fa800 count 1028 datatype 0 op 0 root 0 comm 0x7fc0c8002f70 [nranks=4] stream 0x6b591b0
ai:487635:487635 [1] NCCL INFO AllGather: opCount 0 sendbuff 0x7f04c9bfd800 recvbuff 0x7f053bfe9400 count 4100 datatype 0 op 0 root 0 comm 0x7f0528002f70 [nranks=4] stream 0xc9e1f80
ai:487636:487636 [2] NCCL INFO AllGather: opCount 0 sendbuff 0x7fc0dbff1e00 recvbuff 0x7fc073bec400 count 4100 datatype 0 op 0 root 0 comm 0x7fc0c8002f70 [nranks=4] stream 0x6b591b0
ai:487635:487635 [1] NCCL INFO AllGather: opCount 0 sendbuff 0x7f04c97ee400 recvbuff 0x7f04c9bfd800 count 1028 datatype 0 op 0 root 0 comm 0x7f0528002f70 [nranks=4] stream 0xc9e1f80
ai:487636:487636 [2] NCCL INFO AllGather: opCount 0 sendbuff 0x7fc05fdd3600 recvbuff 0x7fc0697fda00 count 2052 datatype 0 op 0 root 0 comm 0x7fc0c8002f70 [nranks=4] stream 0x6b591b0
ai:487635:487635 [1] NCCL INFO AllGather: opCount 0 sendbuff 0x7f04c97ee400 recvbuff 0x7f04c9bfd800 count 1028 datatype 0 op 0 root 0 comm 0x7f0528002f70 [nranks=4] stream 0xc9e1f80
ai:487637:487637 [3] NCCL INFO AllGather: opCount 0 sendbuff 0x7f42e11f9600 recvbuff 0x7f42da5fe600 count 1028 datatype 0 op 0 root 0 comm 0x7f4344002f70 [nranks=4] stream 0xcad1e40
ai:487636:487636 [2] NCCL INFO AllGather: opCount 0 sendbuff 0x7fc06bbf8a00 recvbuff 0x7fc0d15f6a00 count 2052 datatype 0 op 0 root 0 comm 0x7fc0c8002f70 [nranks=4] stream 0x6b591b0
ai:487635:487635 [1] NCCL INFO AllGather: opCount 0 sendbuff 0x7f04c9bfd800 recvbuff 0x7f053bfe9400 count 4100 datatype 0 op 0 root 0 comm 0x7f0528002f70 [nranks=4] stream 0xc9e1f80
ai:487636:487636 [2] NCCL INFO AllGather: opCount 0 sendbuff 0x7fc0d15fd400 recvbuff 0x7fc0697e0000 count 8196 datatype 0 op 0 root 0 comm 0x7fc0c8002f70 [nranks=4] stream 0x6b591b0
ai:487637:487637 [3] NCCL INFO AllGather: opCount 0 sendbuff 0x7f42e11faa00 recvbuff 0x7f434b5fe400 count 1028 datatype 0 op 0 root 0 comm 0x7f4344002f70 [nranks=4] stream 0xcad1e40
ai:487636:487636 [2] NCCL INFO AllGather: opCount 0 sendbuff 0x7fc0d99dec00 recvbuff 0x7fc061de3e00 count 8196 datatype 0 op 0 root 0 comm 0x7fc0c8002f70 [nranks=4] stream 0x6b591b0
ai:487636:487636 [2] NCCL INFO AllGather: opCount 0 sendbuff 0x7fc0697e8400 recvbuff 0x7fc061dc6200 count 2052 datatype 0 op 0 root 0 comm 0x7fc0c8002f70 [nranks=4] stream 0x6b591b0
ai:487637:487637 [3] NCCL INFO AllGather: opCount 0 sendbuff 0x7f43e2ffbe00 recvbuff 0x7f42da5e8000 count 4100 datatype 0 op 0 root 0 comm 0x7f4344002f70 [nranks=4] stream 0xcad1e40
ai:487636:487636 [2] NCCL INFO AllGather: opCount 0 sendbuff 0x7fc06bdfb800 recvbuff 0x7fc061dcc000 count 2052 datatype 0 op 0 root 0 comm 0x7fc0c8002f70 [nranks=4] stream 0x6b591b0
ai:487637:487637 [3] NCCL INFO AllGather: opCount 0 sendbuff 0x7f43e49dde00 recvbuff 0x7f42e11fda00 count 2052 datatype 0 op 0 root 0 comm 0x7f4344002f70 [nranks=4] stream 0xcad1e40
ai:487636:487636 [2] NCCL INFO AllGather: opCount 0 sendbuff 0x7fc0dbfee400 recvbuff 0x7fc061dedc00 count 8196 datatype 0 op 0 root 0 comm 0x7fc0c8002f70 [nranks=4] stream 0x6b591b0
ai:487637:487637 [3] NCCL INFO AllGather: opCount 0 sendbuff 0x7f42da5fc200 recvbuff 0x7f43e49fae00 count 2052 datatype 0 op 0 root 0 comm 0x7f4344002f70 [nranks=4] stream 0xcad1e40
ai:487636:487636 [2] NCCL INFO AllGather: opCount 0 sendbuff 0x7fc073bf0600 recvbuff 0x7fc0d99fc200 count 2052 datatype 0 op 0 root 0 comm 0x7fc0c8002f70 [nranks=4] stream 0x6b591b0
ai:487637:487637 [3] NCCL INFO AllGather: opCount 0 sendbuff 0x7f434b5fa000 recvbuff 0x7f42e1bec200 count 8196 datatype 0 op 0 root 0 comm 0x7f4344002f70 [nranks=4] stream 0xcad1e40
ai:487637:487637 [3] NCCL INFO AllGather: opCount 0 sendbuff 0x7f42dbfcc200 recvbuff 0x7f42d5d80000 count 8196 datatype 0 op 0 root 0 comm 0x7f4344002f70 [nranks=4] stream 0xcad1e40
ai:487636:487636 [2] NCCL INFO AllGather: opCount 0 sendbuff 0x7fc0d99f3200 recvbuff 0x7fc05fdf4600 count 2052 datatype 0 op 0 root 0 comm 0x7fc0c8002f70 [nranks=4] stream 0x6b591b0
ai:487637:487637 [3] NCCL INFO AllGather: opCount 0 sendbuff 0x7f42dbdfea00 recvbuff 0x7f434b5f6800 count 2052 datatype 0 op 0 root 0 comm 0x7f4344002f70 [nranks=4] stream 0xcad1e40
ai:487636:487636 [2] NCCL INFO AllGather: opCount 0 sendbuff 0x7fc0dbfe9400 recvbuff 0x7fc0dbff3400 count 8196 datatype 0 op 0 root 0 comm 0x7fc0c8002f70 [nranks=4] stream 0x6b591b0
ai:487637:487637 [3] NCCL INFO AllGather: opCount 0 sendbuff 0x7f42e11e8000 recvbuff 0x7f43e49f4200 count 2052 datatype 0 op 0 root 0 comm 0x7f4344002f70 [nranks=4] stream 0xcad1e40
ai:487637:487637 [3] NCCL INFO AllGather: opCount 0 sendbuff 0x7f43e2fef400 recvbuff 0x7f43e49a9a00 count 8196 datatype 0 op 0 root 0 comm 0x7f4344002f70 [nranks=4] stream 0xcad1e40
ai:487636:487636 [2] NCCL INFO AllGather: opCount 0 sendbuff 0x7fc0dbfff600 recvbuff 0x7fc0dbffb600 count 2052 datatype 0 op 0 root 0 comm 0x7fc0c8002f70 [nranks=4] stream 0x6b591b0
ai:487637:487637 [3] NCCL INFO AllGather: opCount 0 sendbuff 0x7f43e2ff1600 recvbuff 0x7f42e1be8000 count 2052 datatype 0 op 0 root 0 comm 0x7f4344002f70 [nranks=4] stream 0xcad1e40
ai:487636:487636 [2] NCCL INFO AllGather: opCount 0 sendbuff 0x7fc061dc4c00 recvbuff 0x7fc061ffac00 count 2052 datatype 0 op 0 root 0 comm 0x7fc0c8002f70 [nranks=4] stream 0x6b591b0
ai:487637:487637 [3] NCCL INFO AllGather: opCount 0 sendbuff 0x7f43e49dfe00 recvbuff 0x7f42e25ea000 count 2052 datatype 0 op 0 root 0 comm 0x7f4344002f70 [nranks=4] stream 0xcad1e40
ai:487636:487636 [2] NCCL INFO AllGather: opCount 0 sendbuff 0x7fc061ffce00 recvbuff 0x7fc064eb4000 count 8196 datatype 0 op 0 root 0 comm 0x7fc0c8002f70 [nranks=4] stream 0x6b591b0
ai:487637:487637 [3] NCCL INFO AllGather: opCount 0 sendbuff 0x7f42da5ee400 recvbuff 0x7f42da4b4000 count 8196 datatype 0 op 0 root 0 comm 0x7f4344002f70 [nranks=4] stream 0xcad1e40
ai:487636:487636 [2] NCCL INFO AllGather: opCount 0 sendbuff 0x7fc0d99ff400 recvbuff 0x7fc064ebc200 count 2052 datatype 0 op 0 root 0 comm 0x7fc0c8002f70 [nranks=4] stream 0x6b591b0
ai:487637:487637 [3] NCCL INFO AllGather: opCount 0 sendbuff 0x7f43e49fd800 recvbuff 0x7f42e11ece00 count 2052 datatype 0 op 0 root 0 comm 0x7f4344002f70 [nranks=4] stream 0xcad1e40
ai:487636:487636 [2] NCCL INFO AllGather: opCount 0 sendbuff 0x7fc0dbff0600 recvbuff 0x7fc06bbe8000 count 2052 datatype 0 op 0 root 0 comm 0x7fc0c8002f70 [nranks=4] stream 0x6b591b0
ai:487637:487637 [3] NCCL INFO AllGather: opCount 0 sendbuff 0x7f42e1bea600 recvbuff 0x7f42e25fa600 count 2052 datatype 0 op 0 root 0 comm 0x7f4344002f70 [nranks=4] stream 0xcad1e40
ai:487636:487636 [2] NCCL INFO AllGather: opCount 0 sendbuff 0x7fc06bbea200 recvbuff 0x7fc0601f3600 count 8196 datatype 0 op 0 root 0 comm 0x7fc0c8002f70 [nranks=4] stream 0x6b591b0
ai:487637:487637 [3] NCCL INFO AllGather: opCount 0 sendbuff 0x7f42e25efa00 recvbuff 0x7f42dbff2a00 count 8196 datatype 0 op 0 root 0 comm 0x7f4344002f70 [nranks=4] stream 0xcad1e40
ai:487636:487636 [2] NCCL INFO AllGather: opCount 0 sendbuff 0x7fc05fdf7800 recvbuff 0x7fc0601fb800 count 2052 datatype 0 op 0 root 0 comm 0x7fc0c8002f70 [nranks=4] stream 0x6b591b0
ai:487637:487637 [3] NCCL INFO AllGather: opCount 0 sendbuff 0x7f42da5f1600 recvbuff 0x7f43e4980000 count 2052 datatype 0 op 0 root 0 comm 0x7f4344002f70 [nranks=4] stream 0xcad1e40
ai:487636:487636 [2] NCCL INFO AllGather: opCount 0 sendbuff 0x7fc061df7200 recvbuff 0x7fc0601fda00 count 2052 datatype 0 op 0 root 0 comm 0x7fc0c8002f70 [nranks=4] stream 0x6b591b0
ai:487636:487636 [2] NCCL INFO AllGather: opCount 0 sendbuff 0x7fc061fc0000 recvbuff 0x7fc073bf2200 count 8196 datatype 0 op 0 root 0 comm 0x7fc0c8002f70 [nranks=4] stream 0x6b591b0
ai:487637:487637 [3] NCCL INFO AllGather: opCount 0 sendbuff 0x7f42e25eca00 recvbuff 0x7f43e4982200 count 2052 datatype 0 op 0 root 0 comm 0x7f4344002f70 [nranks=4] stream 0xcad1e40
ai:487636:487636 [2] NCCL INFO AllGather: opCount 0 sendbuff 0x7fc064ebe400 recvbuff 0x7fc073bfa400 count 4100 datatype 0 op 0 root 0 comm 0x7fc0c8002f70 [nranks=4] stream 0x6b591b0
ai:487636:487636 [2] NCCL INFO AllGather: opCount 0 sendbuff 0x7fc061fc2200 recvbuff 0x7fc06bbf9c00 count 4100 datatype 0 op 0 root 0 comm 0x7fc0c8002f70 [nranks=4] stream 0x6b591b0
ai:487637:487637 [3] NCCL INFO AllGather: opCount 0 sendbuff 0x7f42da4bc200 recvbuff 0x7f42e25d8000 count 8196 datatype 0 op 0 root 0 comm 0x7f4344002f70 [nranks=4] stream 0xcad1e40
ai:487636:487636 [2] NCCL INFO AllGather: opCount 0 sendbuff 0x7fc064fd0400 recvbuff 0x7fc058de0000 count 16388 datatype 0 op 0 root 0 comm 0x7fc0c8002f70 [nranks=4] stream 0x6b591b0
ai:487636:487636 [2] NCCL INFO AllGather: opCount 0 sendbuff 0x7fc05fdfb600 recvbuff 0x7fc05fdc0000 count 16388 datatype 0 op 0 root 0 comm 0x7fc0c8002f70 [nranks=4] stream 0x6b591b0
ai:487637:487637 [3] NCCL INFO AllGather: opCount 0 sendbuff 0x7f42e1bf5400 recvbuff 0x7f42da4be400 count 2052 datatype 0 op 0 root 0 comm 0x7f4344002f70 [nranks=4] stream 0xcad1e40
ai:487636:487636 [2] NCCL INFO AllGather: opCount 0 sendbuff 0x7fc05fdd2200 recvbuff 0x7fc0607fa600 count 4100 datatype 0 op 0 root 0 comm 0x7fc0c8002f70 [nranks=4] stream 0x6b591b0
ai:487637:487637 [3] NCCL INFO AllGather: opCount 0 sendbuff 0x7f42da7fce00 recvbuff 0x7f42dbffac00 count 2052 datatype 0 op 0 root 0 comm 0x7f4344002f70 [nranks=4] stream 0xcad1e40
ai:487636:487636 [2] NCCL INFO AllGather: opCount 0 sendbuff 0x7fc061fc3400 recvbuff 0x7fc061df8200 count 4100 datatype 0 op 0 root 0 comm 0x7fc0c8002f70 [nranks=4] stream 0x6b591b0
ai:487637:487637 [3] NCCL INFO AllGather: opCount 0 sendbuff 0x7f42dbffce00 recvbuff 0x7f42dbd25e00 count 8196 datatype 0 op 0 root 0 comm 0x7f4344002f70 [nranks=4] stream 0xcad1e40
ai:487634:487634 [0] NCCL INFO AllGather: opCount 0 sendbuff 0x7fd9235f3a00 recvbuff 0x7fd98d5f5c00 count 2052 datatype 0 op 0 root 0 comm 0x7fd988002f70 [nranks=4] stream 0xc62dd60
ai:487636:487636 [2] NCCL INFO AllGather: opCount 0 sendbuff 0x7fc064fe5a00 recvbuff 0x7fc0d15c8000 count 16388 datatype 0 op 0 root 0 comm 0x7fc0c8002f70 [nranks=4] stream 0x6b591b0
ai:487637:487637 [3] NCCL INFO AllGather: opCount 0 sendbuff 0x7f42d5dfec00 recvbuff 0x7f42dbca0000 count 4100 datatype 0 op 0 root 0 comm 0x7f4344002f70 [nranks=4] stream 0xcad1e40
ai:487634:487634 [0] NCCL INFO AllGather: opCount 0 sendbuff 0x7fd9239ea600 recvbuff 0x7fd98d5fc400 count 2052 datatype 0 op 0 root 0 comm 0x7fd988002f70 [nranks=4] stream 0xc62dd60
ai:487637:487637 [3] NCCL INFO AllGather: opCount 0 sendbuff 0x7f42e25fc800 recvbuff 0x7f42dbfc0000 count 4100 datatype 0 op 0 root 0 comm 0x7f4344002f70 [nranks=4] stream 0xcad1e40
ai:487636:487636 [2] NCCL INFO AllGather: opCount 0 sendbuff 0x7fc064fe9c00 recvbuff 0x7fc06bbefa00 count 4100 datatype 0 op 0 root 0 comm 0x7fc0c8002f70 [nranks=4] stream 0x6b591b0
ai:487637:487637 [3] NCCL INFO AllGather: opCount 0 sendbuff 0x7f42de7ea400 recvbuff 0x7f42dbd2e000 count 16388 datatype 0 op 0 root 0 comm 0x7f4344002f70 [nranks=4] stream 0xcad1e40
ai:487637:487637 [3] NCCL INFO AllGather: opCount 0 sendbuff 0x7f42e1bf6600 recvbuff 0x7f42da7a0000 count 16388 datatype 0 op 0 root 0 comm 0x7f4344002f70 [nranks=4] stream 0xcad1e40
ai:487634:487634 [0] NCCL INFO AllGather: opCount 0 sendbuff 0x7fd997fef200 recvbuff 0x7fd927dc8200 count 8196 datatype 0 op 0 root 0 comm 0x7fd988002f70 [nranks=4] stream 0xc62dd60
ai:487636:487636 [2] NCCL INFO AllGather: opCount 0 sendbuff 0x7fc064fe3a00 recvbuff 0x7fc0601e8200 count 4100 datatype 0 op 0 root 0 comm 0x7fc0c8002f70 [nranks=4] stream 0x6b591b0
ai:487637:487637 [3] NCCL INFO AllGather: opCount 0 sendbuff 0x7f42dbfc4200 recvbuff 0x7f42d2df8200 count 4100 datatype 0 op 0 root 0 comm 0x7f4344002f70 [nranks=4] stream 0xcad1e40
ai:487637:487637 [3] NCCL INFO AllGather: opCount 0 sendbuff 0x7f42d5d88200 recvbuff 0x7f42e25e0200 count 4100 datatype 0 op 0 root 0 comm 0x7f4344002f70 [nranks=4] stream 0xcad1e40
ai:487636:487636 [2] NCCL INFO AllGather: opCount 0 sendbuff 0x7fc058df8200 recvbuff 0x7fc0607e0000 count 16388 datatype 0 op 0 root 0 comm 0x7fc0c8002f70 [nranks=4] stream 0x6b591b0
ai:487634:487634 [0] NCCL INFO AllGather: opCount 0 sendbuff 0x7fd923bd6800 recvbuff 0x7fd923be1e00 count 2052 datatype 0 op 0 root 0 comm 0x7fd988002f70 [nranks=4] stream 0xc62dd60
ai:487637:487637 [3] NCCL INFO AllGather: opCount 0 sendbuff 0x7f42da7b0200 recvbuff 0x7f42de1e0000 count 16388 datatype 0 op 0 root 0 comm 0x7f4344002f70 [nranks=4] stream 0xcad1e40
ai:487637:487637 [3] NCCL INFO AllGather: opCount 0 sendbuff 0x7f42e25e6400 recvbuff 0x7f42da7b6400 count 4100 datatype 0 op 0 root 0 comm 0x7f4344002f70 [nranks=4] stream 0xcad1e40
ai:487636:487636 [2] NCCL INFO AllGather: opCount 0 sendbuff 0x7fc05fdff800 recvbuff 0x7fc0601ee400 count 516 datatype 0 op 0 root 0 comm 0x7fc0c8002f70 [nranks=4] stream 0x6b591b0
ai:487634:487634 [0] NCCL INFO AllGather: opCount 0 sendbuff 0x7fd923be4000 recvbuff 0x7fd9271fc600 count 2052 datatype 0 op 0 root 0 comm 0x7fd988002f70 [nranks=4] stream 0xc62dd60
ai:487637:487637 [3] NCCL INFO AllGather: opCount 0 sendbuff 0x7f42da7bae00 recvbuff 0x7f42de1f0200 count 4100 datatype 0 op 0 root 0 comm 0x7f4344002f70 [nranks=4] stream 0xcad1e40
ai:487636:487636 [2] NCCL INFO AllGather: opCount 0 sendbuff 0x7fc06bbff600 recvbuff 0x7fc0601eee00 count 516 datatype 0 op 0 root 0 comm 0x7fc0c8002f70 [nranks=4] stream 0x6b591b0
ai:487637:487637 [3] NCCL INFO AllGather: opCount 0 sendbuff 0x7f42de1f6400 recvbuff 0x7f42dc0c0000 count 16388 datatype 0 op 0 root 0 comm 0x7f4344002f70 [nranks=4] stream 0xcad1e40
ai:487636:487636 [2] NCCL INFO AllGather: opCount 0 sendbuff 0x7fc058dfe400 recvbuff 0x7fc058dfe800 count 516 datatype 0 op 0 root 0 comm 0x7fc0c8002f70 [nranks=4] stream 0x6b591b0
ai:487634:487634 [0] NCCL INFO AllGather: opCount 0 sendbuff 0x7fd9235ed400 recvbuff 0x7fd927dd0400 count 8196 datatype 0 op 0 root 0 comm 0x7fd988002f70 [nranks=4] stream 0xc62dd60
ai:487636:487636 [2] NCCL INFO AllGather: opCount 0 sendbuff 0x7fc061dfc400 recvbuff 0x7fc061dfce00 count 2052 datatype 0 op 0 root 0 comm 0x7fc0c8002f70 [nranks=4] stream 0x6b591b0
ai:487637:487637 [3] NCCL INFO AllGather: opCount 0 sendbuff 0x7f42d5dfe800 recvbuff 0x7f42dbca5200 count 516 datatype 0 op 0 root 0 comm 0x7f4344002f70 [nranks=4] stream 0xcad1e40
ai:487636:487636 [2] NCCL INFO AllGather: opCount 0 sendbuff 0x7fc06bbf3c00 recvbuff 0x7fc06bbf4600 count 2052 datatype 0 op 0 root 0 comm 0x7fc0c8002f70 [nranks=4] stream 0x6b591b0
ai:487634:487634 [0] NCCL INFO AllGather: opCount 0 sendbuff 0x7fd98d5f9000 recvbuff 0x7fd9235f8e00 count 2052 datatype 0 op 0 root 0 comm 0x7fd988002f70 [nranks=4] stream 0xc62dd60
ai:487637:487637 [3] NCCL INFO AllGather: opCount 0 sendbuff 0x7f42de7fbe00 recvbuff 0x7f42de1f4400 count 516 datatype 0 op 0 root 0 comm 0x7f4344002f70 [nranks=4] stream 0xcad1e40
ai:487636:487636 [2] NCCL INFO AllGather: opCount 0 sendbuff 0x7fc058dff600 recvbuff 0x7fc0607f0200 count 516 datatype 0 op 0 root 0 comm 0x7fc0c8002f70 [nranks=4] stream 0x6b591b0
ai:487634:487634 [0] NCCL INFO AllGather: opCount 0 sendbuff 0x7fd9959be800 recvbuff 0x7fd9239f7a00 count 2052 datatype 0 op 0 root 0 comm 0x7fd988002f70 [nranks=4] stream 0xc62dd60
ai:487637:487637 [3] NCCL INFO AllGather: opCount 0 sendbuff 0x7f42de1f4e00 recvbuff 0x7f42de1f5200 count 516 datatype 0 op 0 root 0 comm 0x7f4344002f70 [nranks=4] stream 0xcad1e40
ai:487636:487636 [2] NCCL INFO AllGather: opCount 0 sendbuff 0x7fc0607f1000 recvbuff 0x7fc0607f1400 count 516 datatype 0 op 0 root 0 comm 0x7fc0c8002f70 [nranks=4] stream 0x6b591b0
ai:487637:487637 [3] NCCL INFO AllGather: opCount 0 sendbuff 0x7f42d2dfc800 recvbuff 0x7f42d2dfd200 count 2052 datatype 0 op 0 root 0 comm 0x7f4344002f70 [nranks=4] stream 0xcad1e40
ai:487636:487636 [2] NCCL INFO AllGather: opCount 0 sendbuff 0x7fc0607f2a00 recvbuff 0x7fc0607f3400 count 2052 datatype 0 op 0 root 0 comm 0x7fc0c8002f70 [nranks=4] stream 0x6b591b0
ai:487634:487634 [0] NCCL INFO AllGather: opCount 0 sendbuff 0x7fd925bf6e00 recvbuff 0x7fd927dd8600 count 8196 datatype 0 op 0 root 0 comm 0x7fd988002f70 [nranks=4] stream 0xc62dd60
ai:487636:487636 [2] NCCL INFO AllGather: opCount 0 sendbuff 0x7fc0607f2400 recvbuff 0x7fc06bb40400 count 516 datatype 0 op 0 root 0 comm 0x7fc0c8002f70 [nranks=4] stream 0x6b591b0
ai:487637:487637 [3] NCCL INFO AllGather: opCount 0 sendbuff 0x7f42dc1d0200 recvbuff 0x7f42dc1d0c00 count 2052 datatype 0 op 0 root 0 comm 0x7f4344002f70 [nranks=4] stream 0xcad1e40
ai:487634:487634 [0] NCCL INFO AllGather: opCount 0 sendbuff 0x7fd9203fe400 recvbuff 0x7fd927de0800 count 4100 datatype 0 op 0 root 0 comm 0x7fd988002f70 [nranks=4] stream 0xc62dd60
ai:487636:487636 [2] NCCL INFO AllGather: opCount 0 sendbuff 0x7fc06bb41200 recvbuff 0x7fc06bb41600 count 516 datatype 0 op 0 root 0 comm 0x7fc0c8002f70 [nranks=4] stream 0x6b591b0
ai:487637:487637 [3] NCCL INFO AllGather: opCount 0 sendbuff 0x7f42dc1d3200 recvbuff 0x7f42dc1d3600 count 516 datatype 0 op 0 root 0 comm 0x7f4344002f70 [nranks=4] stream 0xcad1e40
ai:487634:487634 [0] NCCL INFO AllGather: opCount 0 sendbuff 0x7fd98d5f9e00 recvbuff 0x7fd927de4a00 count 4100 datatype 0 op 0 root 0 comm 0x7fd988002f70 [nranks=4] stream 0xc62dd60
ai:487636:487636 [2] NCCL INFO AllGather: opCount 0 sendbuff 0x7fc06bb42c00 recvbuff 0x7fc06bb43600 count 2052 datatype 0 op 0 root 0 comm 0x7fc0c8002f70 [nranks=4] stream 0x6b591b0
ai:487637:487637 [3] NCCL INFO AllGather: opCount 0 sendbuff 0x7f42dc1d4400 recvbuff 0x7f42dc1d4800 count 516 datatype 0 op 0 root 0 comm 0x7f4344002f70 [nranks=4] stream 0xcad1e40
ai:487634:487634 [0] NCCL INFO AllGather: opCount 0 sendbuff 0x7fd927de8c00 recvbuff 0x7fd927dece00 count 16388 datatype 0 op 0 root 0 comm 0x7fd988002f70 [nranks=4] stream 0xc62dd60
ai:487636:487636 [2] NCCL INFO AllGather: opCount 0 sendbuff 0x7fc06bb46000 recvbuff 0x7fc06bb46600 count 1028 datatype 0 op 0 root 0 comm 0x7fc0c8002f70 [nranks=4] stream 0x6b591b0
ai:487637:487637 [3] NCCL INFO AllGather: opCount 0 sendbuff 0x7f42dc1d5e00 recvbuff 0x7f42dc1d6800 count 2052 datatype 0 op 0 root 0 comm 0x7f4344002f70 [nranks=4] stream 0xcad1e40
ai:487636:487636 [2] NCCL INFO AllGather: opCount 0 sendbuff 0x7fc06bb47a00 recvbuff 0x7fc06bde0000 count 1028 datatype 0 op 0 root 0 comm 0x7fc0c8002f70 [nranks=4] stream 0x6b591b0
ai:487634:487634 [0] NCCL INFO AllGather: opCount 0 sendbuff 0x7fd8e71c0000 recvbuff 0x7fd8e71c4200 count 16388 datatype 0 op 0 root 0 comm 0x7fd988002f70 [nranks=4] stream 0xc62dd60
ai:487637:487637 [3] NCCL INFO AllGather: opCount 0 sendbuff 0x7f42dc1d5a00 recvbuff 0x7f42dc1d9200 count 516 datatype 0 op 0 root 0 comm 0x7f4344002f70 [nranks=4] stream 0xcad1e40
ai:487636:487636 [2] NCCL INFO AllGather: opCount 0 sendbuff 0x7fc06bde2600 recvbuff 0x7fc06bde3800 count 4100 datatype 0 op 0 root 0 comm 0x7fc0c8002f70 [nranks=4] stream 0x6b591b0
ai:487634:487634 [0] NCCL INFO AllGather: opCount 0 sendbuff 0x7fd997ff2400 recvbuff 0x7fd8e71f4400 count 4100 datatype 0 op 0 root 0 comm 0x7fd988002f70 [nranks=4] stream 0xc62dd60
ai:487637:487637 [3] NCCL INFO AllGather: opCount 0 sendbuff 0x7f42dc1da200 recvbuff 0x7f42dc1da600 count 516 datatype 0 op 0 root 0 comm 0x7f4344002f70 [nranks=4] stream 0xcad1e40
ai:487636:487636 [2] NCCL INFO AllGather: opCount 0 sendbuff 0x7fc06bde8a00 recvbuff 0x7fc061dd3800 count 4100 datatype 0 op 0 root 0 comm 0x7fc0c8002f70 [nranks=4] stream 0x6b591b0
ai:487634:487634 [0] NCCL INFO AllGather: opCount 0 sendbuff 0x7fd9271fe800 recvbuff 0x7fd8e71f8600 count 4100 datatype 0 op 0 root 0 comm 0x7fd988002f70 [nranks=4] stream 0xc62dd60
ai:487637:487637 [3] NCCL INFO AllGather: opCount 0 sendbuff 0x7f42dc1dbc00 recvbuff 0x7f42dc1dc600 count 2052 datatype 0 op 0 root 0 comm 0x7f4344002f70 [nranks=4] stream 0xcad1e40
ai:487636:487636 [2] NCCL INFO AllGather: opCount 0 sendbuff 0x7fc06bde1600 recvbuff 0x7fc061dd7a00 count 1028 datatype 0 op 0 root 0 comm 0x7fc0c8002f70 [nranks=4] stream 0x6b591b0
ai:487634:487634 [0] NCCL INFO AllGather: opCount 0 sendbuff 0x7fd8e73e0000 recvbuff 0x7fd8e73e4200 count 16388 datatype 0 op 0 root 0 comm 0x7fd988002f70 [nranks=4] stream 0xc62dd60
ai:487637:487637 [3] NCCL INFO AllGather: opCount 0 sendbuff 0x7f42dc1df000 recvbuff 0x7f42dc1df600 count 1028 datatype 0 op 0 root 0 comm 0x7f4344002f70 [nranks=4] stream 0xcad1e40
ai:487634:487634 [0] NCCL INFO AllGather: opCount 0 sendbuff 0x7fd9235fb000 recvbuff 0x7fd8e73f8400 count 4100 datatype 0 op 0 root 0 comm 0x7fd988002f70 [nranks=4] stream 0xc62dd60
ai:487636:487636 [2] NCCL INFO AllGather: opCount 0 sendbuff 0x7fc06bde1e00 recvbuff 0x7fc061dd8c00 count 1028 datatype 0 op 0 root 0 comm 0x7fc0c8002f70 [nranks=4] stream 0x6b591b0
ai:487637:487637 [3] NCCL INFO AllGather: opCount 0 sendbuff 0x7f42dc1e0a00 recvbuff 0x7f42dc1e1000 count 1028 datatype 0 op 0 root 0 comm 0x7f4344002f70 [nranks=4] stream 0xcad1e40
ai:487634:487634 [0] NCCL INFO AllGather: opCount 0 sendbuff 0x7fd8e71fc800 recvbuff 0x7fd8e74e0000 count 4100 datatype 0 op 0 root 0 comm 0x7fd988002f70 [nranks=4] stream 0xc62dd60
ai:487636:487636 [2] NCCL INFO AllGather: opCount 0 sendbuff 0x7fc061ddb000 recvbuff 0x7fc061ddc200 count 4100 datatype 0 op 0 root 0 comm 0x7fc0c8002f70 [nranks=4] stream 0x6b591b0
ai:487637:487637 [3] NCCL INFO AllGather: opCount 0 sendbuff 0x7f42dc1e3600 recvbuff 0x7f42dc1e4800 count 4100 datatype 0 op 0 root 0 comm 0x7f4344002f70 [nranks=4] stream 0xcad1e40
ai:487634:487634 [0] NCCL INFO AllGather: opCount 0 sendbuff 0x7fd8e7586200 recvbuff 0x7fd8e758a400 count 16388 datatype 0 op 0 root 0 comm 0x7fd988002f70 [nranks=4] stream 0xc62dd60
ai:487637:487637 [3] NCCL INFO AllGather: opCount 0 sendbuff 0x7f42dc1e9a00 recvbuff 0x7f42dc1eac00 count 4100 datatype 0 op 0 root 0 comm 0x7f4344002f70 [nranks=4] stream 0xcad1e40
ai:487636:487636 [2] NCCL INFO AllGather: opCount 0 sendbuff 0x7fc061dda000 recvbuff 0x7fc0d99a4000 count 1028 datatype 0 op 0 root 0 comm 0x7fc0c8002f70 [nranks=4] stream 0x6b591b0
ai:487637:487637 [3] NCCL INFO AllGather: opCount 0 sendbuff 0x7f42dc1e2c00 recvbuff 0x7f42dc1efe00 count 1028 datatype 0 op 0 root 0 comm 0x7f4344002f70 [nranks=4] stream 0xcad1e40
ai:487636:487636 [2] NCCL INFO AllGather: opCount 0 sendbuff 0x7fc0d99a5200 recvbuff 0x7fc0d99a5800 count 1028 datatype 0 op 0 root 0 comm 0x7fc0c8002f70 [nranks=4] stream 0x6b591b0
ai:487637:487637 [3] NCCL INFO AllGather: opCount 0 sendbuff 0x7f42dc1f1200 recvbuff 0x7f42dc1f1800 count 1028 datatype 0 op 0 root 0 comm 0x7f4344002f70 [nranks=4] stream 0xcad1e40
ai:487636:487636 [2] NCCL INFO AllGather: opCount 0 sendbuff 0x7fc0d99a7a00 recvbuff 0x7fc0d99a8c00 count 4100 datatype 0 op 0 root 0 comm 0x7fc0c8002f70 [nranks=4] stream 0x6b591b0
ai:487637:487637 [3] NCCL INFO AllGather: opCount 0 sendbuff 0x7f42dc1f3e00 recvbuff 0x7f42dc1f5000 count 4100 datatype 0 op 0 root 0 comm 0x7f4344002f70 [nranks=4] stream 0xcad1e40
ai:487636:487636 [2] NCCL INFO AllGather: opCount 0 sendbuff 0x7fc0d99a6e00 recvbuff 0x7fc0d99ade00 count 1028 datatype 0 op 0 root 0 comm 0x7fc0c8002f70 [nranks=4] stream 0x6b591b0
ai:487634:487634 [0] NCCL INFO AllGather: opCount 0 sendbuff 0x7fd8e759e600 recvbuff 0x7fd8e75ce600 count 32768 datatype 0 op 0 root 0 comm 0x7fd988002f70 [nranks=4] stream 0xc62dd60
ai:487637:487637 [3] NCCL INFO AllGather: opCount 0 sendbuff 0x7f42dc1f3200 recvbuff 0x7f42dc1fa200 count 1028 datatype 0 op 0 root 0 comm 0x7f4344002f70 [nranks=4] stream 0xcad1e40
ai:487634:487634 [0] NCCL INFO AllGather: opCount 0 sendbuff 0x7fd8e75a6600 recvbuff 0x7fd8e7830000 count 32768 datatype 0 op 0 root 0 comm 0x7fd988002f70 [nranks=4] stream 0xc62dd60
ai:487636:487636 [2] NCCL INFO AllGather: opCount 0 sendbuff 0x7fc0d99af000 recvbuff 0x7fc0d99af600 count 1028 datatype 0 op 0 root 0 comm 0x7fc0c8002f70 [nranks=4] stream 0x6b591b0
ai:487637:487637 [3] NCCL INFO AllGather: opCount 0 sendbuff 0x7f42dc1fb400 recvbuff 0x7f42dc1fba00 count 1028 datatype 0 op 0 root 0 comm 0x7f4344002f70 [nranks=4] stream 0xcad1e40
ai:487636:487636 [2] NCCL INFO AllGather: opCount 0 sendbuff 0x7fc0d99b1c00 recvbuff 0x7fc058fe8000 count 4100 datatype 0 op 0 root 0 comm 0x7fc0c8002f70 [nranks=4] stream 0x6b591b0
ai:487637:487637 [3] NCCL INFO AllGather: opCount 0 sendbuff 0x7f42dc1fe000 recvbuff 0x7f42dc3c0000 count 4100 datatype 0 op 0 root 0 comm 0x7f4344002f70 [nranks=4] stream 0xcad1e40
ai:487636:487636 [2] NCCL INFO AllGather: opCount 0 sendbuff 0x7fc0d99b1000 recvbuff 0x7fc058fed200 count 2052 datatype 0 op 0 root 0 comm 0x7fc0c8002f70 [nranks=4] stream 0x6b591b0
ai:487637:487637 [3] NCCL INFO AllGather: opCount 0 sendbuff 0x7f42dc1fd000 recvbuff 0x7f42dc3c4a00 count 1028 datatype 0 op 0 root 0 comm 0x7f4344002f70 [nranks=4] stream 0xcad1e40
ai:487636:487636 [2] NCCL INFO AllGather: opCount 0 sendbuff 0x7fc058fefc00 recvbuff 0x7fc058ff0600 count 2052 datatype 0 op 0 root 0 comm 0x7fc0c8002f70 [nranks=4] stream 0x6b591b0
ai:487637:487637 [3] NCCL INFO AllGather: opCount 0 sendbuff 0x7f42dc1fda00 recvbuff 0x7f42dc3c5c00 count 1028 datatype 0 op 0 root 0 comm 0x7f4344002f70 [nranks=4] stream 0xcad1e40
ai:487636:487636 [2] NCCL INFO AllGather: opCount 0 sendbuff 0x7fc058ff5000 recvbuff 0x7fc058ff7200 count 8196 datatype 0 op 0 root 0 comm 0x7fc0c8002f70 [nranks=4] stream 0x6b591b0
ai:487637:487637 [3] NCCL INFO AllGather: opCount 0 sendbuff 0x7f42dc3c8200 recvbuff 0x7f42dc3c9400 count 4100 datatype 0 op 0 root 0 comm 0x7f4344002f70 [nranks=4] stream 0xcad1e40
ai:487636:487636 [2] NCCL INFO AllGather: opCount 0 sendbuff 0x7fc0699e2000 recvbuff 0x7fc0699e4200 count 8196 datatype 0 op 0 root 0 comm 0x7fc0c8002f70 [nranks=4] stream 0x6b591b0
ai:487637:487637 [3] NCCL INFO AllGather: opCount 0 sendbuff 0x7f42dc3ce600 recvbuff 0x7f42dc3cf000 count 2052 datatype 0 op 0 root 0 comm 0x7f4344002f70 [nranks=4] stream 0xcad1e40
ai:487636:487636 [2] NCCL INFO AllGather: opCount 0 sendbuff 0x7fc058ff3000 recvbuff 0x7fc0699ee400 count 2052 datatype 0 op 0 root 0 comm 0x7fc0c8002f70 [nranks=4] stream 0x6b591b0
ai:487637:487637 [3] NCCL INFO AllGather: opCount 0 sendbuff 0x7f42dc3d1600 recvbuff 0x7f42dc3d2000 count 2052 datatype 0 op 0 root 0 comm 0x7f4344002f70 [nranks=4] stream 0xcad1e40
ai:487636:487636 [2] NCCL INFO AllGather: opCount 0 sendbuff 0x7fc058ff3e00 recvbuff 0x7fc0699f0600 count 2052 datatype 0 op 0 root 0 comm 0x7fc0c8002f70 [nranks=4] stream 0x6b591b0
ai:487637:487637 [3] NCCL INFO AllGather: opCount 0 sendbuff 0x7f42dc3d6a00 recvbuff 0x7f42dc3d8c00 count 8196 datatype 0 op 0 root 0 comm 0x7f4344002f70 [nranks=4] stream 0xcad1e40
ai:487637:487637 [3] NCCL INFO AllGather: opCount 0 sendbuff 0x7f42dc3e2e00 recvbuff 0x7f42dc3e5000 count 8196 datatype 0 op 0 root 0 comm 0x7f4344002f70 [nranks=4] stream 0xcad1e40
ai:487636:487636 [2] NCCL INFO AllGather: opCount 0 sendbuff 0x7fc0699f4800 recvbuff 0x7fc06b780000 count 8196 datatype 0 op 0 root 0 comm 0x7fc0c8002f70 [nranks=4] stream 0x6b591b0
ai:487637:487637 [3] NCCL INFO AllGather: opCount 0 sendbuff 0x7f42dc3d4e00 recvbuff 0x7f42dc3ef200 count 2052 datatype 0 op 0 root 0 comm 0x7f4344002f70 [nranks=4] stream 0xcad1e40
ai:487637:487637 [3] NCCL INFO AllGather: opCount 0 sendbuff 0x7f42dc3f1400 recvbuff 0x7f42dc3f1e00 count 2052 datatype 0 op 0 root 0 comm 0x7f4344002f70 [nranks=4] stream 0xcad1e40
ai:487636:487636 [2] NCCL INFO AllGather: opCount 0 sendbuff 0x7fc0699f2a00 recvbuff 0x7fc0699f8a00 count 2052 datatype 0 op 0 root 0 comm 0x7fc0c8002f70 [nranks=4] stream 0x6b591b0
ai:487637:487637 [3] NCCL INFO AllGather: opCount 0 sendbuff 0x7f42dc3f6400 recvbuff 0x7f42e5980000 count 8196 datatype 0 op 0 root 0 comm 0x7f4344002f70 [nranks=4] stream 0xcad1e40
ai:487637:487637 [3] NCCL INFO AllGather: opCount 0 sendbuff 0x7f42dc3f4400 recvbuff 0x7f42dc3fa600 count 2052 datatype 0 op 0 root 0 comm 0x7f4344002f70 [nranks=4] stream 0xcad1e40
ai:487636:487636 [2] NCCL INFO AllGather: opCount 0 sendbuff 0x7fc0699fac00 recvbuff 0x7fc0699fb600 count 2052 datatype 0 op 0 root 0 comm 0x7fc0c8002f70 [nranks=4] stream 0x6b591b0
ai:487637:487637 [3] NCCL INFO AllGather: opCount 0 sendbuff 0x7f42dc3f5a00 recvbuff 0x7f42dc3fc800 count 2052 datatype 0 op 0 root 0 comm 0x7f4344002f70 [nranks=4] stream 0xcad1e40
ai:487637:487637 [3] NCCL INFO AllGather: opCount 0 sendbuff 0x7f42e59ca200 recvbuff 0x7f42e59cc400 count 8196 datatype 0 op 0 root 0 comm 0x7f4344002f70 [nranks=4] stream 0xcad1e40
ai:487636:487636 [2] NCCL INFO AllGather: opCount 0 sendbuff 0x7fc06b7ca200 recvbuff 0x7fc06b7cc400 count 8196 datatype 0 op 0 root 0 comm 0x7fc0c8002f70 [nranks=4] stream 0x6b591b0
ai:487637:487637 [3] NCCL INFO AllGather: opCount 0 sendbuff 0x7f42dc3ff600 recvbuff 0x7f42e59d6600 count 2052 datatype 0 op 0 root 0 comm 0x7f4344002f70 [nranks=4] stream 0xcad1e40
ai:487637:487637 [3] NCCL INFO AllGather: opCount 0 sendbuff 0x7f42e59c8a00 recvbuff 0x7f42e59d8800 count 2052 datatype 0 op 0 root 0 comm 0x7f4344002f70 [nranks=4] stream 0xcad1e40
ai:487636:487636 [2] NCCL INFO AllGather: opCount 0 sendbuff 0x7fc0699fdc00 recvbuff 0x7fc06b7d6600 count 2052 datatype 0 op 0 root 0 comm 0x7fc0c8002f70 [nranks=4] stream 0x6b591b0
ai:487637:487637 [3] NCCL INFO AllGather: opCount 0 sendbuff 0x7f42e59dca00 recvbuff 0x7f42e59dec00 count 8196 datatype 0 op 0 root 0 comm 0x7f4344002f70 [nranks=4] stream 0xcad1e40
ai:487636:487636 [2] NCCL INFO AllGather: opCount 0 sendbuff 0x7fc06b7c8a00 recvbuff 0x7fc06b7d8800 count 2052 datatype 0 op 0 root 0 comm 0x7fc0c8002f70 [nranks=4] stream 0x6b591b0
ai:487636:487636 [2] NCCL INFO AllGather: opCount 0 sendbuff 0x7fc06b7dca00 recvbuff 0x7fc06b7dec00 count 8196 datatype 0 op 0 root 0 comm 0x7fc0c8002f70 [nranks=4] stream 0x6b591b0
ai:487636:487636 [2] NCCL INFO AllGather: opCount 0 sendbuff 0x7fc06b7daa00 recvbuff 0x7fc06b7e8e00 count 2052 datatype 0 op 0 root 0 comm 0x7fc0c8002f70 [nranks=4] stream 0x6b591b0
ai:487636:487636 [2] NCCL INFO AllGather: opCount 0 sendbuff 0x7fc06b7dc000 recvbuff 0x7fc06b7eb000 count 2052 datatype 0 op 0 root 0 comm 0x7fc0c8002f70 [nranks=4] stream 0x6b591b0
ai:487636:487636 [2] NCCL INFO AllGather: opCount 0 sendbuff 0x7fc06b7efa00 recvbuff 0x7fc06b7f1c00 count 8196 datatype 0 op 0 root 0 comm 0x7fc0c8002f70 [nranks=4] stream 0x6b591b0
ai:487636:487636 [2] NCCL INFO AllGather: opCount 0 sendbuff 0x7fc06b7ede00 recvbuff 0x7fc06b7fbe00 count 2052 datatype 0 op 0 root 0 comm 0x7fc0c8002f70 [nranks=4] stream 0x6b591b0
ai:487636:487636 [2] NCCL INFO AllGather: opCount 0 sendbuff 0x7fc06b7ef000 recvbuff 0x7fc02eb80000 count 2052 datatype 0 op 0 root 0 comm 0x7fc0c8002f70 [nranks=4] stream 0x6b591b0
ai:487636:487636 [2] NCCL INFO AllGather: opCount 0 sendbuff 0x7fc02ebc3200 recvbuff 0x7fc02ebc5400 count 8196 datatype 0 op 0 root 0 comm 0x7fc0c8002f70 [nranks=4] stream 0x6b591b0
ai:487636:487636 [2] NCCL INFO AllGather: opCount 0 sendbuff 0x7fc06b7fe800 recvbuff 0x7fc02ebcf600 count 4100 datatype 0 op 0 root 0 comm 0x7fc0c8002f70 [nranks=4] stream 0x6b591b0
ai:487636:487636 [2] NCCL INFO AllGather: opCount 0 sendbuff 0x7fc02ebf4800 recvbuff 0x7fc02ebf5a00 count 4100 datatype 0 op 0 root 0 comm 0x7fc0c8002f70 [nranks=4] stream 0x6b591b0
ai:487636:487636 [2] NCCL INFO AllGather: opCount 0 sendbuff 0x7fc02efa0000 recvbuff 0x7fc02efa4200 count 16388 datatype 0 op 0 root 0 comm 0x7fc0c8002f70 [nranks=4] stream 0x6b591b0
ai:487636:487636 [2] NCCL INFO AllGather: opCount 0 sendbuff 0x7fc02efb8400 recvbuff 0x7fc02efbc600 count 16388 datatype 0 op 0 root 0 comm 0x7fc0c8002f70 [nranks=4] stream 0x6b591b0
ai:487636:487636 [2] NCCL INFO AllGather: opCount 0 sendbuff 0x7fc02ebfac00 recvbuff 0x7fc02ebfbe00 count 4100 datatype 0 op 0 root 0 comm 0x7fc0c8002f70 [nranks=4] stream 0x6b591b0
ai:487636:487636 [2] NCCL INFO AllGather: opCount 0 sendbuff 0x7fc02eff1800 recvbuff 0x7fc02eff2a00 count 4100 datatype 0 op 0 root 0 comm 0x7fc0c8002f70 [nranks=4] stream 0x6b591b0
ai:487636:487636 [2] NCCL INFO AllGather: opCount 0 sendbuff 0x7fc02effbc00 recvbuff 0x7fc02f1e0000 count 16388 datatype 0 op 0 root 0 comm 0x7fc0c8002f70 [nranks=4] stream 0x6b591b0
ai:487636:487636 [2] NCCL INFO AllGather: opCount 0 sendbuff 0x7fc02eff7c00 recvbuff 0x7fc02f1f4200 count 4100 datatype 0 op 0 root 0 comm 0x7fc0c8002f70 [nranks=4] stream 0x6b591b0
ai:487636:487636 [2] NCCL INFO AllGather: opCount 0 sendbuff 0x7fc02effa600 recvbuff 0x7fc02f1f8400 count 4100 datatype 0 op 0 root 0 comm 0x7fc0c8002f70 [nranks=4] stream 0x6b591b0
ai:487636:487636 [2] NCCL INFO AllGather: opCount 0 sendbuff 0x7fc02f382000 recvbuff 0x7fc02f386200 count 16388 datatype 0 op 0 root 0 comm 0x7fc0c8002f70 [nranks=4] stream 0x6b591b0
ai:487636:487636 [2] NCCL INFO AllGather: opCount 0 sendbuff 0x7fc02f39a400 recvbuff 0x7fc02f3ca400 count 32768 datatype 0 op 0 root 0 comm 0x7fc0c8002f70 [nranks=4] stream 0x6b591b0
ai:487636:487636 [2] NCCL INFO AllGather: opCount 0 sendbuff 0x7fc02f3a2400 recvbuff 0x7fc02f630000 count 32768 datatype 0 op 0 root 0 comm 0x7fc0c8002f70 [nranks=4] stream 0x6b591b0
